###############################################################################
#
# IAR ELF Linker V8.40.2.214/W32 for ARM                  22/Nov/2025  09:57:53
# Copyright 2007-2019 IAR Systems AB.
#
#    Output file  =
#        D:\Saoviet_Git\Saoviet_EnviroTrack_M_And_S_RawWater\Project_Slave_Chemins_DO\Project_Slave_Sensor_EnviroTrack\EWARM\Project_Slave_Sensor_EnviroTrack\Exe\Project_Slave_Sensor_EnviroTrack.out
#    Map file     =
#        D:\Saoviet_Git\Saoviet_EnviroTrack_M_And_S_RawWater\Project_Slave_Chemins_DO\Project_Slave_Sensor_EnviroTrack\EWARM\Project_Slave_Sensor_EnviroTrack\List\Project_Slave_Sensor_EnviroTrack.map
#    Command line =
#        -f C:\Users\PC\AppData\Local\Temp\EW2023.tmp
#        (D:\Saoviet_Git\Saoviet_EnviroTrack_M_And_S_RawWater\Project_Slave_Chemins_DO\Project_Slave_Sensor_EnviroTrack\EWARM\Project_Slave_Sensor_EnviroTrack\Obj\button.o
#        D:\Saoviet_Git\Saoviet_EnviroTrack_M_And_S_RawWater\Project_Slave_Chemins_DO\Project_Slave_Sensor_EnviroTrack\EWARM\Project_Slave_Sensor_EnviroTrack\Obj\dma.o
#        D:\Saoviet_Git\Saoviet_EnviroTrack_M_And_S_RawWater\Project_Slave_Chemins_DO\Project_Slave_Sensor_EnviroTrack\EWARM\Project_Slave_Sensor_EnviroTrack\Obj\event_driven.o
#        D:\Saoviet_Git\Saoviet_EnviroTrack_M_And_S_RawWater\Project_Slave_Chemins_DO\Project_Slave_Sensor_EnviroTrack\EWARM\Project_Slave_Sensor_EnviroTrack\Obj\glcd.o
#        D:\Saoviet_Git\Saoviet_EnviroTrack_M_And_S_RawWater\Project_Slave_Chemins_DO\Project_Slave_Sensor_EnviroTrack\EWARM\Project_Slave_Sensor_EnviroTrack\Obj\gpio.o
#        D:\Saoviet_Git\Saoviet_EnviroTrack_M_And_S_RawWater\Project_Slave_Chemins_DO\Project_Slave_Sensor_EnviroTrack\EWARM\Project_Slave_Sensor_EnviroTrack\Obj\graphics.o
#        D:\Saoviet_Git\Saoviet_EnviroTrack_M_And_S_RawWater\Project_Slave_Chemins_DO\Project_Slave_Sensor_EnviroTrack\EWARM\Project_Slave_Sensor_EnviroTrack\Obj\graphs.o
#        D:\Saoviet_Git\Saoviet_EnviroTrack_M_And_S_RawWater\Project_Slave_Chemins_DO\Project_Slave_Sensor_EnviroTrack\EWARM\Project_Slave_Sensor_EnviroTrack\Obj\lcd_display.o
#        D:\Saoviet_Git\Saoviet_EnviroTrack_M_And_S_RawWater\Project_Slave_Chemins_DO\Project_Slave_Sensor_EnviroTrack\EWARM\Project_Slave_Sensor_EnviroTrack\Obj\main.o
#        D:\Saoviet_Git\Saoviet_EnviroTrack_M_And_S_RawWater\Project_Slave_Chemins_DO\Project_Slave_Sensor_EnviroTrack\EWARM\Project_Slave_Sensor_EnviroTrack\Obj\NT75451.o
#        D:\Saoviet_Git\Saoviet_EnviroTrack_M_And_S_RawWater\Project_Slave_Chemins_DO\Project_Slave_Sensor_EnviroTrack\EWARM\Project_Slave_Sensor_EnviroTrack\Obj\onchipflash.o
#        D:\Saoviet_Git\Saoviet_EnviroTrack_M_And_S_RawWater\Project_Slave_Chemins_DO\Project_Slave_Sensor_EnviroTrack\EWARM\Project_Slave_Sensor_EnviroTrack\Obj\PCD8544.o
#        D:\Saoviet_Git\Saoviet_EnviroTrack_M_And_S_RawWater\Project_Slave_Chemins_DO\Project_Slave_Sensor_EnviroTrack\EWARM\Project_Slave_Sensor_EnviroTrack\Obj\queue_p.o
#        D:\Saoviet_Git\Saoviet_EnviroTrack_M_And_S_RawWater\Project_Slave_Chemins_DO\Project_Slave_Sensor_EnviroTrack\EWARM\Project_Slave_Sensor_EnviroTrack\Obj\rtc.o
#        D:\Saoviet_Git\Saoviet_EnviroTrack_M_And_S_RawWater\Project_Slave_Chemins_DO\Project_Slave_Sensor_EnviroTrack\EWARM\Project_Slave_Sensor_EnviroTrack\Obj\spi.o
#        D:\Saoviet_Git\Saoviet_EnviroTrack_M_And_S_RawWater\Project_Slave_Chemins_DO\Project_Slave_Sensor_EnviroTrack\EWARM\Project_Slave_Sensor_EnviroTrack\Obj\ST7565R.o
#        D:\Saoviet_Git\Saoviet_EnviroTrack_M_And_S_RawWater\Project_Slave_Chemins_DO\Project_Slave_Sensor_EnviroTrack\EWARM\Project_Slave_Sensor_EnviroTrack\Obj\startup_stm32l433xx.o
#        D:\Saoviet_Git\Saoviet_EnviroTrack_M_And_S_RawWater\Project_Slave_Chemins_DO\Project_Slave_Sensor_EnviroTrack\EWARM\Project_Slave_Sensor_EnviroTrack\Obj\STM32F0xx.o
#        D:\Saoviet_Git\Saoviet_EnviroTrack_M_And_S_RawWater\Project_Slave_Chemins_DO\Project_Slave_Sensor_EnviroTrack\EWARM\Project_Slave_Sensor_EnviroTrack\Obj\STM32F10x.o
#        D:\Saoviet_Git\Saoviet_EnviroTrack_M_And_S_RawWater\Project_Slave_Chemins_DO\Project_Slave_Sensor_EnviroTrack\EWARM\Project_Slave_Sensor_EnviroTrack\Obj\STM32F4.o
#        D:\Saoviet_Git\Saoviet_EnviroTrack_M_And_S_RawWater\Project_Slave_Chemins_DO\Project_Slave_Sensor_EnviroTrack\EWARM\Project_Slave_Sensor_EnviroTrack\Obj\STM32L4.o
#        D:\Saoviet_Git\Saoviet_EnviroTrack_M_And_S_RawWater\Project_Slave_Chemins_DO\Project_Slave_Sensor_EnviroTrack\EWARM\Project_Slave_Sensor_EnviroTrack\Obj\stm32l4xx_hal.o
#        D:\Saoviet_Git\Saoviet_EnviroTrack_M_And_S_RawWater\Project_Slave_Chemins_DO\Project_Slave_Sensor_EnviroTrack\EWARM\Project_Slave_Sensor_EnviroTrack\Obj\stm32l4xx_hal_cortex.o
#        D:\Saoviet_Git\Saoviet_EnviroTrack_M_And_S_RawWater\Project_Slave_Chemins_DO\Project_Slave_Sensor_EnviroTrack\EWARM\Project_Slave_Sensor_EnviroTrack\Obj\stm32l4xx_hal_dma.o
#        D:\Saoviet_Git\Saoviet_EnviroTrack_M_And_S_RawWater\Project_Slave_Chemins_DO\Project_Slave_Sensor_EnviroTrack\EWARM\Project_Slave_Sensor_EnviroTrack\Obj\stm32l4xx_hal_dma_ex.o
#        D:\Saoviet_Git\Saoviet_EnviroTrack_M_And_S_RawWater\Project_Slave_Chemins_DO\Project_Slave_Sensor_EnviroTrack\EWARM\Project_Slave_Sensor_EnviroTrack\Obj\stm32l4xx_hal_exti.o
#        D:\Saoviet_Git\Saoviet_EnviroTrack_M_And_S_RawWater\Project_Slave_Chemins_DO\Project_Slave_Sensor_EnviroTrack\EWARM\Project_Slave_Sensor_EnviroTrack\Obj\stm32l4xx_hal_flash.o
#        D:\Saoviet_Git\Saoviet_EnviroTrack_M_And_S_RawWater\Project_Slave_Chemins_DO\Project_Slave_Sensor_EnviroTrack\EWARM\Project_Slave_Sensor_EnviroTrack\Obj\stm32l4xx_hal_flash_ex.o
#        D:\Saoviet_Git\Saoviet_EnviroTrack_M_And_S_RawWater\Project_Slave_Chemins_DO\Project_Slave_Sensor_EnviroTrack\EWARM\Project_Slave_Sensor_EnviroTrack\Obj\stm32l4xx_hal_flash_ramfunc.o
#        D:\Saoviet_Git\Saoviet_EnviroTrack_M_And_S_RawWater\Project_Slave_Chemins_DO\Project_Slave_Sensor_EnviroTrack\EWARM\Project_Slave_Sensor_EnviroTrack\Obj\stm32l4xx_hal_gpio.o
#        D:\Saoviet_Git\Saoviet_EnviroTrack_M_And_S_RawWater\Project_Slave_Chemins_DO\Project_Slave_Sensor_EnviroTrack\EWARM\Project_Slave_Sensor_EnviroTrack\Obj\stm32l4xx_hal_i2c.o
#        D:\Saoviet_Git\Saoviet_EnviroTrack_M_And_S_RawWater\Project_Slave_Chemins_DO\Project_Slave_Sensor_EnviroTrack\EWARM\Project_Slave_Sensor_EnviroTrack\Obj\stm32l4xx_hal_i2c_ex.o
#        D:\Saoviet_Git\Saoviet_EnviroTrack_M_And_S_RawWater\Project_Slave_Chemins_DO\Project_Slave_Sensor_EnviroTrack\EWARM\Project_Slave_Sensor_EnviroTrack\Obj\stm32l4xx_hal_msp.o
#        D:\Saoviet_Git\Saoviet_EnviroTrack_M_And_S_RawWater\Project_Slave_Chemins_DO\Project_Slave_Sensor_EnviroTrack\EWARM\Project_Slave_Sensor_EnviroTrack\Obj\stm32l4xx_hal_pwr.o
#        D:\Saoviet_Git\Saoviet_EnviroTrack_M_And_S_RawWater\Project_Slave_Chemins_DO\Project_Slave_Sensor_EnviroTrack\EWARM\Project_Slave_Sensor_EnviroTrack\Obj\stm32l4xx_hal_pwr_ex.o
#        D:\Saoviet_Git\Saoviet_EnviroTrack_M_And_S_RawWater\Project_Slave_Chemins_DO\Project_Slave_Sensor_EnviroTrack\EWARM\Project_Slave_Sensor_EnviroTrack\Obj\stm32l4xx_hal_rcc.o
#        D:\Saoviet_Git\Saoviet_EnviroTrack_M_And_S_RawWater\Project_Slave_Chemins_DO\Project_Slave_Sensor_EnviroTrack\EWARM\Project_Slave_Sensor_EnviroTrack\Obj\stm32l4xx_hal_rcc_ex.o
#        D:\Saoviet_Git\Saoviet_EnviroTrack_M_And_S_RawWater\Project_Slave_Chemins_DO\Project_Slave_Sensor_EnviroTrack\EWARM\Project_Slave_Sensor_EnviroTrack\Obj\stm32l4xx_hal_rtc.o
#        D:\Saoviet_Git\Saoviet_EnviroTrack_M_And_S_RawWater\Project_Slave_Chemins_DO\Project_Slave_Sensor_EnviroTrack\EWARM\Project_Slave_Sensor_EnviroTrack\Obj\stm32l4xx_hal_rtc_ex.o
#        D:\Saoviet_Git\Saoviet_EnviroTrack_M_And_S_RawWater\Project_Slave_Chemins_DO\Project_Slave_Sensor_EnviroTrack\EWARM\Project_Slave_Sensor_EnviroTrack\Obj\stm32l4xx_hal_spi.o
#        D:\Saoviet_Git\Saoviet_EnviroTrack_M_And_S_RawWater\Project_Slave_Chemins_DO\Project_Slave_Sensor_EnviroTrack\EWARM\Project_Slave_Sensor_EnviroTrack\Obj\stm32l4xx_hal_spi_ex.o
#        D:\Saoviet_Git\Saoviet_EnviroTrack_M_And_S_RawWater\Project_Slave_Chemins_DO\Project_Slave_Sensor_EnviroTrack\EWARM\Project_Slave_Sensor_EnviroTrack\Obj\stm32l4xx_hal_uart.o
#        D:\Saoviet_Git\Saoviet_EnviroTrack_M_And_S_RawWater\Project_Slave_Chemins_DO\Project_Slave_Sensor_EnviroTrack\EWARM\Project_Slave_Sensor_EnviroTrack\Obj\stm32l4xx_hal_uart_ex.o
#        D:\Saoviet_Git\Saoviet_EnviroTrack_M_And_S_RawWater\Project_Slave_Chemins_DO\Project_Slave_Sensor_EnviroTrack\EWARM\Project_Slave_Sensor_EnviroTrack\Obj\stm32l4xx_it.o
#        D:\Saoviet_Git\Saoviet_EnviroTrack_M_And_S_RawWater\Project_Slave_Chemins_DO\Project_Slave_Sensor_EnviroTrack\EWARM\Project_Slave_Sensor_EnviroTrack\Obj\system_stm32l4xx.o
#        D:\Saoviet_Git\Saoviet_EnviroTrack_M_And_S_RawWater\Project_Slave_Chemins_DO\Project_Slave_Sensor_EnviroTrack\EWARM\Project_Slave_Sensor_EnviroTrack\Obj\text.o
#        D:\Saoviet_Git\Saoviet_EnviroTrack_M_And_S_RawWater\Project_Slave_Chemins_DO\Project_Slave_Sensor_EnviroTrack\EWARM\Project_Slave_Sensor_EnviroTrack\Obj\text_tiny.o
#        D:\Saoviet_Git\Saoviet_EnviroTrack_M_And_S_RawWater\Project_Slave_Chemins_DO\Project_Slave_Sensor_EnviroTrack\EWARM\Project_Slave_Sensor_EnviroTrack\Obj\unit_tests.o
#        D:\Saoviet_Git\Saoviet_EnviroTrack_M_And_S_RawWater\Project_Slave_Chemins_DO\Project_Slave_Sensor_EnviroTrack\EWARM\Project_Slave_Sensor_EnviroTrack\Obj\usart.o
#        D:\Saoviet_Git\Saoviet_EnviroTrack_M_And_S_RawWater\Project_Slave_Chemins_DO\Project_Slave_Sensor_EnviroTrack\EWARM\Project_Slave_Sensor_EnviroTrack\Obj\user_adv_trace.o
#        D:\Saoviet_Git\Saoviet_EnviroTrack_M_And_S_RawWater\Project_Slave_Chemins_DO\Project_Slave_Sensor_EnviroTrack\EWARM\Project_Slave_Sensor_EnviroTrack\Obj\user_app_comm.o
#        D:\Saoviet_Git\Saoviet_EnviroTrack_M_And_S_RawWater\Project_Slave_Chemins_DO\Project_Slave_Sensor_EnviroTrack\EWARM\Project_Slave_Sensor_EnviroTrack\Obj\user_app_modbus_rtu.o
#        D:\Saoviet_Git\Saoviet_EnviroTrack_M_And_S_RawWater\Project_Slave_Chemins_DO\Project_Slave_Sensor_EnviroTrack\EWARM\Project_Slave_Sensor_EnviroTrack\Obj\user_app_rs485.o
#        D:\Saoviet_Git\Saoviet_EnviroTrack_M_And_S_RawWater\Project_Slave_Chemins_DO\Project_Slave_Sensor_EnviroTrack\EWARM\Project_Slave_Sensor_EnviroTrack\Obj\user_app_sensor.o
#        D:\Saoviet_Git\Saoviet_EnviroTrack_M_And_S_RawWater\Project_Slave_Chemins_DO\Project_Slave_Sensor_EnviroTrack\EWARM\Project_Slave_Sensor_EnviroTrack\Obj\user_at_serial.o
#        D:\Saoviet_Git\Saoviet_EnviroTrack_M_And_S_RawWater\Project_Slave_Chemins_DO\Project_Slave_Sensor_EnviroTrack\EWARM\Project_Slave_Sensor_EnviroTrack\Obj\user_connect_sensor.o
#        D:\Saoviet_Git\Saoviet_EnviroTrack_M_And_S_RawWater\Project_Slave_Chemins_DO\Project_Slave_Sensor_EnviroTrack\EWARM\Project_Slave_Sensor_EnviroTrack\Obj\user_convert_variable.o
#        D:\Saoviet_Git\Saoviet_EnviroTrack_M_And_S_RawWater\Project_Slave_Chemins_DO\Project_Slave_Sensor_EnviroTrack\EWARM\Project_Slave_Sensor_EnviroTrack\Obj\user_internal_mem.o
#        D:\Saoviet_Git\Saoviet_EnviroTrack_M_And_S_RawWater\Project_Slave_Chemins_DO\Project_Slave_Sensor_EnviroTrack\EWARM\Project_Slave_Sensor_EnviroTrack\Obj\user_mem_comm.o
#        D:\Saoviet_Git\Saoviet_EnviroTrack_M_And_S_RawWater\Project_Slave_Chemins_DO\Project_Slave_Sensor_EnviroTrack\EWARM\Project_Slave_Sensor_EnviroTrack\Obj\user_modbus_rtu.o
#        D:\Saoviet_Git\Saoviet_EnviroTrack_M_And_S_RawWater\Project_Slave_Chemins_DO\Project_Slave_Sensor_EnviroTrack\EWARM\Project_Slave_Sensor_EnviroTrack\Obj\user_obis_sv.o
#        D:\Saoviet_Git\Saoviet_EnviroTrack_M_And_S_RawWater\Project_Slave_Chemins_DO\Project_Slave_Sensor_EnviroTrack\EWARM\Project_Slave_Sensor_EnviroTrack\Obj\user_rs485.o
#        D:\Saoviet_Git\Saoviet_EnviroTrack_M_And_S_RawWater\Project_Slave_Chemins_DO\Project_Slave_Sensor_EnviroTrack\EWARM\Project_Slave_Sensor_EnviroTrack\Obj\user_rtc.o
#        D:\Saoviet_Git\Saoviet_EnviroTrack_M_And_S_RawWater\Project_Slave_Chemins_DO\Project_Slave_Sensor_EnviroTrack\EWARM\Project_Slave_Sensor_EnviroTrack\Obj\user_string.o
#        D:\Saoviet_Git\Saoviet_EnviroTrack_M_And_S_RawWater\Project_Slave_Chemins_DO\Project_Slave_Sensor_EnviroTrack\EWARM\Project_Slave_Sensor_EnviroTrack\Obj\user_time.o
#        D:\Saoviet_Git\Saoviet_EnviroTrack_M_And_S_RawWater\Project_Slave_Chemins_DO\Project_Slave_Sensor_EnviroTrack\EWARM\Project_Slave_Sensor_EnviroTrack\Obj\user_timer.o
#        D:\Saoviet_Git\Saoviet_EnviroTrack_M_And_S_RawWater\Project_Slave_Chemins_DO\Project_Slave_Sensor_EnviroTrack\EWARM\Project_Slave_Sensor_EnviroTrack\Obj\user_tiny_vsnprintf.o
#        D:\Saoviet_Git\Saoviet_EnviroTrack_M_And_S_RawWater\Project_Slave_Chemins_DO\Project_Slave_Sensor_EnviroTrack\EWARM\Project_Slave_Sensor_EnviroTrack\Obj\user_uart.o
#        D:\Saoviet_Git\Saoviet_EnviroTrack_M_And_S_RawWater\Project_Slave_Chemins_DO\Project_Slave_Sensor_EnviroTrack\EWARM\Project_Slave_Sensor_EnviroTrack\Obj\user_util.o
#        --no_out_extension -o
#        D:\Saoviet_Git\Saoviet_EnviroTrack_M_And_S_RawWater\Project_Slave_Chemins_DO\Project_Slave_Sensor_EnviroTrack\EWARM\Project_Slave_Sensor_EnviroTrack\Exe\Project_Slave_Sensor_EnviroTrack.out
#        --redirect _Printf=_PrintfFullNoMb --redirect _Scanf=_ScanfFullNoMb
#        --map
#        D:\Saoviet_Git\Saoviet_EnviroTrack_M_And_S_RawWater\Project_Slave_Chemins_DO\Project_Slave_Sensor_EnviroTrack\EWARM\Project_Slave_Sensor_EnviroTrack\List\Project_Slave_Sensor_EnviroTrack.map
#        --config
#        D:\Saoviet_Git\Saoviet_EnviroTrack_M_And_S_RawWater\Project_Slave_Chemins_DO\Project_Slave_Sensor_EnviroTrack\EWARM/stm32l433xx_flash.icf
#        --semihosting --entry __iar_program_start --vfe --text_out locale)
#
###############################################################################

*******************************************************************************
*** RUNTIME MODEL ATTRIBUTES
***

CppFlavor       = *
__Heap_Handler  = DLMalloc
__SystemLibrary = DLib
__dlib_version  = 6


*******************************************************************************
*** HEAP SELECTION
***

The advanced heap was selected because the application calls memory
allocation functions outside of system library functions, and there
are calls to deallocation functions in the application.


*******************************************************************************
*** PLACEMENT SUMMARY
***

"A0":  place at address 0x800'0000 { ro section .intvec };
"P1":  place in [from 0x800'0000 to 0x803'ffff] { ro };
define block CSTACK with size = 1K, alignment = 8 { };
define block HEAP with size = 512, alignment = 8 { };
"P2":  place in [from 0x2000'0000 to 0x2000'ffff] {
          rw, block CSTACK, block HEAP };
initialize by copy { rw };

  Section            Kind         Address    Size  Object
  -------            ----         -------    ----  ------
"A0":                                       0x18c
  .intvec            ro code   0x800'0000   0x18c  startup_stm32l433xx.o [1]
                             - 0x800'018c   0x18c

"P1":                                      0xe7e8
  .text              ro code   0x800'018c  0x11e0  user_app_sensor.o [1]
  .text              ro code   0x800'136c    0x54  event_driven.o [1]
  .text              ro code   0x800'13c0    0x66  ABImemset.o [4]
  .text              ro code   0x800'1426   0x350  user_modbus_rtu.o [1]
  .text              ro code   0x800'1776    0x3a  zero_init3.o [4]
  .text              ro code   0x800'17b0   0x380  stm32l4xx_hal_gpio.o [1]
  .text              ro code   0x800'1b30   0x39c  usart.o [1]
  .text              ro code   0x800'1ecc    0x74  user_connect_sensor.o [1]
  .text              ro code   0x800'1f40    0x48  FltToDbl.o [3]
  .text              ro code   0x800'1f88    0x1a  U32ToDbl.o [3]
  .text              ro code   0x800'1fa2     0xa  xsprout.o [2]
  .text              ro code   0x800'1fac    0x16  math_wrappers64.o [3]
  .rodata            const     0x800'1fc2     0x2  xlocale_c.o [2]
  .text              ro code   0x800'1fc4   0x246  DblDiv.o [3]
  .rodata            const     0x800'220a     0x1  xlocale_c.o [2]
  .text              ro code   0x800'220c    0x68  DblToFlt.o [3]
  .text              ro code   0x800'2274   0xad4  lcd_display.o [1]
  .text              ro code   0x800'2d48   0x21c  user_util.o [1]
  .text              ro code   0x800'2f64    0x28  stm32l4xx_hal.o [1]
  .text              ro code   0x800'2f8c   0xfc8  stm32l4xx_hal_uart.o [1]
  .text              ro code   0x800'3f54   0x40c  user_convert_variable.o [1]
  .text              ro code   0x800'4360   0x172  onchipflash.o [1]
  .text              ro code   0x800'44d4   0x7d4  user_app_modbus_rtu.o [1]
  .text              ro code   0x800'4ca8    0xa6  ABImemcpy.o [4]
  .text              ro code   0x800'4d50     0xc  stm32l4xx_hal.o [1]
  .text              ro code   0x800'4d5c    0xc2  main.o [1]
  .text              ro code   0x800'4e1e    0x14  memset.o [4]
  .text              ro code   0x800'4e34   0x4e8  stm32l4xx_hal_rcc_ex.o [1]
  .text              ro code   0x800'531c   0x422  stm32l4xx_hal_dma.o [1]
  .text              ro code   0x800'5740   0x194  stm32l4xx_hal_cortex.o [1]
  .text              ro code   0x800'58d4   0x6ec  pow64.o [3]
  .text              ro code   0x800'5fc0    0xa0  STM32L4.o [1]
  .text              ro code   0x800'6060   0x290  text_tiny.o [1]
  .text              ro code   0x800'62f0    0x14  unit_tests.o [1]
  .text              ro code   0x800'6304    0xe8  glcd.o [1]
  .text              ro code   0x800'63ec   0x158  ST7565R.o [1]
  .text              ro code   0x800'6544   0xd54  button.o [1]
  .text              ro code   0x800'7298    0x36  strlen.o [4]
  .text              ro code   0x800'72d0   0x390  text.o [1]
  .text              ro code   0x800'7660   0x200  graphics.o [1]
  .text              ro code   0x800'7860    0x22  S32ToDbl.o [3]
  .text              ro code   0x800'7884    0x40  sprintf.o [2]
  .text              ro code   0x800'78c4   0x128  user_uart.o [1]
  .text              ro code   0x800'79ec    0x72  stm32l4xx_hal_uart_ex.o [1]
  .text              ro code   0x800'7a60   0x9fc  stm32l4xx_hal_rcc.o [1]
  .text              ro code   0x800'845c   0x230  I64DivMod.o [4]
  .text              ro code   0x800'868c     0x2  stm32l4xx_hal_uart.o [1]
  .text              ro code   0x800'868e     0x2  stm32l4xx_hal_uart.o [1]
  .text              ro code   0x800'8690   0x1a2  DblMul.o [3]
  .text              ro code   0x800'8834   0x17a  DblAdd.o [3]
  .text              ro code   0x800'89b0    0x3a  DblToS32.o [3]
  .text              ro code   0x800'89ec   0x1b8  stm32l4xx_hal_flash.o [1]
  .text              ro code   0x800'8ba4    0xa0  stm32l4xx_hal_flash_ex.o [1]
  .text              ro code   0x800'8c44    0x24  stm32l4xx_hal.o [1]
  .text              ro code   0x800'8c68   0x1d0  gpio.o [1]
  .text              ro code   0x800'8e38    0x60  dma.o [1]
  .text              ro code   0x800'8e98   0x150  rtc.o [1]
  .text              ro code   0x800'8fe8    0xc8  spi.o [1]
  .text              ro code   0x800'90b0   0x4d8  user_app_comm.o [1]
  .text              ro code   0x800'9588    0x94  stm32l4xx_hal_pwr_ex.o [1]
  .text              ro code   0x800'961c    0x20  DblCmpEq.o [3]
  .text              ro code   0x800'963c    0x70  frexp.o [3]
  .text              ro code   0x800'96ac    0x2e  DblCmpLe.o [3]
  .text              ro code   0x800'96dc    0xe2  DblSub.o [3]
  .text              ro code   0x800'97c0    0x2e  DblCmpGe.o [3]
  .text              ro code   0x800'97f0   0x3e8  iar_Exp64.o [3]
  .text              ro code   0x800'9bd8   0x52a  stm32l4xx_hal_spi.o [1]
  .text              ro code   0x800'a102     0x8  abs.o [2]
  .text              ro code   0x800'a10c   0xfc6  xprintffull_nomb.o [2]
  .text              ro code   0x800'b0d4    0x70  user_rs485.o [1]
  .text              ro code   0x800'b144   0x23a  user_adv_trace.o [1]
  .text              ro code   0x800'b380    0x60  stm32l4xx_hal.o [1]
  .text              ro code   0x800'b3e0     0x2  I64DivZer.o [4]
  .text              ro code   0x800'b3e4    0x38  stm32l4xx_hal_msp.o [1]
  .text              ro code   0x800'b41c   0x78e  stm32l4xx_hal_rtc.o [1]
  .text              ro code   0x800'bbac   0x310  user_timer.o [1]
  .text              ro code   0x800'bebc   0x1dc  user_at_serial.o [1]
  .text              ro code   0x800'c098    0x58  user_time.o [1]
  .text              ro code   0x800'c0f0   0x180  user_app_rs485.o [1]
  .text              ro code   0x800'c270   0x13a  ldexp.o [3]
  .text              ro code   0x800'c3ac    0x16  strchr.o [4]
  .text              ro code   0x800'c3c4    0x40  xfail_s.o [2]
  .text              ro code   0x800'c404    0x58  memchr.o [4]
  .text              ro code   0x800'c45c    0x28  DblToU32.o [3]
  .text              ro code   0x800'c484     0x8  xlocale_c.o [2]
  .text              ro code   0x800'c48c   0x350  user_tiny_vsnprintf.o [1]
  .text              ro code   0x800'c7dc   0x3a8  user_rtc.o [1]
  .text              ro code   0x800'cb84     0x2  stm32l4xx_hal_rtc_ex.o [1]
  .text              ro code   0x800'cb86   0x1e6  user_string.o [1]
  .text              ro code   0x800'cd6c     0x6  abort.o [2]
  .text              ro code   0x800'cd74    0x48  stm32l4xx_hal_rtc_ex.o [1]
  .text              ro code   0x800'cdbc    0x14  exit.o [5]
  .rodata            const     0x800'cdd0    0x34  user_app_sensor.o [1]
  .rodata            const     0x800'ce08   0x420  pow64.o [3]
  .rodata            const     0x800'd228   0x400  unit_tests.o [1]
  .rodata            const     0x800'd628   0x228  lcd_display.o [1]
  .rodata            const     0x800'd850   0x214  lcd_display.o [1]
  .text              ro code   0x800'da64    0x88  stm32l4xx_it.o [1]
  .text              ro code   0x800'daec    0x18  stm32l4xx_hal.o [1]
  .text              ro code   0x800'db04    0x78  lz77_init_single.o [4]
  .rodata            const     0x800'db7c    0x34  user_app_sensor.o [1]
  .rodata            const     0x800'dbb0    0x30  system_stm32l4xx.o [1]
  .rodata            const     0x800'dbe0    0x2c  user_rtc.o [1]
  .rodata            const     0x800'dc0c    0x28  user_tiny_vsnprintf.o [1]
  .rodata            const     0x800'dc34    0x28  user_tiny_vsnprintf.o [1]
  .text              ro code   0x800'dc5c    0x28  data_init.o [4]
  .text              ro code   0x800'dc84    0x22  fpinit_M.o [3]
  .iar.init_table    const     0x800'dca8    0x20  - Linker created -
  .rodata            const     0x800'dcc8    0x20  user_app_comm.o [1]
  .rodata            const     0x800'dce8    0x20  user_rtc.o [1]
  .text              ro code   0x800'dd08    0x1e  cmain.o [4]
  .text              ro code   0x800'dd26     0x4  low_level_init.o [2]
  .text              ro code   0x800'dd2a     0x4  exit.o [2]
  .text              ro code   0x800'dd30     0xa  cexit.o [4]
  .rodata            const     0x800'dd3c    0x1c  user_app_comm.o [1]
  .rodata            const     0x800'dd58    0x1c  user_app_comm.o [1]
  .rodata            const     0x800'dd74    0x1c  user_app_comm.o [1]
  .rodata            const     0x800'dd90    0x1c  user_uart.o [1]
  .rodata            const     0x800'ddac    0x18  user_app_comm.o [1]
  .rodata            const     0x800'ddc4    0x14  lcd_display.o [1]
  .rodata            const     0x800'ddd8    0x14  user_app_comm.o [1]
  .rodata            const     0x800'ddec    0x14  user_at_serial.o [1]
  .rodata            const     0x800'de00    0x14  user_at_serial.o [1]
  .rodata            const     0x800'de14    0x14  user_at_serial.o [1]
  .rodata            const     0x800'de28    0x14  user_at_serial.o [1]
  .rodata            const     0x800'de3c    0x14  user_at_serial.o [1]
  .rodata            const     0x800'de50    0x10  lcd_display.o [1]
  .rodata            const     0x800'de60    0x10  lcd_display.o [1]
  .rodata            const     0x800'de70    0x10  lcd_display.o [1]
  .rodata            const     0x800'de80    0x10  lcd_display.o [1]
  .rodata            const     0x800'de90    0x10  lcd_display.o [1]
  .rodata            const     0x800'dea0    0x10  lcd_display.o [1]
  .rodata            const     0x800'deb0    0x10  lcd_display.o [1]
  .rodata            const     0x800'dec0    0x10  lcd_display.o [1]
  .rodata            const     0x800'ded0    0x10  lcd_display.o [1]
  .rodata            const     0x800'dee0    0x10  lcd_display.o [1]
  .rodata            const     0x800'def0    0x10  lcd_display.o [1]
  .rodata            const     0x800'df00    0x10  system_stm32l4xx.o [1]
  .rodata            const     0x800'df10    0x10  user_app_sensor.o [1]
  .rodata            const     0x800'df20    0x10  user_at_serial.o [1]
  .rodata            const     0x800'df30    0x10  user_at_serial.o [1]
  .rodata            const     0x800'df40    0x10  user_at_serial.o [1]
  .rodata            const     0x800'df50    0x10  user_at_serial.o [1]
  .rodata            const     0x800'df60    0x10  user_at_serial.o [1]
  .rodata            const     0x800'df70    0x10  user_at_serial.o [1]
  .rodata            const     0x800'df80    0x10  user_at_serial.o [1]
  .rodata            const     0x800'df90    0x10  user_at_serial.o [1]
  .rodata            const     0x800'dfa0    0x10  user_at_serial.o [1]
  .rodata            const     0x800'dfb0    0x10  user_at_serial.o [1]
  .rodata            const     0x800'dfc0    0x10  user_at_serial.o [1]
  .rodata            const     0x800'dfd0    0x10  user_at_serial.o [1]
  .rodata            const     0x800'dfe0    0x10  user_at_serial.o [1]
  .rodata            const     0x800'dff0    0x10  user_at_serial.o [1]
  .rodata            const     0x800'e000    0x10  user_at_serial.o [1]
  .rodata            const     0x800'e010    0x10  user_at_serial.o [1]
  .rodata            const     0x800'e020    0x10  user_at_serial.o [1]
  .rodata            const     0x800'e030    0x10  user_at_serial.o [1]
  .rodata            const     0x800'e040    0x10  user_at_serial.o [1]
  .rodata            const     0x800'e050    0x10  user_at_serial.o [1]
  .rodata            const     0x800'e060    0x10  user_at_serial.o [1]
  .rodata            const     0x800'e070    0x10  user_at_serial.o [1]
  .rodata            const     0x800'e080    0x10  user_at_serial.o [1]
  .rodata            const     0x800'e090    0x10  user_at_serial.o [1]
  .rodata            const     0x800'e0a0    0x10  user_at_serial.o [1]
  .rodata            const     0x800'e0b0    0x10  user_at_serial.o [1]
  .rodata            const     0x800'e0c0    0x10  user_at_serial.o [1]
  .rodata            const     0x800'e0d0    0x10  user_at_serial.o [1]
  .text              ro code   0x800'e0e0    0x10  startup_stm32l433xx.o [1]
  .text              ro code   0x800'e0f0    0x10  system_stm32l4xx.o [1]
  .rodata            const     0x800'e100     0xc  lcd_display.o [1]
  .rodata            const     0x800'e10c     0xc  lcd_display.o [1]
  .rodata            const     0x800'e118     0xc  lcd_display.o [1]
  .rodata            const     0x800'e124     0xc  lcd_display.o [1]
  .rodata            const     0x800'e130     0xc  lcd_display.o [1]
  .rodata            const     0x800'e13c     0xc  lcd_display.o [1]
  .rodata            const     0x800'e148     0xc  lcd_display.o [1]
  .rodata            const     0x800'e154     0xc  lcd_display.o [1]
  .rodata            const     0x800'e160     0xc  lcd_display.o [1]
  .rodata            const     0x800'e16c     0xc  user_app_comm.o [1]
  .rodata            const     0x800'e178     0xc  user_app_sensor.o [1]
  .rodata            const     0x800'e184     0xc  user_at_serial.o [1]
  .rodata            const     0x800'e190     0xc  user_at_serial.o [1]
  .rodata            const     0x800'e19c     0xc  user_at_serial.o [1]
  .rodata            const     0x800'e1a8     0xc  user_at_serial.o [1]
  .rodata            const     0x800'e1b4     0xc  user_at_serial.o [1]
  .rodata            const     0x800'e1c0     0xc  user_at_serial.o [1]
  .rodata            const     0x800'e1cc     0xc  user_at_serial.o [1]
  .rodata            const     0x800'e1d8     0xc  user_at_serial.o [1]
  .rodata            const     0x800'e1e4     0xc  user_at_serial.o [1]
  .rodata            const     0x800'e1f0     0xc  user_at_serial.o [1]
  .rodata            const     0x800'e1fc     0xc  user_at_serial.o [1]
  .rodata            const     0x800'e208     0xc  user_at_serial.o [1]
  .rodata            const     0x800'e214     0xc  user_at_serial.o [1]
  .rodata            const     0x800'e220     0xc  user_at_serial.o [1]
  .rodata            const     0x800'e22c     0xc  user_at_serial.o [1]
  .rodata            const     0x800'e238     0xc  user_at_serial.o [1]
  .rodata            const     0x800'e244     0xc  user_at_serial.o [1]
  .rodata            const     0x800'e250     0xc  user_at_serial.o [1]
  .rodata            const     0x800'e25c     0xc  user_at_serial.o [1]
  .rodata            const     0x800'e268     0xc  user_at_serial.o [1]
  .rodata            const     0x800'e274     0xc  user_at_serial.o [1]
  .rodata            const     0x800'e280     0xc  user_at_serial.o [1]
  .rodata            const     0x800'e28c     0xc  user_at_serial.o [1]
  .rodata            const     0x800'e298     0xc  user_at_serial.o [1]
  .rodata            const     0x800'e2a4     0xc  user_at_serial.o [1]
  .rodata            const     0x800'e2b0     0xc  user_at_serial.o [1]
  .rodata            const     0x800'e2bc     0xc  user_at_serial.o [1]
  .rodata            const     0x800'e2c8     0xc  user_at_serial.o [1]
  .rodata            const     0x800'e2d4     0xc  user_rtc.o [1]
  .rodata            const     0x800'e2e0     0xc  user_rtc.o [1]
  .text              ro code   0x800'e2ec     0xc  cstartup_M.o [4]
  .rodata            const     0x800'e2f8     0x8  lcd_display.o [1]
  .rodata            const     0x800'e300     0x8  lcd_display.o [1]
  .rodata            const     0x800'e308     0x8  lcd_display.o [1]
  .rodata            const     0x800'e310     0x8  lcd_display.o [1]
  .rodata            const     0x800'e318     0x8  lcd_display.o [1]
  .rodata            const     0x800'e320     0x8  lcd_display.o [1]
  .rodata            const     0x800'e328     0x8  lcd_display.o [1]
  .rodata            const     0x800'e330     0x8  lcd_display.o [1]
  .rodata            const     0x800'e338     0x8  lcd_display.o [1]
  .rodata            const     0x800'e340     0x8  lcd_display.o [1]
  .rodata            const     0x800'e348     0x8  lcd_display.o [1]
  .rodata            const     0x800'e350     0x8  system_stm32l4xx.o [1]
  .rodata            const     0x800'e358     0x8  user_app_modbus_rtu.o [1]
  .rodata            const     0x800'e360     0x8  user_app_modbus_rtu.o [1]
  .rodata            const     0x800'e368     0x8  user_app_sensor.o [1]
  .rodata            const     0x800'e370     0x8  user_app_sensor.o [1]
  .rodata            const     0x800'e378     0x8  user_app_sensor.o [1]
  .rodata            const     0x800'e380     0x8  user_app_sensor.o [1]
  .rodata            const     0x800'e388     0x8  user_at_serial.o [1]
  .rodata            const     0x800'e390     0x8  user_at_serial.o [1]
  .rodata            const     0x800'e398     0x8  user_at_serial.o [1]
  .rodata            const     0x800'e3a0     0x8  user_at_serial.o [1]
  .rodata            const     0x800'e3a8     0x8  user_at_serial.o [1]
  .rodata            const     0x800'e3b0     0x8  user_tiny_vsnprintf.o [1]
  .rodata            const     0x800'e3b8     0x8  user_util.o [1]
  .rodata            const     0x800'e3c0     0x8  xprintffull_nomb.o [2]
  .rodata            const     0x800'e3c8     0x4  lcd_display.o [1]
  .rodata            const     0x800'e3cc     0x4  lcd_display.o [1]
  .text              ro code   0x800'e3d0     0x4  startup_stm32l433xx.o [1]
  .text              ro code   0x800'e3d4     0x4  startup_stm32l433xx.o [1]
  .text              ro code   0x800'e3d8     0x4  startup_stm32l433xx.o [1]
  .text              ro code   0x800'e3dc     0x4  startup_stm32l433xx.o [1]
  .text              ro code   0x800'e3e0     0x4  startup_stm32l433xx.o [1]
  .text              ro code   0x800'e3e4     0x4  startup_stm32l433xx.o [1]
  .text              ro code   0x800'e3e8     0x4  startup_stm32l433xx.o [1]
  .text              ro code   0x800'e3ec     0x4  startup_stm32l433xx.o [1]
  .text              ro code   0x800'e3f0     0x4  startup_stm32l433xx.o [1]
  .text              ro code   0x800'e3f4     0x4  startup_stm32l433xx.o [1]
  .text              ro code   0x800'e3f8     0x4  startup_stm32l433xx.o [1]
  .text              ro code   0x800'e3fc     0x4  startup_stm32l433xx.o [1]
  .text              ro code   0x800'e400     0x4  startup_stm32l433xx.o [1]
  .text              ro code   0x800'e404     0x4  startup_stm32l433xx.o [1]
  .text              ro code   0x800'e408     0x4  startup_stm32l433xx.o [1]
  .text              ro code   0x800'e40c     0x4  startup_stm32l433xx.o [1]
  .text              ro code   0x800'e410     0x4  startup_stm32l433xx.o [1]
  .text              ro code   0x800'e414     0x4  startup_stm32l433xx.o [1]
  .text              ro code   0x800'e418     0x4  startup_stm32l433xx.o [1]
  .text              ro code   0x800'e41c     0x4  startup_stm32l433xx.o [1]
  .text              ro code   0x800'e420     0x4  startup_stm32l433xx.o [1]
  .text              ro code   0x800'e424     0x4  startup_stm32l433xx.o [1]
  .text              ro code   0x800'e428     0x4  startup_stm32l433xx.o [1]
  .text              ro code   0x800'e42c     0x4  startup_stm32l433xx.o [1]
  .text              ro code   0x800'e430     0x4  startup_stm32l433xx.o [1]
  .text              ro code   0x800'e434     0x4  startup_stm32l433xx.o [1]
  .text              ro code   0x800'e438     0x4  startup_stm32l433xx.o [1]
  .text              ro code   0x800'e43c     0x4  startup_stm32l433xx.o [1]
  .text              ro code   0x800'e440     0x4  startup_stm32l433xx.o [1]
  .text              ro code   0x800'e444     0x4  startup_stm32l433xx.o [1]
  .text              ro code   0x800'e448     0x4  startup_stm32l433xx.o [1]
  .text              ro code   0x800'e44c     0x4  startup_stm32l433xx.o [1]
  .text              ro code   0x800'e450     0x4  startup_stm32l433xx.o [1]
  .text              ro code   0x800'e454     0x4  startup_stm32l433xx.o [1]
  .text              ro code   0x800'e458     0x4  startup_stm32l433xx.o [1]
  .text              ro code   0x800'e45c     0x4  startup_stm32l433xx.o [1]
  .text              ro code   0x800'e460     0x4  startup_stm32l433xx.o [1]
  .text              ro code   0x800'e464     0x4  startup_stm32l433xx.o [1]
  .text              ro code   0x800'e468     0x4  startup_stm32l433xx.o [1]
  .text              ro code   0x800'e46c     0x4  startup_stm32l433xx.o [1]
  .text              ro code   0x800'e470     0x4  startup_stm32l433xx.o [1]
  .text              ro code   0x800'e474     0x4  startup_stm32l433xx.o [1]
  .text              ro code   0x800'e478     0x4  startup_stm32l433xx.o [1]
  .text              ro code   0x800'e47c     0x4  startup_stm32l433xx.o [1]
  .text              ro code   0x800'e480     0x4  startup_stm32l433xx.o [1]
  .text              ro code   0x800'e484     0x4  startup_stm32l433xx.o [1]
  .text              ro code   0x800'e488     0x4  startup_stm32l433xx.o [1]
  .text              ro code   0x800'e48c     0x4  startup_stm32l433xx.o [1]
  .text              ro code   0x800'e490     0x4  startup_stm32l433xx.o [1]
  .text              ro code   0x800'e494     0x4  startup_stm32l433xx.o [1]
  .text              ro code   0x800'e498     0x4  startup_stm32l433xx.o [1]
  .text              ro code   0x800'e49c     0x4  startup_stm32l433xx.o [1]
  .text              ro code   0x800'e4a0     0x4  startup_stm32l433xx.o [1]
  .text              ro code   0x800'e4a4     0x4  startup_stm32l433xx.o [1]
  .text              ro code   0x800'e4a8     0x4  startup_stm32l433xx.o [1]
  .text              ro code   0x800'e4ac     0x4  startup_stm32l433xx.o [1]
  .text              ro code   0x800'e4b0     0x4  startup_stm32l433xx.o [1]
  .text              ro code   0x800'e4b4     0x4  startup_stm32l433xx.o [1]
  .text              ro code   0x800'e4b8     0x4  startup_stm32l433xx.o [1]
  .rodata            const     0x800'e4bc     0x0  zero_init3.o [4]
  .rodata            const     0x800'e4bc     0x0  lz77_init_single.o [4]
  Initializer bytes  const     0x800'e4bc   0x4b8  <for P2-1>
                             - 0x800'e974  0xe7e8

"P2", part 1 of 3:                          0xa8d
  P2-1                        0x2000'0000   0xa8d  <Init block>
    .data            inited   0x2000'0000     0xc  button.o [1]
    .data            inited   0x2000'000c    0x70  lcd_display.o [1]
    .data            inited   0x2000'007c     0x8  lcd_display.o [1]
    .data            inited   0x2000'0084     0x4  lcd_display.o [1]
    .data            inited   0x2000'0088    0x10  lcd_display.o [1]
    .data            inited   0x2000'0098    0x10  lcd_display.o [1]
    .data            inited   0x2000'00a8    0x10  lcd_display.o [1]
    .data            inited   0x2000'00b8    0x10  lcd_display.o [1]
    .data            inited   0x2000'00c8    0x10  lcd_display.o [1]
    .data            inited   0x2000'00d8   0x300  lcd_display.o [1]
    .data            inited   0x2000'03d8     0x4  stm32l4xx_hal.o [1]
    .data            inited   0x2000'03dc    0x20  stm32l4xx_hal_flash.o [1]
    .data            inited   0x2000'03fc     0x4  system_stm32l4xx.o [1]
    .data            inited   0x2000'0400    0x70  user_app_comm.o [1]
    .data            inited   0x2000'0470     0x8  user_app_comm.o [1]
    .data            inited   0x2000'0478     0x8  user_app_comm.o [1]
    .data            inited   0x2000'0480    0x8c  user_app_modbus_rtu.o [1]
    .data            inited   0x2000'050c    0x2c  user_app_modbus_rtu.o [1]
    .data            inited   0x2000'0538     0x8  user_app_modbus_rtu.o [1]
    .data            inited   0x2000'0540    0x40  user_app_rs485.o [1]
    .data            inited   0x2000'0580    0x90  user_app_sensor.o [1]
    .data            inited   0x2000'0610     0x8  user_app_sensor.o [1]
    .data            inited   0x2000'0618     0x4  user_app_sensor.o [1]
    .data            inited   0x2000'061c     0x4  user_app_sensor.o [1]
    .data            inited   0x2000'0620     0x8  user_at_serial.o [1]
    .data            inited   0x2000'0628   0x410  user_at_serial.o [1]
    .data            inited   0x2000'0a38     0x8  user_connect_sensor.o [1]
    .data            inited   0x2000'0a40     0x8  user_rs485.o [1]
    .data            inited   0x2000'0a48     0x4  user_tiny_vsnprintf.o [1]
    .data            inited   0x2000'0a4c     0x4  user_tiny_vsnprintf.o [1]
    .data            inited   0x2000'0a50    0x38  xlocale_c.o [2]
    .data            inited   0x2000'0a88     0x2  user_app_modbus_rtu.o [1]
    .data            inited   0x2000'0a8a     0x1  lcd_display.o [1]
    .data            inited   0x2000'0a8b     0x1  stm32l4xx_hal.o [1]
    .data            inited   0x2000'0a8c     0x1  user_util.o [1]
                            - 0x2000'0a8d   0xa8d

"P2", part 2 of 3:                         0x1c4c
  .bss               zero     0x2000'0a90   0x4b0  user_app_comm.o [1]
  .bss               zero     0x2000'0f40   0x400  glcd.o [1]
  .bss               zero     0x2000'1340   0x400  user_adv_trace.o [1]
  .bss               zero     0x2000'1740   0x200  user_adv_trace.o [1]
  .bss               zero     0x2000'1940   0x200  user_connect_sensor.o [1]
  .bss               zero     0x2000'1b40   0x200  user_rs485.o [1]
  .bss               zero     0x2000'1d40   0x180  lcd_display.o [1]
  .bss               zero     0x2000'1ec0    0x88  usart.o [1]
  .bss               zero     0x2000'1f48    0x88  usart.o [1]
  .bss               zero     0x2000'1fd0    0x88  usart.o [1]
  .bss               zero     0x2000'2058    0x80  user_app_modbus_rtu.o [1]
  .bss               zero     0x2000'20d8    0x80  user_app_modbus_rtu.o [1]
  .bss               zero     0x2000'2158    0x80  user_app_modbus_rtu.o [1]
  .bss               zero     0x2000'21d8    0x80  user_at_serial.o [1]
  .bss               zero     0x2000'2258    0x80  user_at_serial.o [1]
  .bss               zero     0x2000'22d8    0x64  spi.o [1]
  .bss               zero     0x2000'233c    0x64  user_app_comm.o [1]
  .bss               zero     0x2000'23a0    0x60  lcd_display.o [1]
  .bss               zero     0x2000'2400    0x48  usart.o [1]
  .bss               zero     0x2000'2448    0x48  usart.o [1]
  .bss               zero     0x2000'2490    0x48  usart.o [1]
  .bss               zero     0x2000'24d8    0x30  lcd_display.o [1]
  .bss               zero     0x2000'2508    0x2c  user_rtc.o [1]
  .bss               zero     0x2000'2534    0x28  user_app_sensor.o [1]
  .bss               zero     0x2000'255c    0x28  user_app_sensor.o [1]
  .bss               zero     0x2000'2584    0x28  user_app_sensor.o [1]
  .bss               zero     0x2000'25ac    0x24  rtc.o [1]
  .bss               zero     0x2000'25d0    0x1c  user_rtc.o [1]
  .bss               zero     0x2000'25ec    0x18  button.o [1]
  .bss               zero     0x2000'2604    0x18  user_adv_trace.o [1]
  .bss               zero     0x2000'261c    0x18  user_app_comm.o [1]
  .bss               zero     0x2000'2634    0x10  lcd_display.o [1]
  .bss               zero     0x2000'2644     0xc  text.o [1]
  .bss               zero     0x2000'2650     0xc  user_app_sensor.o [1]
  .bss               zero     0x2000'265c     0xc  user_util.o [1]
  .bss               zero     0x2000'2668     0x8  user_app_sensor.o [1]
  .bss               zero     0x2000'2670     0x4  button.o [1]
  .bss               zero     0x2000'2674     0x4  glcd.o [1]
  .bss               zero     0x2000'2678     0x4  glcd.o [1]
  .bss               zero     0x2000'267c     0x4  glcd.o [1]
  .bss               zero     0x2000'2680     0x4  lcd_display.o [1]
  .bss               zero     0x2000'2684     0x4  stm32l4xx_hal.o [1]
  .bss               zero     0x2000'2688     0x4  user_app_comm.o [1]
  .bss               zero     0x2000'268c     0x4  user_app_sensor.o [1]
  .bss               zero     0x2000'2690     0x4  user_app_sensor.o [1]
  .bss               zero     0x2000'2694     0x4  user_app_sensor.o [1]
  .bss               zero     0x2000'2698     0x4  user_app_sensor.o [1]
  .bss               zero     0x2000'269c     0x4  user_app_sensor.o [1]
  .bss               zero     0x2000'26a0     0x4  user_app_sensor.o [1]
  .bss               zero     0x2000'26a4     0x4  user_rtc.o [1]
  .bss               zero     0x2000'26a8     0x4  user_timer.o [1]
  .bss               zero     0x2000'26ac     0x4  user_util.o [1]
  .bss               zero     0x2000'26b0     0x4  user_util.o [1]
  .bss               zero     0x2000'26b4     0x4  user_util.o [1]
  .bss               zero     0x2000'26b8     0x4  xfail_s.o [2]
  .bss               zero     0x2000'26bc     0x2  button.o [1]
  .bss               zero     0x2000'26be     0x2  lcd_display.o [1]
  .bss               zero     0x2000'26c0     0x2  user_app_comm.o [1]
  .bss               zero     0x2000'26c2     0x2  user_app_comm.o [1]
  .bss               zero     0x2000'26c4     0x2  user_app_sensor.o [1]
  .bss               zero     0x2000'26c6     0x2  user_app_sensor.o [1]
  .bss               zero     0x2000'26c8     0x2  user_uart.o [1]
  .bss               zero     0x2000'26ca     0x1  button.o [1]
  .bss               zero     0x2000'26cb     0x1  lcd_display.o [1]
  .bss               zero     0x2000'26cc     0x1  lcd_display.o [1]
  .bss               zero     0x2000'26cd     0x1  lcd_display.o [1]
  .bss               zero     0x2000'26ce     0x1  user_app_comm.o [1]
  .bss               zero     0x2000'26cf     0x1  user_app_comm.o [1]
  .bss               zero     0x2000'26d0     0x1  user_app_rs485.o [1]
  .bss               zero     0x2000'26d1     0x1  user_app_sensor.o [1]
  .bss               zero     0x2000'26d2     0x1  user_app_sensor.o [1]
  .bss               zero     0x2000'26d3     0x1  user_app_sensor.o [1]
  .bss               zero     0x2000'26d4     0x1  user_app_sensor.o [1]
  .bss               zero     0x2000'26d5     0x1  user_at_serial.o [1]
  .bss               zero     0x2000'26d6     0x1  user_connect_sensor.o [1]
  .bss               zero     0x2000'26d7     0x1  user_connect_sensor.o [1]
  .bss               zero     0x2000'26d8     0x1  user_rs485.o [1]
  .bss               zero     0x2000'26d9     0x1  user_rs485.o [1]
  .bss               zero     0x2000'26da     0x1  user_rtc.o [1]
  .bss               zero     0x2000'26db     0x1  user_uart.o [1]
                            - 0x2000'26dc  0x1c4c

"P2", part 3 of 3:                          0x400
  CSTACK                      0x2000'26e0   0x400  <Block>
    CSTACK           uninit   0x2000'26e0   0x400  <Block tail>
                            - 0x2000'2ae0   0x400

Unused ranges:

         From           To      Size
         ----           --      ----
   0x800'e974   0x803'ffff  0x3'168c
  0x2000'0a8d  0x2000'0a8f       0x3
  0x2000'26dc  0x2000'26df       0x4
  0x2000'2ae0  0x2000'ffff    0xd520


*******************************************************************************
*** INIT TABLE
***

          Address      Size
          -------      ----
Zero (__iar_zero_init3)
    1 destination range, total size 0x1c4c:
          0x2000'0a90  0x1c4c

Copy/lz77 (__iar_lz77_init_single3)
    1 source range, total size 0x4b8 (44% of destination):
           0x800'e4bc   0x4b8
    1 destination range, total size 0xa8d:
          0x2000'0000   0xa8d



*******************************************************************************
*** MODULE SUMMARY
***

    Module                    ro code  ro data  rw data
    ------                    -------  -------  -------
command line/config:
    ---------------------------------------------------
    Total:

D:\Saoviet_Git\Saoviet_EnviroTrack_M_And_S_RawWater\Project_Slave_Chemins_DO\Project_Slave_Sensor_EnviroTrack\EWARM\Project_Slave_Sensor_EnviroTrack\Obj: [1]
    ST7565R.o                     344
    STM32L4.o                     160
    button.o                    3'412        5       43
    dma.o                          96
    event_driven.o                 84
    glcd.o                        232             1'036
    gpio.o                        464
    graphics.o                    512
    lcd_display.o               2'772    1'920    1'526
    main.o                        194
    onchipflash.o                 370
    rtc.o                         336                36
    spi.o                         200               100
    startup_stm32l433xx.o         648
    stm32l4xx_hal.o               208        1        9
    stm32l4xx_hal_cortex.o        404
    stm32l4xx_hal_dma.o         1'058
    stm32l4xx_hal_flash.o         440       15       32
    stm32l4xx_hal_flash_ex.o      160
    stm32l4xx_hal_gpio.o          896
    stm32l4xx_hal_msp.o            56
    stm32l4xx_hal_pwr_ex.o        148
    stm32l4xx_hal_rcc.o         2'556
    stm32l4xx_hal_rcc_ex.o      1'256
    stm32l4xx_hal_rtc.o         1'934
    stm32l4xx_hal_rtc_ex.o         74
    stm32l4xx_hal_spi.o         1'322
    stm32l4xx_hal_uart.o        4'044
    stm32l4xx_hal_uart_ex.o       114
    stm32l4xx_it.o                136
    system_stm32l4xx.o             16       73        4
    text.o                        912                12
    text_tiny.o                   656
    unit_tests.o                   20    1'024
    usart.o                       924               624
    user_adv_trace.o              570             1'560
    user_app_comm.o             1'240      230    1'462
    user_app_modbus_rtu.o       2'004      103      578
    user_app_rs485.o              384       28       65
    user_app_sensor.o           4'576      236      332
    user_at_serial.o              476    1'392    1'305
    user_connect_sensor.o         116        4      522
    user_convert_variable.o     1'036
    user_modbus_rtu.o             848
    user_rs485.o                  112        4      522
    user_rtc.o                    936      100       77
    user_string.o                 486
    user_time.o                    88
    user_timer.o                  784                 4
    user_tiny_vsnprintf.o         848       91        8
    user_uart.o                   296       28        3
    user_util.o                   540        9       25
    ---------------------------------------------------
    Total:                     42'498    5'263    9'885

dl7M_tlf.a: [2]
    abort.o                         6
    abs.o                           8
    exit.o                          4
    low_level_init.o                4
    sprintf.o                      64
    xfail_s.o                      64                 4
    xlocale_c.o                     8       28       56
    xprintffull_nomb.o          4'038        8
    xsprout.o                      10
    ---------------------------------------------------
    Total:                      4'206       36       60

m7M_tls.a: [3]
    DblAdd.o                      378
    DblCmpEq.o                     32
    DblCmpGe.o                     46
    DblCmpLe.o                     46
    DblDiv.o                      582
    DblMul.o                      418
    DblSub.o                      226
    DblToFlt.o                    104
    DblToS32.o                     58
    DblToU32.o                     40
    FltToDbl.o                     72
    S32ToDbl.o                     34
    U32ToDbl.o                     26
    fpinit_M.o                     34
    frexp.o                       112
    iar_Exp64.o                 1'000
    ldexp.o                       314
    math_wrappers64.o              22
    pow64.o                     1'772    1'056
    ---------------------------------------------------
    Total:                      5'316    1'056

rt7M_tl.a: [4]
    ABImemcpy.o                   166
    ABImemset.o                   102
    I64DivMod.o                   560
    I64DivZer.o                     2
    cexit.o                        10
    cmain.o                        30
    cstartup_M.o                   12
    data_init.o                    40
    lz77_init_single.o            120
    memchr.o                       88
    memset.o                       20
    strchr.o                       22
    strlen.o                       54
    zero_init3.o                   58
    ---------------------------------------------------
    Total:                      1'284

shb_l.a: [5]
    exit.o                         20
    ---------------------------------------------------
    Total:                         20

    Gaps                           45        8
    Linker created                          32    1'024
-------------------------------------------------------
    Grand Total:               53'369    6'395   10'969


*******************************************************************************
*** ENTRY LIST
***

Entry                       Address   Size  Type      Object
-----                       -------   ----  ----      ------
.iar.init_table$$Base    0x800'dca8          --   Gb  - Linker created -
.iar.init_table$$Limit   0x800'dcc8          --   Gb  - Linker created -
?main                    0x800'dd09         Code  Gb  cmain.o [4]
ADV_TRACE_Buffer        0x2000'1340  0x400  Data  Lc  user_adv_trace.o [1]
ADV_TRACE_Ctx           0x2000'2604   0x18  Data  Lc  user_adv_trace.o [1]
AHBPrescTable            0x800'df00   0x10  Data  Gb  system_stm32l4xx.o [1]
APBPrescTable            0x800'e350    0x8  Data  Gb  system_stm32l4xx.o [1]
AT_CMD_Get_BR_Slave      0x800'10e9   0x52  Code  Gb  user_app_sensor.o [1]
AT_CMD_Get_ID_Slave      0x800'0fed   0x52  Code  Gb  user_app_sensor.o [1]
AT_CMD_Reset_Slave       0x800'0f45   0x4a  Code  Gb  user_app_sensor.o [1]
AT_CMD_Restore_Slave     0x800'0f8f   0x5e  Code  Gb  user_app_sensor.o [1]
AT_CMD_Set_BR_Slave      0x800'113b   0x94  Code  Gb  user_app_sensor.o [1]
AT_CMD_Set_ID_Slave      0x800'1045   0x96  Code  Gb  user_app_sensor.o [1]
AppComm_DBG_Init_RX_Mode
                         0x800'934d   0x1e  Code  Gb  user_app_comm.o [1]
AppComm_DBG_Init_Uart    0x800'9345    0x8  Code  Gb  user_app_comm.o [1]
AppComm_DBG_Rx_Callback
                         0x800'9373  0x176  Code  Gb  user_app_comm.o [1]
AppComm_DBG_Stop_RX_Mode
                         0x800'9371    0x2  Code  Gb  user_app_comm.o [1]
AppComm_Get_Reset_Source
                         0x800'930d   0x38  Code  Gb  user_app_comm.o [1]
AppComm_IRQ_Timer_CallBack
                         0x800'92cd    0xc  Code  Gb  user_app_comm.o [1]
AppComm_Init             0x800'920f   0x20  Code  Gb  user_app_comm.o [1]
AppComm_Set_Next_TxTimer
                         0x800'92f3    0x2  Code  Gb  user_app_comm.o [1]
AppComm_Task             0x800'922f   0x9e  Code  Gb  user_app_comm.o [1]
AppComm_Uart_Debug_Send
                         0x800'92f5   0x18  Code  Lc  user_app_comm.o [1]
AppRs485_Task            0x800'c1c9   0x84  Code  Gb  user_app_rs485.o [1]
AppSensor_Task           0x800'121d   0x84  Code  Gb  user_app_sensor.o [1]
BUTTON_Down_Process      0x800'6e11  0x170  Code  Gb  button.o [1]
BUTTON_ESC_Process       0x800'6f99  0x2d0  Code  Gb  button.o [1]
BUTTON_Enter_Process     0x800'6679  0x61e  Code  Gb  button.o [1]
BUTTON_Process           0x800'6545   0x34  Code  Gb  button.o [1]
BUTTON_Up_Process        0x800'6c97  0x174  Code  Gb  button.o [1]
BUTTON_scan              0x800'6579   0xfe  Code  Gb  button.o [1]
BUTTON_scan::hold       0x2000'2670    0x4  Data  Lc  button.o [1]
BUTTON_scan::last_value
                        0x2000'26ca    0x1  Data  Lc  button.o [1]
BusFault_Handler         0x800'da6b    0x2  Code  Gb  stm32l4xx_it.o [1]
CSTACK$$Base            0x2000'26e0          --   Gb  - Linker created -
CSTACK$$Limit           0x2000'2ae0          --   Gb  - Linker created -
Cal_Time                 0x800'2d67   0x12  Code  Gb  user_util.o [1]
Calculator_Scale         0x800'3f55   0x54  Code  Gb  user_convert_variable.o [1]
CheckList_AT_CONFIG     0x2000'0628  0x410  Data  Gb  user_at_serial.o [1]
Check_Time_Out           0x800'2d49   0x1e  Code  Gb  user_util.o [1]
Convert_Point_Int_To_String
                         0x800'3fa9   0xce  Code  Gb  user_convert_variable.o [1]
Convert_Point_Int_To_String_Scale
                         0x800'4077   0xea  Code  Gb  user_convert_variable.o [1]
Convert_Scale            0x800'2eb9   0x5c  Code  Gb  user_util.o [1]
Convert_String_To_Dec    0x800'42d1   0x5c  Code  Gb  user_convert_variable.o [1]
Convert_uint32Hex_To_Float
                         0x800'418d  0x144  Code  Gb  user_convert_variable.o [1]
CountBufferHandleRecvSS
                        0x2000'26c4    0x2  Data  Gb  user_app_sensor.o [1]
DMA1_Channel3_IRQHandler
                         0x800'da85    0xa  Code  Gb  stm32l4xx_it.o [1]
DMA1_Channel5_IRQHandler
                         0x800'da8f    0xa  Code  Gb  stm32l4xx_it.o [1]
DMA2_Channel7_IRQHandler
                         0x800'dab7    0xa  Code  Gb  stm32l4xx_it.o [1]
DMA_SetConfig            0x800'570d   0x32  Code  Lc  stm32l4xx_hal_dma.o [1]
DaysInMonth              0x800'e2d4    0xc  Data  Lc  user_rtc.o [1]
DaysInMonthLeapYear      0x800'e2e0    0xc  Data  Lc  user_rtc.o [1]
DebugMon_Handler         0x800'da71    0x2  Code  Gb  stm32l4xx_it.o [1]
Display_Check_Password   0x800'2bd1   0x2e  Code  Gb  lcd_display.o [1]
Display_Check_Toggle     0x800'2a61   0xa2  Code  Gb  lcd_display.o [1]
Display_Check_Toggle::Hide
                        0x2000'23a0   0x60  Data  Lc  lcd_display.o [1]
Display_Check_Toggle::LandMarkToggle_u32
                        0x2000'1d40  0x180  Data  Lc  lcd_display.o [1]
Display_Init             0x800'2275   0x82  Code  Gb  lcd_display.o [1]
Display_Set_Screen       0x800'2b9b   0x36  Code  Gb  lcd_display.o [1]
Display_Set_Screen_Flag
                         0x800'2b55   0x46  Code  Gb  lcd_display.o [1]
Display_Show_Oject       0x800'26c1  0x3a0  Code  Gb  lcd_display.o [1]
Display_Show_Screen      0x800'2b03   0x52  Code  Gb  lcd_display.o [1]
Display_Show_State_Sensor_Network
                         0x800'2c13   0x4e  Code  Gb  lcd_display.o [1]
Display_Show_State_Setting
                         0x800'2c61   0x5c  Code  Gb  lcd_display.o [1]
Display_Show_Static_Param
                         0x800'2bff   0x14  Code  Gb  lcd_display.o [1]
Display_Task             0x800'22f7   0x7e  Code  Gb  lcd_display.o [1]
Error_Handler            0x800'4e1b    0x4  Code  Gb  main.o [1]
FLASH_FlushCaches        0x800'8bcf   0x6a  Code  Gb  stm32l4xx_hal_flash_ex.o [1]
FLASH_PageErase          0x800'8ba5   0x2a  Code  Gb  stm32l4xx_hal_flash_ex.o [1]
FLASH_Program_DoubleWord
                         0x800'8b33   0x1a  Code  Lc  stm32l4xx_hal_flash.o [1]
FLASH_Program_Fast       0x800'8b4d   0x32  Code  Lc  stm32l4xx_hal_flash.o [1]
FLASH_WaitForLastOperation
                         0x800'8acd   0x66  Code  Gb  stm32l4xx_hal_flash.o [1]
Filter_DO_Per            0x800'0a6d   0xc0  Code  Gb  user_app_sensor.o [1]
Filter_DO_Per::P        0x2000'061c    0x4  Data  Lc  user_app_sensor.o [1]
Filter_DO_Per::x_est    0x2000'269c    0x4  Data  Lc  user_app_sensor.o [1]
Filter_DO_Per::x_est_last
                        0x2000'26a0    0x4  Data  Lc  user_app_sensor.o [1]
Filter_Temp              0x800'0a69    0x2  Code  Gb  user_app_sensor.o [1]
Filter_pH                0x800'09a9   0xc0  Code  Gb  user_app_sensor.o [1]
Filter_pH::P            0x2000'0618    0x4  Data  Lc  user_app_sensor.o [1]
Filter_pH::x_est        0x2000'2694    0x4  Data  Lc  user_app_sensor.o [1]
Filter_pH::x_est_last   0x2000'2698    0x4  Data  Lc  user_app_sensor.o [1]
Find_String_V2           0x800'cb87  0x130  Code  Gb  user_string.o [1]
Find_str_fix             0x800'ccd9   0x94  Code  Gb  user_string.o [1]
Font5x7                  0x800'd850  0x214  Data  Lc  lcd_display.o [1]
Get_RTC                  0x800'c099   0x4e  Code  Gb  user_time.o [1]
HAL_DMA_Abort            0x800'5569   0x54  Code  Gb  stm32l4xx_hal_dma.o [1]
HAL_DMA_Abort_IT         0x800'55bd   0x5e  Code  Gb  stm32l4xx_hal_dma.o [1]
HAL_DMA_DeInit           0x800'53fd   0xb8  Code  Gb  stm32l4xx_hal_dma.o [1]
HAL_DMA_IRQHandler       0x800'561b   0xf2  Code  Gb  stm32l4xx_hal_dma.o [1]
HAL_DMA_Init             0x800'531d   0xe0  Code  Gb  stm32l4xx_hal_dma.o [1]
HAL_DMA_Start_IT         0x800'54d1   0x98  Code  Gb  stm32l4xx_hal_dma.o [1]
HAL_Delay                0x800'2f65   0x28  Code  Wk  stm32l4xx_hal.o [1]
HAL_FLASH_Lock           0x800'8abf    0xe  Code  Gb  stm32l4xx_hal_flash.o [1]
HAL_FLASH_Program        0x800'89ed   0xb0  Code  Gb  stm32l4xx_hal_flash.o [1]
HAL_FLASH_Unlock         0x800'8a9d   0x22  Code  Gb  stm32l4xx_hal_flash.o [1]
HAL_GPIO_DeInit          0x800'1973  0x166  Code  Gb  stm32l4xx_hal_gpio.o [1]
HAL_GPIO_Init            0x800'17b1  0x1c2  Code  Gb  stm32l4xx_hal_gpio.o [1]
HAL_GPIO_ReadPin         0x800'1ad9   0x16  Code  Gb  stm32l4xx_hal_gpio.o [1]
HAL_GPIO_WritePin        0x800'1aef   0x18  Code  Gb  stm32l4xx_hal_gpio.o [1]
HAL_GetTick              0x800'4d51    0xc  Code  Wk  stm32l4xx_hal.o [1]
HAL_IncTick              0x800'daed   0x18  Code  Wk  stm32l4xx_hal.o [1]
HAL_Init                 0x800'8c45   0x24  Code  Gb  stm32l4xx_hal.o [1]
HAL_InitTick             0x800'b381   0x60  Code  Wk  stm32l4xx_hal.o [1]
HAL_MspInit              0x800'b3e5   0x38  Code  Gb  stm32l4xx_hal_msp.o [1]
HAL_NVIC_DisableIRQ      0x800'5897    0xe  Code  Gb  stm32l4xx_hal_cortex.o [1]
HAL_NVIC_EnableIRQ       0x800'5889    0xe  Code  Gb  stm32l4xx_hal_cortex.o [1]
HAL_NVIC_SetPriority     0x800'585f   0x2a  Code  Gb  stm32l4xx_hal_cortex.o [1]
HAL_NVIC_SetPriorityGrouping
                         0x800'5853    0xc  Code  Gb  stm32l4xx_hal_cortex.o [1]
HAL_PWREx_ControlVoltageScaling
                         0x800'9595   0x76  Code  Gb  stm32l4xx_hal_pwr_ex.o [1]
HAL_PWREx_GetVoltageRange
                         0x800'9589    0xc  Code  Gb  stm32l4xx_hal_pwr_ex.o [1]
HAL_RCCEx_PeriphCLKConfig
                         0x800'4e35  0x34c  Code  Gb  stm32l4xx_hal_rcc_ex.o [1]
HAL_RCC_ClockConfig      0x800'80e9  0x17a  Code  Gb  stm32l4xx_hal_rcc.o [1]
HAL_RCC_GetHCLKFreq      0x800'8337    0x6  Code  Gb  stm32l4xx_hal_rcc.o [1]
HAL_RCC_GetPCLK1Freq     0x800'833d   0x1a  Code  Gb  stm32l4xx_hal_rcc.o [1]
HAL_RCC_GetPCLK2Freq     0x800'8357   0x1a  Code  Gb  stm32l4xx_hal_rcc.o [1]
HAL_RCC_GetResetSource   0x800'8381   0x12  Code  Gb  stm32l4xx_hal_rcc.o [1]
HAL_RCC_GetSysClockFreq
                         0x800'8263   0xd4  Code  Gb  stm32l4xx_hal_rcc.o [1]
HAL_RCC_OscConfig        0x800'7a61  0x688  Code  Gb  stm32l4xx_hal_rcc.o [1]
HAL_RTCEx_AlarmBEventCallback
                         0x800'cb85    0x2  Code  Wk  stm32l4xx_hal_rtc_ex.o [1]
HAL_RTCEx_EnableBypassShadow
                         0x800'cd75   0x48  Code  Gb  stm32l4xx_hal_rtc_ex.o [1]
HAL_RTC_AlarmAEventCallback
                         0x800'c8ed    0xc  Code  Gb  user_rtc.o [1]
HAL_RTC_AlarmIRQHandler
                         0x800'ba21   0x60  Code  Gb  stm32l4xx_hal_rtc.o [1]
HAL_RTC_DeactivateAlarm
                         0x800'b947   0xda  Code  Gb  stm32l4xx_hal_rtc.o [1]
HAL_RTC_GetDate          0x800'b70f   0x52  Code  Gb  stm32l4xx_hal_rtc.o [1]
HAL_RTC_GetTime          0x800'b5dd   0x66  Code  Gb  stm32l4xx_hal_rtc.o [1]
HAL_RTC_Init             0x800'b41d   0xca  Code  Gb  stm32l4xx_hal_rtc.o [1]
HAL_RTC_MspInit          0x800'8f8d   0x50  Code  Gb  rtc.o [1]
HAL_RTC_SetAlarm_IT      0x800'b761  0x1e6  Code  Gb  stm32l4xx_hal_rtc.o [1]
HAL_RTC_SetDate          0x800'b643   0xcc  Code  Gb  stm32l4xx_hal_rtc.o [1]
HAL_RTC_SetTime          0x800'b4e7   0xf6  Code  Gb  stm32l4xx_hal_rtc.o [1]
HAL_RTC_WaitForSynchro   0x800'ba81   0x2e  Code  Gb  stm32l4xx_hal_rtc.o [1]
HAL_SPI_Init             0x800'9bd9   0xf8  Code  Gb  stm32l4xx_hal_spi.o [1]
HAL_SPI_MspInit          0x800'9039   0x62  Code  Gb  spi.o [1]
HAL_SPI_Transmit         0x800'9cd1  0x1fe  Code  Gb  stm32l4xx_hal_spi.o [1]
HAL_SYSTICK_Config       0x800'58a5    0xc  Code  Gb  stm32l4xx_hal_cortex.o [1]
HAL_UARTEx_ReceiveToIdle_DMA
                         0x800'79ed   0x70  Code  Gb  stm32l4xx_hal_uart_ex.o [1]
HAL_UARTEx_RxEventCallback
                         0x800'78fb   0x3e  Code  Gb  user_uart.o [1]
HAL_UARTEx_WakeupCallback
                         0x800'7a5d    0x2  Code  Wk  stm32l4xx_hal_uart_ex.o [1]
HAL_UART_ErrorCallback   0x800'7939   0x3e  Code  Gb  user_uart.o [1]
HAL_UART_IRQHandler      0x800'3131  0x35c  Code  Gb  stm32l4xx_hal_uart.o [1]
HAL_UART_Init            0x800'2f8d   0x7a  Code  Gb  stm32l4xx_hal_uart.o [1]
HAL_UART_MspDeInit       0x800'1e05   0x80  Code  Gb  usart.o [1]
HAL_UART_MspInit         0x800'1be1  0x224  Code  Gb  usart.o [1]
HAL_UART_Receive_IT      0x800'30d3   0x5e  Code  Gb  stm32l4xx_hal_uart.o [1]
HAL_UART_RxCpltCallback
                         0x800'78c5   0x36  Code  Gb  user_uart.o [1]
HAL_UART_Transmit        0x800'3007   0xcc  Code  Gb  stm32l4xx_hal_uart.o [1]
Handle_Data_Measure      0x800'0425  0x102  Code  Gb  user_app_sensor.o [1]
Handle_Data_Recv_SS_DO   0x800'0675  0x13e  Code  Gb  user_app_sensor.o [1]
Handle_Data_Recv_Sensor
                         0x800'0539   0x20  Code  Gb  user_app_sensor.o [1]
Handle_Data_Trans_SS_DO
                         0x800'056d   0xfe  Code  Gb  user_app_sensor.o [1]
Handle_Data_Trans_Sensor
                         0x800'0527   0x12  Code  Gb  user_app_sensor.o [1]
Handle_Float_To_hexUint32
                         0x800'433d   0x24  Code  Gb  user_convert_variable.o [1]
Handle_State_SS_DO       0x800'07b9   0x6c  Code  Gb  user_app_sensor.o [1]
Handle_State_Sensor      0x800'0559   0x14  Code  Gb  user_app_sensor.o [1]
HardFault_Handler        0x800'da67    0x2  Code  Gb  stm32l4xx_it.o [1]
IndexUartError          0x2000'26db    0x1  Data  Lc  user_uart.o [1]
Init_AppRs485            0x800'c1b3   0x16  Code  Gb  user_app_rs485.o [1]
Init_AppSensor           0x800'11d9   0x3a  Code  Gb  user_app_sensor.o [1]
Init_InforSlaveModbusRTU
                         0x800'48c5   0x30  Code  Gb  user_app_modbus_rtu.o [1]
Init_ParamCalib          0x800'0dc9   0xd0  Code  Gb  user_app_sensor.o [1]
Init_TempAlarm           0x800'0e9d   0xa4  Code  Gb  user_app_sensor.o [1]
Init_UartRs485           0x800'c175   0x3e  Code  Gb  user_app_rs485.o [1]
Insert_String_To_String
                         0x800'4161   0x2a  Code  Gb  user_convert_variable.o [1]
Kind_Trans_Calib        0x2000'26d1    0x1  Data  Gb  user_app_sensor.o [1]
LPUART1_IRQHandler       0x800'dac1    0xa  Code  Gb  stm32l4xx_it.o [1]
Liberation_Sans15x21_Numbers
                         0x800'd628  0x228  Data  Lc  lcd_display.o [1]
MSIRangeTable            0x800'dbb0   0x30  Data  Gb  system_stm32l4xx.o [1]
MX_DMA_Init              0x800'8e39   0x60  Code  Gb  dma.o [1]
MX_GPIO_Init             0x800'8c69  0x1d0  Code  Gb  gpio.o [1]
MX_LPUART1_UART_Init     0x800'1b31   0x38  Code  Gb  usart.o [1]
MX_RTC_Init              0x800'8e99   0xf4  Code  Gb  rtc.o [1]
MX_SPI2_Init             0x800'8fe9   0x50  Code  Gb  spi.o [1]
MX_USART1_UART_Init      0x800'1b69   0x3c  Code  Gb  usart.o [1]
MX_USART3_UART_Init      0x800'1ba5   0x3c  Code  Gb  usart.o [1]
Main_Task                0x800'91b5   0x5a  Code  Gb  user_app_comm.o [1]
MemManage_Handler        0x800'da69    0x2  Code  Gb  stm32l4xx_it.o [1]
ModRTU_CRC               0x800'1427   0x3c  Code  Gb  user_modbus_rtu.o [1]
ModRTU_Master_Read_Frame
                         0x800'1463   0x9c  Code  Gb  user_modbus_rtu.o [1]
ModRTU_Master_Write_Frame
                         0x800'14ff   0xe8  Code  Gb  user_modbus_rtu.o [1]
ModRTU_Slave_ACK_Read_Frame
                         0x800'15e7   0xa2  Code  Gb  user_modbus_rtu.o [1]
ModRTU_Slave_ACK_Write_Frame
                         0x800'1689   0xee  Code  Gb  user_modbus_rtu.o [1]
Modem_Check_AT           0x800'bebd  0x1dc  Code  Gb  user_at_serial.o [1]
Modem_Check_RTU          0x800'48f5  0x37e  Code  Gb  user_app_modbus_rtu.o [1]
NMI_Handler              0x800'da65    0x2  Code  Gb  stm32l4xx_it.o [1]
NONE_Register_CallBack   0x800'44d5    0x6  Code  Gb  user_app_modbus_rtu.o [1]
NVIC_EncodePriority      0x800'57e3   0x40  Code  Lc  stm32l4xx_hal_cortex.o [1]
OldPosDMADebug          0x2000'26c0    0x2  Data  Lc  user_app_comm.o [1]
Old_Value_i16           0x2000'26bc    0x2  Data  Gb  button.o [1]
On_Speaker               0x800'25cb   0x24  Code  Gb  lcd_display.o [1]
OnchipFlashPageErase     0x800'43ed   0x5a  Code  Gb  onchipflash.o [1]
OnchipFlashWriteData     0x800'4361   0x8c  Code  Gb  onchipflash.o [1]
PendSV_Handler           0x800'da73    0x2  Code  Gb  stm32l4xx_it.o [1]
PortConfig              0x2000'26d5    0x1  Data  Gb  user_at_serial.o [1]
RC                       0x800'ccb7   0x22  Code  Gb  user_string.o [1]
RCCEx_PLLSAI1_Config     0x800'5195  0x16e  Code  Lc  stm32l4xx_hal_rcc_ex.o [1]
RCC_SetFlashLatencyFromMSIRange
                         0x800'8399   0x8a  Code  Lc  stm32l4xx_hal_rcc.o [1]
RS485SS_Init_Data        0x800'1ecd   0x10  Code  Gb  user_connect_sensor.o [1]
RS485SS_Init_RX_Mode     0x800'1edd   0x1e  Code  Gb  user_connect_sensor.o [1]
RS485SS_Rx_Callback      0x800'1efd   0x34  Code  Gb  user_connect_sensor.o [1]
RS485SS_Stop_RX_Mode     0x800'1efb    0x2  Code  Gb  user_connect_sensor.o [1]
RS485_Done_Calib         0x800'0b2d   0x1a  Code  Gb  user_app_sensor.o [1]
RS485_Enter_Calib        0x800'0b47   0x1e  Code  Gb  user_app_sensor.o [1]
RS485_Init_RX_Mode       0x800'b0d5   0x1e  Code  Gb  user_rs485.o [1]
RS485_LogData_Calib      0x800'0b65   0x78  Code  Gb  user_app_sensor.o [1]
RS485_Rx_Callback        0x800'b0f5   0x3c  Code  Gb  user_rs485.o [1]
RS485_Stop_RX_Mode       0x800'b0f3    0x2  Code  Gb  user_rs485.o [1]
RTC_AlarmStructure      0x2000'2508   0x2c  Data  Lc  user_rtc.o [1]
RTC_Alarm_IRQHandler     0x800'daad    0xa  Code  Gb  stm32l4xx_it.o [1]
RTC_Bcd2ToByte           0x800'bb95   0x16  Code  Gb  stm32l4xx_hal_rtc.o [1]
RTC_ByteToBcd2           0x800'bb79   0x1c  Code  Gb  stm32l4xx_hal_rtc.o [1]
RTC_EnterInitMode        0x800'baaf   0x4c  Code  Gb  stm32l4xx_hal_rtc.o [1]
RTC_ExitInitMode         0x800'bafb   0x58  Code  Gb  stm32l4xx_hal_rtc.o [1]
RTC_GetCalendarValue     0x800'cabf   0x90  Code  Lc  user_rtc.o [1]
RTC_IF_Convert_Tick2ms   0x800'c8dd   0x10  Code  Gb  user_rtc.o [1]
RTC_IF_Convert_ms2Tick   0x800'c8cb   0x12  Code  Gb  user_rtc.o [1]
RTC_IF_GetMinimumTimeout
                         0x800'c8c7    0x4  Code  Gb  user_rtc.o [1]
RTC_IF_GetTimerContext   0x800'c88b    0x8  Code  Gb  user_rtc.o [1]
RTC_IF_GetTimerElapsedTime
                         0x800'c893   0x16  Code  Gb  user_rtc.o [1]
RTC_IF_GetTimerValue     0x800'c8a9   0x1e  Code  Gb  user_rtc.o [1]
RTC_IF_Init              0x800'c815   0x30  Code  Gb  user_rtc.o [1]
RTC_IF_SetTimerContext   0x800'c875   0x16  Code  Gb  user_rtc.o [1]
RTC_IF_StartTimer        0x800'c845    0xe  Code  Gb  user_rtc.o [1]
RTC_IF_StopTimer         0x800'c853   0x22  Code  Gb  user_rtc.o [1]
RTC_Initalized          0x2000'26da    0x1  Data  Lc  user_rtc.o [1]
RTC_StartWakeUpAlarm     0x800'c8f9  0x1c6  Code  Lc  user_rtc.o [1]
ReInit_Rx_Mode_Uart_Error
                         0x800'7977   0x5a  Code  Gb  user_uart.o [1]
Read_Register_Rs485      0x800'0c09   0x66  Code  Gb  user_app_sensor.o [1]
Region$$Table$$Base      0x800'dca8          --   Gb  - Linker created -
Region$$Table$$Limit     0x800'dcc8          --   Gb  - Linker created -
Reset_Buff               0x800'2dd9   0x24  Code  Gb  user_util.o [1]
Rs485SSStatus_u8        0x2000'26d7    0x1  Data  Gb  user_connect_sensor.o [1]
Rs485Status_u8          0x2000'26d9    0x1  Data  Gb  user_rs485.o [1]
RtCountSystick_u32      0x2000'26ac    0x4  Data  Gb  user_util.o [1]
RtcTimerContext         0x2000'25d0   0x1c  Data  Lc  user_rtc.o [1]
SPI_EndRxTxTransaction   0x800'a099   0x6a  Code  Lc  stm32l4xx_hal_spi.o [1]
SPI_WaitFifoStateUntilTimeout
                         0x800'9fa7   0xee  Code  Lc  stm32l4xx_hal_spi.o [1]
SPI_WaitFlagStateUntilTimeout
                         0x800'9ecf   0xd8  Code  Lc  stm32l4xx_hal_spi.o [1]
SVC_Handler              0x800'da6f    0x2  Code  Gb  stm32l4xx_it.o [1]
Save_Array               0x800'444d   0x86  Code  Gb  onchipflash.o [1]
Save_InforSlaveModbusRTU
                         0x800'4881   0x44  Code  Gb  user_app_modbus_rtu.o [1]
Save_ParamCalib          0x800'0cbd   0xfe  Code  Gb  user_app_sensor.o [1]
Send_RS458_Master        0x800'4849   0x38  Code  Gb  user_app_modbus_rtu.o [1]
Send_RS458_Sensor        0x800'0c6f   0x3e  Code  Gb  user_app_sensor.o [1]
SysApp_Init              0x800'916d    0xc  Code  Gb  user_app_comm.o [1]
SysApp_Setting           0x800'9179   0x3c  Code  Gb  user_app_comm.o [1]
SysTick_Config           0x800'5823   0x30  Code  Lc  stm32l4xx_hal_cortex.o [1]
SysTick_Handler          0x800'da75   0x10  Code  Gb  stm32l4xx_it.o [1]
SystemClock_Config       0x800'4d89   0x92  Code  Gb  main.o [1]
SystemCoreClock         0x2000'03fc    0x4  Data  Gb  system_stm32l4xx.o [1]
SystemInit               0x800'e0f1    0xc  Code  Gb  system_stm32l4xx.o [1]
TRACE_AllocateBufer      0x800'b2a5   0xa2  Code  Lc  user_adv_trace.o [1]
TRACE_IsLocked           0x800'b35b   0x10  Code  Lc  user_adv_trace.o [1]
TRACE_Lock               0x800'b347    0xa  Code  Lc  user_adv_trace.o [1]
TRACE_Send               0x800'b21f   0x84  Code  Lc  user_adv_trace.o [1]
TRACE_UnLock             0x800'b351    0xa  Code  Lc  user_adv_trace.o [1]
TimerExists              0x800'be25   0x1a  Code  Gb  user_timer.o [1]
TimerInsertNewHeadTimer
                         0x800'be99   0x1c  Code  Gb  user_timer.o [1]
TimerInsertTimer         0x800'be6b   0x2e  Code  Gb  user_timer.o [1]
TimerListHead           0x2000'26a8    0x4  Data  Lc  user_timer.o [1]
TimerSetTimeout          0x800'be3f   0x2c  Code  Gb  user_timer.o [1]
TimerTx                 0x2000'261c   0x18  Data  Lc  user_app_comm.o [1]
TxCpltCallback          0x2000'2688    0x4  Data  Lc  user_app_comm.o [1]
UART_AdvFeatureConfig    0x800'3789   0xda  Code  Gb  stm32l4xx_hal_uart.o [1]
UART_CheckIdleState      0x800'3863   0xd2  Code  Gb  stm32l4xx_hal_uart.o [1]
UART_DMAAbortOnError     0x800'3d15   0x1a  Code  Lc  stm32l4xx_hal_uart.o [1]
UART_DMAError            0x800'3cc5   0x50  Code  Lc  stm32l4xx_hal_uart.o [1]
UART_DMAReceiveCplt      0x800'3bf9   0xa2  Code  Lc  stm32l4xx_hal_uart.o [1]
UART_DMARxHalfCplt       0x800'3c9d   0x28  Code  Lc  stm32l4xx_hal_uart.o [1]
UART_EndRxTransfer       0x800'3b9b   0x5e  Code  Lc  stm32l4xx_hal_uart.o [1]
UART_EndTransmit_IT      0x800'3d2f   0x2a  Code  Lc  stm32l4xx_hal_uart.o [1]
UART_EndTxTransfer       0x800'3b7f   0x1c  Code  Lc  stm32l4xx_hal_uart.o [1]
UART_RxISR_16BIT         0x800'3e4d   0xee  Code  Lc  stm32l4xx_hal_uart.o [1]
UART_RxISR_8BIT          0x800'3d59   0xec  Code  Lc  stm32l4xx_hal_uart.o [1]
UART_SetConfig           0x800'3491  0x2ec  Code  Gb  stm32l4xx_hal_uart.o [1]
UART_Start_Receive_DMA   0x800'3ac3   0xbc  Code  Gb  stm32l4xx_hal_uart.o [1]
UART_Start_Receive_IT    0x800'39d3   0xf0  Code  Gb  stm32l4xx_hal_uart.o [1]
UART_WaitOnFlagUntilTimeout
                         0x800'3935   0x9e  Code  Gb  stm32l4xx_hal_uart.o [1]
USART1_IRQHandler        0x800'da99    0xa  Code  Gb  stm32l4xx_it.o [1]
USART3_IRQHandler        0x800'daa3    0xa  Code  Gb  stm32l4xx_it.o [1]
UTIL_ADV_TRACE_COND_FSend
                         0x800'b145   0xda  Code  Gb  user_adv_trace.o [1]
UTIL_Log_Str             0x800'2e5d   0x36  Code  Gb  user_util.o [1]
UTIL_MEM_cpy             0x800'2e99   0x1e  Code  Gb  user_util.o [1]
UTIL_MEM_set             0x800'2dfd   0x18  Code  Gb  user_util.o [1]
UTIL_Printf              0x800'2e15   0x2c  Code  Gb  user_util.o [1]
UTIL_Printf_Str          0x800'2e41   0x1c  Code  Gb  user_util.o [1]
UTIL_TIMER_Create        0x800'bbc1   0x4c  Code  Gb  user_timer.o [1]
UTIL_TIMER_IRQ_Handler   0x800'bd73   0xb2  Code  Gb  user_timer.o [1]
UTIL_TIMER_Init          0x800'bbad   0x14  Code  Gb  user_timer.o [1]
UTIL_TIMER_SetPeriod     0x800'bd39   0x3a  Code  Gb  user_timer.o [1]
UTIL_TIMER_Start         0x800'bc0d   0x92  Code  Gb  user_timer.o [1]
UTIL_TIMER_Stop          0x800'bc9f   0x9a  Code  Gb  user_timer.o [1]
UTIL_TimerDriver         0x800'dbe0   0x2c  Data  Gb  user_rtc.o [1]
UTIL_TraceDriver         0x800'e16c    0xc  Data  Gb  user_app_comm.o [1]
Uart485RxByte           0x2000'26d8    0x1  Data  Lc  user_rs485.o [1]
Uart485SSRxByte         0x2000'26d6    0x1  Data  Lc  user_connect_sensor.o [1]
UartDebugBuff           0x2000'0a90  0x4b0  Data  Gb  user_app_comm.o [1]
UartDebugCountFail      0x2000'26c8    0x2  Data  Lc  user_uart.o [1]
UartDebugRxByte         0x2000'26ce    0x1  Data  Gb  user_app_comm.o [1]
Update_ParaDisplay       0x800'25f1   0xca  Code  Gb  lcd_display.o [1]
UsageFault_Handler       0x800'da6d    0x2  Code  Gb  stm32l4xx_it.o [1]
User_RTC_Init            0x800'c7dd   0x38  Code  Lc  user_rtc.o [1]
UtilFloatToString        0x800'2f15   0x2e  Code  Gb  user_util.o [1]
UtilIntToStringWithScale
                         0x800'2d79   0x60  Code  Gb  user_util.o [1]
VLevelDebug             0x2000'0a8c    0x1  Data  Gb  user_util.o [1]
_Cb_Display_Auto_SW      0x800'24eb   0x7e  Code  Lc  lcd_display.o [1]
_Cb_Display_Auto_SW::MarkButtPressed
                        0x2000'26cd    0x1  Data  Lc  lcd_display.o [1]
_Cb_Display_Auto_SW::cNext
                        0x2000'26be    0x2  Data  Lc  lcd_display.o [1]
_Cb_Display_Init         0x800'2375   0x52  Code  Lc  lcd_display.o [1]
_Cb_Display_Logo         0x800'23c7   0xa8  Code  Lc  lcd_display.o [1]
_Cb_Display_Logo::step_u8
                        0x2000'26cb    0x1  Data  Lc  lcd_display.o [1]
_Cb_Display_Show         0x800'246f   0x7c  Code  Lc  lcd_display.o [1]
_Cb_Display_Show::LandMarkChange_u32
                        0x2000'2680    0x4  Data  Lc  lcd_display.o [1]
_Cb_Display_Show::ScreenLast
                        0x2000'26cc    0x1  Data  Lc  lcd_display.o [1]
_Cb_HandLer_IDLE         0x800'915b    0x6  Code  Lc  user_app_comm.o [1]
_Cb_Off_Speaker          0x800'25b5   0x16  Code  Lc  lcd_display.o [1]
_Cb_R_ModbusRTU_REG_Baudrate
                         0x800'4581   0x2e  Code  Gb  user_app_modbus_rtu.o [1]
_Cb_R_ModbusRTU_REG_DO_Per_Measure
                         0x800'46d1   0x5a  Code  Gb  user_app_modbus_rtu.o [1]
_Cb_R_ModbusRTU_REG_ID   0x800'44db   0x2e  Code  Gb  user_app_modbus_rtu.o [1]
_Cb_R_ModbusRTU_REG_Salt_Compensation
                         0x800'472b   0x5a  Code  Gb  user_app_modbus_rtu.o [1]
_Cb_R_ModbusRTU_REG_Temp_Measure
                         0x800'4677   0x5a  Code  Gb  user_app_modbus_rtu.o [1]
_Cb_R_ModbusRTU_REG_pH_Measure
                         0x800'461d   0x5a  Code  Gb  user_app_modbus_rtu.o [1]
_Cb_Save_Box             0x800'9167    0x6  Code  Lc  user_app_comm.o [1]
_Cb_Set_RTC              0x800'913f   0x1c  Code  Lc  user_app_comm.o [1]
_Cb_TX_Timer_Event       0x800'92d9   0x1a  Code  Lc  user_app_comm.o [1]
_Cb_Timer_IRQ            0x800'90b1    0xc  Code  Lc  user_app_comm.o [1]
_Cb_Tx_Timer             0x800'9161    0x6  Code  Lc  user_app_comm.o [1]
_Cb_Uart_Error           0x800'9133    0xc  Code  Lc  user_app_comm.o [1]
_Cb_Uart_Rx_Debug        0x800'90bd   0x76  Code  Lc  user_app_comm.o [1]
_Cb_Uart_Rx_Debug::LastLengthRecv
                        0x2000'26c2    0x2  Data  Lc  user_app_comm.o [1]
_Cb_Uart_Rx_Debug::MarkFirstRecvUart
                        0x2000'26cf    0x1  Data  Lc  user_app_comm.o [1]
_Cb_W_ModbusRTU_REG_Baudrate
                         0x800'45af   0x6e  Code  Gb  user_app_modbus_rtu.o [1]
_Cb_W_ModbusRTU_REG_ID   0x800'4509   0x78  Code  Gb  user_app_modbus_rtu.o [1]
_Cb_W_ModbusRTU_REG_Salt_Compensation
                         0x800'4785   0xc4  Code  Gb  user_app_modbus_rtu.o [1]
_Cb_button_detect        0x800'259d   0x18  Code  Lc  lcd_display.o [1]
_Cb_button_scan          0x800'2569   0x34  Code  Lc  lcd_display.o [1]
_LitobFullNoMb           0x800'aecd  0x10a  Code  Lc  xprintffull_nomb.o [2]
_Locale_lconv           0x2000'0a50   0x38  Data  Lc  xlocale_c.o [2]
_PrintfFullNoMb          0x800'a10d  0xd9c  Code  Gb  xprintffull_nomb.o [2]
_PutcharFullNoMb         0x800'b03d   0x20  Code  Lc  xprintffull_nomb.o [2]
_PutcharsFullNoMb        0x800'b05d   0x2e  Code  Lc  xprintffull_nomb.o [2]
_SProut                  0x800'1fa3    0xa  Code  Gb  xsprout.o [2]
__NVIC_DisableIRQ        0x800'5791   0x26  Code  Lc  stm32l4xx_hal_cortex.o [1]
__NVIC_EnableIRQ         0x800'5771   0x20  Code  Lc  stm32l4xx_hal_cortex.o [1]
__NVIC_GetPriorityGrouping
                         0x800'5763    0xc  Code  Lc  stm32l4xx_hal_cortex.o [1]
__NVIC_SetPriority       0x800'57b7   0x2c  Code  Lc  stm32l4xx_hal_cortex.o [1]
__NVIC_SetPriorityGrouping
                         0x800'5741   0x22  Code  Lc  stm32l4xx_hal_cortex.o [1]
__aeabi_cdcmpeq          0x800'961d         Code  Gb  DblCmpEq.o [3]
__aeabi_cdcmple          0x800'96ad         Code  Gb  DblCmpLe.o [3]
__aeabi_cdrcmple         0x800'97c1         Code  Gb  DblCmpGe.o [3]
__aeabi_d2f              0x800'220d         Code  Gb  DblToFlt.o [3]
__aeabi_d2iz             0x800'89b1         Code  Gb  DblToS32.o [3]
__aeabi_d2uiz            0x800'c45d         Code  Gb  DblToU32.o [3]
__aeabi_dadd             0x800'8835         Code  Gb  DblAdd.o [3]
__aeabi_ddiv             0x800'1fc5         Code  Gb  DblDiv.o [3]
__aeabi_dmul             0x800'8691         Code  Gb  DblMul.o [3]
__aeabi_dsub             0x800'96dd         Code  Gb  DblSub.o [3]
__aeabi_f2d              0x800'1f41         Code  Gb  FltToDbl.o [3]
__aeabi_i2d              0x800'7861         Code  Gb  S32ToDbl.o [3]
__aeabi_ldiv0            0x800'b3e1         Code  Gb  I64DivZer.o [4]
__aeabi_memcpy           0x800'4ca9         Code  Gb  ABImemcpy.o [4]
__aeabi_memcpy4          0x800'4cc9         Code  Gb  ABImemcpy.o [4]
__aeabi_memcpy8          0x800'4cc9         Code  Gb  ABImemcpy.o [4]
__aeabi_memset           0x800'13c1         Code  Gb  ABImemset.o [4]
__aeabi_ui2d             0x800'1f89         Code  Gb  U32ToDbl.o [3]
__aeabi_uldivmod         0x800'845d         Code  Gb  I64DivMod.o [4]
__cmain                  0x800'dd09         Code  Gb  cmain.o [4]
__exit                   0x800'cdbd   0x14  Code  Gb  exit.o [5]
__iar_Exp64              0x800'97f1  0x388  Code  Gb  iar_Exp64.o [3]
__iar_Fail_s             0x800'c3c5   0x1c  Code  Gb  xfail_s.o [2]
__iar_Memchr             0x800'c405         Code  Gb  memchr.o [4]
__iar_Memset             0x800'13c1         Code  Gb  ABImemset.o [4]
__iar_Memset_word        0x800'13c9         Code  Gb  ABImemset.o [4]
__iar_Strchr             0x800'c3ad         Code  Gb  strchr.o [4]
__iar_dadd               0x800'96ed         Code  Gb  DblSub.o [3]
__iar_data_init3         0x800'dc5d   0x28  Code  Gb  data_init.o [4]
__iar_dsub               0x800'8845         Code  Gb  DblAdd.o [3]
__iar_dsubStart          0x800'8857         Code  Gb  DblAdd.o [3]
__iar_frexp              0x800'9649         Code  Gb  frexp.o [3]
__iar_frexpl             0x800'9649         Code  Gb  frexp.o [3]
__iar_init_vfp           0x800'dc85         Code  Gb  fpinit_M.o [3]
__iar_ldexp64            0x800'c271         Code  Gb  ldexp.o [3]
__iar_lz77_init_single3
                         0x800'db05   0x78  Code  Gb  lz77_init_single.o [4]
__iar_pow64              0x800'58d5  0x6ec  Code  Gb  pow64.o [3]
__iar_pow_medium         0x800'58d5  0x6ec  Code  Gb  pow64.o [3]
__iar_pow_medium64       0x800'58d5  0x6ec  Code  Gb  pow64.o [3]
__iar_pow_mediuml        0x800'58d5  0x6ec  Code  Gb  pow64.o [3]
__iar_program_start      0x800'e2ed         Code  Gb  cstartup_M.o [4]
__iar_scalbln64          0x800'c271         Code  Gb  ldexp.o [3]
__iar_scalbn64           0x800'c271         Code  Gb  ldexp.o [3]
__iar_softfp___iar_frexp64
                         0x800'963d         Code  Gb  frexp.o [3]
__iar_softfp_frexp       0x800'963d         Code  Gb  frexp.o [3]
__iar_softfp_frexpl      0x800'963d         Code  Gb  frexp.o [3]
__iar_vfp_pow            0x800'1fb3   0x10  Code  Gb  math_wrappers64.o [3]
__iar_zero_init3         0x800'1777   0x3a  Code  Gb  zero_init3.o [4]
__low_level_init         0x800'dd27    0x4  Code  Gb  low_level_init.o [2]
__vector_table           0x800'0000         Data  Gb  startup_stm32l433xx.o [1]
_call_main               0x800'dd15         Code  Gb  cmain.o [4]
_exit                    0x800'dd31         Code  Gb  cexit.o [4]
_main                    0x800'dd23         Code  Gb  cmain.o [4]
aAT_CMD                 0x2000'2258   0x80  Data  Lc  user_at_serial.o [1]
aBaudrate_value         0x2000'050c   0x2c  Data  Gb  user_app_modbus_rtu.o [1]
aDATA_CALIB             0x2000'268c    0x4  Data  Gb  user_app_sensor.o [1]
aDATA_CONFIG            0x2000'2058   0x80  Data  Lc  user_app_modbus_rtu.o [1]
aDATA_CONFIG            0x2000'21d8   0x80  Data  Lc  user_at_serial.o [1]
aDATA_LOG_REGISTER      0x2000'20d8   0x80  Data  Lc  user_app_modbus_rtu.o [1]
aPASSWORD               0x2000'0084    0x4  Data  Gb  lcd_display.o [1]
aSTT_SETTING_DONE       0x2000'00b8   0x10  Data  Gb  lcd_display.o [1]
aSTT_SETTING_ENTER      0x2000'0098   0x10  Data  Gb  lcd_display.o [1]
aSTT_SETTING_ERROR      0x2000'00c8   0x10  Data  Gb  lcd_display.o [1]
aSTT_SETTING_FREE       0x2000'0088   0x10  Data  Gb  lcd_display.o [1]
aSTT_SETTING_WAIT       0x2000'00a8   0x10  Data  Gb  lcd_display.o [1]
aSampling_STT           0x2000'2534   0x28  Data  Gb  user_app_sensor.o [1]
aSampling_VALUE         0x2000'255c   0x28  Data  Gb  user_app_sensor.o [1]
aTEST                   0x2000'0000    0xc  Data  Lc  button.o [1]
aUART_485SS_DATA        0x2000'1940  0x200  Data  Lc  user_connect_sensor.o [1]
aUART_485_DATA          0x2000'1b40  0x200  Data  Lc  user_rs485.o [1]
aUART_DBG_DMA_RX        0x2000'233c   0x64  Data  Lc  user_app_comm.o [1]
abort                    0x800'cd6d    0x6  Code  Gb  abort.o [2]
abs                      0x800'a103    0x8  Code  Gb  abs.o [2]
aframe                  0x2000'2158   0x80  Data  Gb  user_app_modbus_rtu.o [1]
bmp_SV_logo_12864        0x800'd228  0x400  Data  Gb  unit_tests.o [1]
charNotDetectPress      0x2000'0a8a    0x1  Data  Lc  lcd_display.o [1]
delay_ms                 0x800'6055    0xc  Code  Gb  STM32L4.o [1]
ee_number                0x800'c4b5  0x146  Code  Lc  user_tiny_vsnprintf.o [1]
ee_skip_atoi             0x800'c48d   0x28  Code  Lc  user_tiny_vsnprintf.o [1]
exit                     0x800'dd2b    0x4  Code  Gb  exit.o [2]
fevent_active            0x800'136d   0x1e  Code  Gb  event_driven.o [1]
fevent_detect_salt_recv
                         0x800'031b   0x1c  Code  Lc  user_app_sensor.o [1]
fevent_disable           0x800'13af   0x12  Code  Gb  event_driven.o [1]
fevent_enable            0x800'138b   0x24  Code  Gb  event_driven.o [1]
fevent_refresh_wdg_hard
                         0x800'034b   0x52  Code  Lc  user_app_sensor.o [1]
fevent_refresh_wdg_hard::state
                        0x2000'26d2    0x1  Data  Lc  user_app_sensor.o [1]
fevent_rs485_entry       0x800'c0f1   0x12  Code  Lc  user_app_rs485.o [1]
fevent_rs485_init_uart   0x800'c103   0x2e  Code  Lc  user_app_rs485.o [1]
fevent_rs485_init_uart::stamp
                        0x2000'26d0    0x1  Data  Lc  user_app_rs485.o [1]
fevent_rs485_receive_complete
                         0x800'c131   0x24  Code  Lc  user_app_rs485.o [1]
fevent_rs485_refresh     0x800'c155   0x20  Code  Lc  user_app_rs485.o [1]
fevent_sensor_entry      0x800'018d   0x12  Code  Lc  user_app_sensor.o [1]
fevent_sensor_receive_complete
                         0x800'0251   0xb6  Code  Lc  user_app_sensor.o [1]
fevent_sensor_receive_handle
                         0x800'0211   0x40  Code  Lc  user_app_sensor.o [1]
fevent_sensor_reset      0x800'039d   0x88  Code  Lc  user_app_sensor.o [1]
fevent_sensor_reset::state
                        0x2000'26d3    0x1  Data  Lc  user_app_sensor.o [1]
fevent_sensor_transmit   0x800'019f   0x72  Code  Lc  user_app_sensor.o [1]
fevent_sensor_wait_calib
                         0x800'0307   0x14  Code  Lc  user_app_sensor.o [1]
fevent_temp_alarm        0x800'0337   0x14  Code  Lc  user_app_sensor.o [1]
font_current            0x2000'2644    0xc  Data  Gb  text.o [1]
glcd_ST7565R_init        0x800'6511   0x34  Code  Gb  ST7565R.o [1]
glcd_bbox               0x2000'2674    0x4  Data  Gb  glcd.o [1]
glcd_bbox_refresh        0x800'6399   0x1c  Code  Gb  glcd.o [1]
glcd_bbox_selected      0x2000'267c    0x4  Data  Gb  glcd.o [1]
glcd_buffer             0x2000'0f40  0x400  Data  Gb  glcd.o [1]
glcd_buffer_selected    0x2000'2678    0x4  Data  Gb  glcd.o [1]
glcd_clear_buffer        0x800'63b5   0x24  Code  Gb  glcd.o [1]
glcd_command             0x800'63ed   0x1a  Code  Gb  ST7565R.o [1]
glcd_data                0x800'6407   0x1a  Code  Gb  ST7565R.o [1]
glcd_draw_bitmap         0x800'7839   0x1e  Code  Gb  graphics.o [1]
glcd_draw_char_xy        0x800'72eb  0x33a  Code  Gb  text.o [1]
glcd_draw_line           0x800'772d  0x10c  Code  Gb  graphics.o [1]
glcd_draw_string_xy      0x800'7625   0x38  Code  Gb  text.o [1]
glcd_enable_backlight    0x800'5fe5    0x2  Code  Gb  STM32L4.o [1]
glcd_init                0x800'5fc1   0x24  Code  Gb  STM32L4.o [1]
glcd_reset               0x800'6011   0x34  Code  Gb  STM32L4.o [1]
glcd_reset_bbox          0x800'637d   0x1c  Code  Gb  glcd.o [1]
glcd_select_screen       0x800'63d9    0xa  Code  Gb  glcd.o [1]
glcd_set_column_lower    0x800'6485    0xe  Code  Gb  ST7565R.o [1]
glcd_set_column_upper    0x800'646f   0x16  Code  Gb  ST7565R.o [1]
glcd_set_contrast        0x800'6421   0x24  Code  Gb  ST7565R.o [1]
glcd_set_font            0x800'72d1   0x1a  Code  Gb  text.o [1]
glcd_set_pixel           0x800'7661   0xcc  Code  Gb  graphics.o [1]
glcd_set_x_address       0x800'6459   0x16  Code  Gb  ST7565R.o [1]
glcd_set_y_address       0x800'6445   0x14  Code  Gb  ST7565R.o [1]
glcd_spi_write           0x800'5fe7   0x2a  Code  Gb  STM32L4.o [1]
glcd_test_bitmap_128x64
                         0x800'62f1    0xe  Code  Gb  unit_tests.o [1]
glcd_tiny_draw_char      0x800'607b  0x21a  Code  Gb  text_tiny.o [1]
glcd_tiny_draw_string    0x800'6295   0x54  Code  Gb  text_tiny.o [1]
glcd_tiny_set_font       0x800'6061   0x1a  Code  Gb  text_tiny.o [1]
glcd_update_bbox         0x800'6305   0x78  Code  Gb  glcd.o [1]
glcd_write               0x800'6493   0x70  Code  Gb  ST7565R.o [1]
hdma_lpuart_rx          0x2000'2400   0x48  Data  Gb  usart.o [1]
hdma_usart1_rx          0x2000'2448   0x48  Data  Gb  usart.o [1]
hdma_usart3_rx          0x2000'2490   0x48  Data  Gb  usart.o [1]
hlpuart1                0x2000'1ec0   0x88  Data  Gb  usart.o [1]
hrtc                    0x2000'25ac   0x24  Data  Gb  rtc.o [1]
hspi2                   0x2000'22d8   0x64  Data  Gb  spi.o [1]
huart1                  0x2000'1f48   0x88  Data  Gb  usart.o [1]
huart3                  0x2000'1fd0   0x88  Data  Gb  usart.o [1]
ldexp                    0x800'c271         Code  Gb  ldexp.o [3]
ldexpl                   0x800'c271         Code  Gb  ldexp.o [3]
lnbias                   0x800'ce08  0x420  Data  Lc  pow64.o [3]
localeconv               0x800'c485    0x4  Code  Gb  xlocale_c.o [2]
lower_digits            0x2000'0a48    0x4  Data  Lc  user_tiny_vsnprintf.o [1]
main                     0x800'4d5d   0x2c  Code  Gb  main.o [1]
memchr                   0x800'c405         Code  Gb  memchr.o [4]
memset                   0x800'4e1f   0x14  Code  Gb  memset.o [4]
pFlash                  0x2000'03dc   0x20  Data  Gb  stm32l4xx_hal_flash.o [1]
pFunc_UTIL_Debug_Send   0x2000'26b4    0x4  Data  Gb  user_util.o [1]
pFunc_UTIL_Log_To_Mem   0x2000'26b0    0x4  Data  Gb  user_util.o [1]
pModemProcessIRQTimer   0x2000'26a4    0x4  Data  Gb  user_rtc.o [1]
pow                      0x800'58d5  0x6ec  Code  Gb  pow64.o [3]
powl                     0x800'58d5  0x6ec  Code  Gb  pow64.o [3]
quickSort_Sampling       0x800'0825   0x9a  Code  Gb  user_app_sensor.o [1]
quickSort_Sampling_Value
                         0x800'08c1   0xdc  Code  Gb  user_app_sensor.o [1]
quickSort_Sampling_Value::Handle_Once
                        0x2000'26d4    0x1  Data  Lc  user_app_sensor.o [1]
sButton                 0x2000'25ec   0x18  Data  Gb  button.o [1]
sCheckList_Reg_Modbus_RTU
                        0x2000'0480   0x8c  Data  Gb  user_app_modbus_rtu.o [1]
sData_Calib             0x2000'0610    0x8  Data  Gb  user_app_sensor.o [1]
sEventAppComm           0x2000'0400   0x70  Data  Gb  user_app_comm.o [1]
sEventAppRs485          0x2000'0540   0x40  Data  Gb  user_app_rs485.o [1]
sEventAppSensor         0x2000'0580   0x90  Data  Gb  user_app_sensor.o [1]
sEventDisplay           0x2000'000c   0x70  Data  Gb  lcd_display.o [1]
sFirmVersion            0x2000'0470    0x8  Data  Gb  user_app_comm.o [1]
sHandleRs485            0x2000'2690    0x4  Data  Gb  user_app_sensor.o [1]
sKindMode485            0x2000'26c6    0x2  Data  Gb  user_app_sensor.o [1]
sLCD                    0x2000'2634   0x10  Data  Gb  lcd_display.o [1]
sLCDObject              0x2000'00d8  0x300  Data  Gb  lcd_display.o [1]
sLogData_ModbusRTU      0x2000'0538    0x8  Data  Gb  user_app_modbus_rtu.o [1]
sModelVersion           0x2000'007c    0x8  Data  Gb  lcd_display.o [1]
sParaDisplay            0x2000'24d8   0x30  Data  Gb  lcd_display.o [1]
sRTC                    0x2000'265c    0xc  Data  Gb  user_util.o [1]
sSaltPSU_RecvMaster     0x2000'2668    0x8  Data  Gb  user_app_sensor.o [1]
sSensor_DO              0x2000'2584   0x28  Data  Gb  user_app_sensor.o [1]
sSlave_ModbusRTU        0x2000'0a88    0x2  Data  Gb  user_app_modbus_rtu.o [1]
sTempAlarm              0x2000'2650    0xc  Data  Gb  user_app_sensor.o [1]
sUart485                0x2000'0a40    0x8  Data  Gb  user_rs485.o [1]
sUart485SS              0x2000'0a38    0x8  Data  Gb  user_connect_sensor.o [1]
sUartDebug              0x2000'0478    0x8  Data  Gb  user_app_comm.o [1]
scalbln                  0x800'c271         Code  Gb  ldexp.o [3]
scalblnl                 0x800'c271         Code  Gb  ldexp.o [3]
scalbn                   0x800'c271         Code  Gb  ldexp.o [3]
scalbnl                  0x800'c271         Code  Gb  ldexp.o [3]
scale                    0x800'afd7   0x46  Code  Lc  xprintffull_nomb.o [2]
sec_hand                0x2000'26b8    0x4  Data  Lc  xfail_s.o [2]
sprintf                  0x800'7885   0x40  Code  Gb  sprintf.o [2]
strATcmd                0x2000'0620    0x8  Data  Gb  user_at_serial.o [1]
strchr                   0x800'c3ad         Code  Gb  strchr.o [4]
strlen                   0x800'7299         Code  Gb  strlen.o [4]
sztmp                   0x2000'1740  0x200  Data  Lc  user_adv_trace.o [1]
tiny_vsnprintf_like      0x800'c5fb  0x1d6  Code  Gb  user_tiny_vsnprintf.o [1]
upper_digits            0x2000'0a4c    0x4  Data  Lc  user_tiny_vsnprintf.o [1]
uwTick                  0x2000'2684    0x4  Data  Gb  stm32l4xx_hal.o [1]
uwTickFreq              0x2000'0a8b    0x1  Data  Gb  stm32l4xx_hal.o [1]
uwTickPrio              0x2000'03d8    0x4  Data  Gb  stm32l4xx_hal.o [1]
vcom_DeInit              0x800'94f3   0x1e  Code  Gb  user_app_comm.o [1]
vcom_Init                0x800'94e9    0xa  Code  Gb  user_app_comm.o [1]
vcom_Trace_DMA           0x800'9511   0x24  Code  Gb  user_app_comm.o [1]


[1] = D:\Saoviet_Git\Saoviet_EnviroTrack_M_And_S_RawWater\Project_Slave_Chemins_DO\Project_Slave_Sensor_EnviroTrack\EWARM\Project_Slave_Sensor_EnviroTrack\Obj
[2] = dl7M_tlf.a
[3] = m7M_tls.a
[4] = rt7M_tl.a
[5] = shb_l.a

  53'369 bytes of readonly  code memory
   6'395 bytes of readonly  data memory
  10'969 bytes of readwrite data memory

Errors: none
Warnings: none
