###############################################################################
#
# IAR ELF Linker V8.40.2.214/W32 for ARM                  22/Nov/2025  10:05:42
# Copyright 2007-2019 IAR Systems AB.
#
#    Output file  =
#        D:\Saoviet_Git\Saoviet_EnviroTrack_M_And_S_RawWater\Project_Slave_Chemins_DO\Project_Slave_Sensor_EnviroTrack\EWARM\Project_Slave_Sensor_EnviroTrack\Exe\Project_Slave_Sensor_EnviroTrack.out
#    Map file     =
#        D:\Saoviet_Git\Saoviet_EnviroTrack_M_And_S_RawWater\Project_Slave_Chemins_DO\Project_Slave_Sensor_EnviroTrack\EWARM\Project_Slave_Sensor_EnviroTrack\List\Project_Slave_Sensor_EnviroTrack.map
#    Command line =
#        -f C:\Users\PC\AppData\Local\Temp\EW4717.tmp
#        (D:\Saoviet_Git\Saoviet_EnviroTrack_M_And_S_RawWater\Project_Slave_Chemins_DO\Project_Slave_Sensor_EnviroTrack\EWARM\Project_Slave_Sensor_EnviroTrack\Obj\button.o
#        D:\Saoviet_Git\Saoviet_EnviroTrack_M_And_S_RawWater\Project_Slave_Chemins_DO\Project_Slave_Sensor_EnviroTrack\EWARM\Project_Slave_Sensor_EnviroTrack\Obj\dma.o
#        D:\Saoviet_Git\Saoviet_EnviroTrack_M_And_S_RawWater\Project_Slave_Chemins_DO\Project_Slave_Sensor_EnviroTrack\EWARM\Project_Slave_Sensor_EnviroTrack\Obj\event_driven.o
#        D:\Saoviet_Git\Saoviet_EnviroTrack_M_And_S_RawWater\Project_Slave_Chemins_DO\Project_Slave_Sensor_EnviroTrack\EWARM\Project_Slave_Sensor_EnviroTrack\Obj\glcd.o
#        D:\Saoviet_Git\Saoviet_EnviroTrack_M_And_S_RawWater\Project_Slave_Chemins_DO\Project_Slave_Sensor_EnviroTrack\EWARM\Project_Slave_Sensor_EnviroTrack\Obj\gpio.o
#        D:\Saoviet_Git\Saoviet_EnviroTrack_M_And_S_RawWater\Project_Slave_Chemins_DO\Project_Slave_Sensor_EnviroTrack\EWARM\Project_Slave_Sensor_EnviroTrack\Obj\graphics.o
#        D:\Saoviet_Git\Saoviet_EnviroTrack_M_And_S_RawWater\Project_Slave_Chemins_DO\Project_Slave_Sensor_EnviroTrack\EWARM\Project_Slave_Sensor_EnviroTrack\Obj\graphs.o
#        D:\Saoviet_Git\Saoviet_EnviroTrack_M_And_S_RawWater\Project_Slave_Chemins_DO\Project_Slave_Sensor_EnviroTrack\EWARM\Project_Slave_Sensor_EnviroTrack\Obj\lcd_display.o
#        D:\Saoviet_Git\Saoviet_EnviroTrack_M_And_S_RawWater\Project_Slave_Chemins_DO\Project_Slave_Sensor_EnviroTrack\EWARM\Project_Slave_Sensor_EnviroTrack\Obj\main.o
#        D:\Saoviet_Git\Saoviet_EnviroTrack_M_And_S_RawWater\Project_Slave_Chemins_DO\Project_Slave_Sensor_EnviroTrack\EWARM\Project_Slave_Sensor_EnviroTrack\Obj\NT75451.o
#        D:\Saoviet_Git\Saoviet_EnviroTrack_M_And_S_RawWater\Project_Slave_Chemins_DO\Project_Slave_Sensor_EnviroTrack\EWARM\Project_Slave_Sensor_EnviroTrack\Obj\onchipflash.o
#        D:\Saoviet_Git\Saoviet_EnviroTrack_M_And_S_RawWater\Project_Slave_Chemins_DO\Project_Slave_Sensor_EnviroTrack\EWARM\Project_Slave_Sensor_EnviroTrack\Obj\PCD8544.o
#        D:\Saoviet_Git\Saoviet_EnviroTrack_M_And_S_RawWater\Project_Slave_Chemins_DO\Project_Slave_Sensor_EnviroTrack\EWARM\Project_Slave_Sensor_EnviroTrack\Obj\queue_p.o
#        D:\Saoviet_Git\Saoviet_EnviroTrack_M_And_S_RawWater\Project_Slave_Chemins_DO\Project_Slave_Sensor_EnviroTrack\EWARM\Project_Slave_Sensor_EnviroTrack\Obj\rtc.o
#        D:\Saoviet_Git\Saoviet_EnviroTrack_M_And_S_RawWater\Project_Slave_Chemins_DO\Project_Slave_Sensor_EnviroTrack\EWARM\Project_Slave_Sensor_EnviroTrack\Obj\spi.o
#        D:\Saoviet_Git\Saoviet_EnviroTrack_M_And_S_RawWater\Project_Slave_Chemins_DO\Project_Slave_Sensor_EnviroTrack\EWARM\Project_Slave_Sensor_EnviroTrack\Obj\ST7565R.o
#        D:\Saoviet_Git\Saoviet_EnviroTrack_M_And_S_RawWater\Project_Slave_Chemins_DO\Project_Slave_Sensor_EnviroTrack\EWARM\Project_Slave_Sensor_EnviroTrack\Obj\startup_stm32l433xx.o
#        D:\Saoviet_Git\Saoviet_EnviroTrack_M_And_S_RawWater\Project_Slave_Chemins_DO\Project_Slave_Sensor_EnviroTrack\EWARM\Project_Slave_Sensor_EnviroTrack\Obj\STM32F0xx.o
#        D:\Saoviet_Git\Saoviet_EnviroTrack_M_And_S_RawWater\Project_Slave_Chemins_DO\Project_Slave_Sensor_EnviroTrack\EWARM\Project_Slave_Sensor_EnviroTrack\Obj\STM32F10x.o
#        D:\Saoviet_Git\Saoviet_EnviroTrack_M_And_S_RawWater\Project_Slave_Chemins_DO\Project_Slave_Sensor_EnviroTrack\EWARM\Project_Slave_Sensor_EnviroTrack\Obj\STM32F4.o
#        D:\Saoviet_Git\Saoviet_EnviroTrack_M_And_S_RawWater\Project_Slave_Chemins_DO\Project_Slave_Sensor_EnviroTrack\EWARM\Project_Slave_Sensor_EnviroTrack\Obj\STM32L4.o
#        D:\Saoviet_Git\Saoviet_EnviroTrack_M_And_S_RawWater\Project_Slave_Chemins_DO\Project_Slave_Sensor_EnviroTrack\EWARM\Project_Slave_Sensor_EnviroTrack\Obj\stm32l4xx_hal.o
#        D:\Saoviet_Git\Saoviet_EnviroTrack_M_And_S_RawWater\Project_Slave_Chemins_DO\Project_Slave_Sensor_EnviroTrack\EWARM\Project_Slave_Sensor_EnviroTrack\Obj\stm32l4xx_hal_cortex.o
#        D:\Saoviet_Git\Saoviet_EnviroTrack_M_And_S_RawWater\Project_Slave_Chemins_DO\Project_Slave_Sensor_EnviroTrack\EWARM\Project_Slave_Sensor_EnviroTrack\Obj\stm32l4xx_hal_dma.o
#        D:\Saoviet_Git\Saoviet_EnviroTrack_M_And_S_RawWater\Project_Slave_Chemins_DO\Project_Slave_Sensor_EnviroTrack\EWARM\Project_Slave_Sensor_EnviroTrack\Obj\stm32l4xx_hal_dma_ex.o
#        D:\Saoviet_Git\Saoviet_EnviroTrack_M_And_S_RawWater\Project_Slave_Chemins_DO\Project_Slave_Sensor_EnviroTrack\EWARM\Project_Slave_Sensor_EnviroTrack\Obj\stm32l4xx_hal_exti.o
#        D:\Saoviet_Git\Saoviet_EnviroTrack_M_And_S_RawWater\Project_Slave_Chemins_DO\Project_Slave_Sensor_EnviroTrack\EWARM\Project_Slave_Sensor_EnviroTrack\Obj\stm32l4xx_hal_flash.o
#        D:\Saoviet_Git\Saoviet_EnviroTrack_M_And_S_RawWater\Project_Slave_Chemins_DO\Project_Slave_Sensor_EnviroTrack\EWARM\Project_Slave_Sensor_EnviroTrack\Obj\stm32l4xx_hal_flash_ex.o
#        D:\Saoviet_Git\Saoviet_EnviroTrack_M_And_S_RawWater\Project_Slave_Chemins_DO\Project_Slave_Sensor_EnviroTrack\EWARM\Project_Slave_Sensor_EnviroTrack\Obj\stm32l4xx_hal_flash_ramfunc.o
#        D:\Saoviet_Git\Saoviet_EnviroTrack_M_And_S_RawWater\Project_Slave_Chemins_DO\Project_Slave_Sensor_EnviroTrack\EWARM\Project_Slave_Sensor_EnviroTrack\Obj\stm32l4xx_hal_gpio.o
#        D:\Saoviet_Git\Saoviet_EnviroTrack_M_And_S_RawWater\Project_Slave_Chemins_DO\Project_Slave_Sensor_EnviroTrack\EWARM\Project_Slave_Sensor_EnviroTrack\Obj\stm32l4xx_hal_i2c.o
#        D:\Saoviet_Git\Saoviet_EnviroTrack_M_And_S_RawWater\Project_Slave_Chemins_DO\Project_Slave_Sensor_EnviroTrack\EWARM\Project_Slave_Sensor_EnviroTrack\Obj\stm32l4xx_hal_i2c_ex.o
#        D:\Saoviet_Git\Saoviet_EnviroTrack_M_And_S_RawWater\Project_Slave_Chemins_DO\Project_Slave_Sensor_EnviroTrack\EWARM\Project_Slave_Sensor_EnviroTrack\Obj\stm32l4xx_hal_msp.o
#        D:\Saoviet_Git\Saoviet_EnviroTrack_M_And_S_RawWater\Project_Slave_Chemins_DO\Project_Slave_Sensor_EnviroTrack\EWARM\Project_Slave_Sensor_EnviroTrack\Obj\stm32l4xx_hal_pwr.o
#        D:\Saoviet_Git\Saoviet_EnviroTrack_M_And_S_RawWater\Project_Slave_Chemins_DO\Project_Slave_Sensor_EnviroTrack\EWARM\Project_Slave_Sensor_EnviroTrack\Obj\stm32l4xx_hal_pwr_ex.o
#        D:\Saoviet_Git\Saoviet_EnviroTrack_M_And_S_RawWater\Project_Slave_Chemins_DO\Project_Slave_Sensor_EnviroTrack\EWARM\Project_Slave_Sensor_EnviroTrack\Obj\stm32l4xx_hal_rcc.o
#        D:\Saoviet_Git\Saoviet_EnviroTrack_M_And_S_RawWater\Project_Slave_Chemins_DO\Project_Slave_Sensor_EnviroTrack\EWARM\Project_Slave_Sensor_EnviroTrack\Obj\stm32l4xx_hal_rcc_ex.o
#        D:\Saoviet_Git\Saoviet_EnviroTrack_M_And_S_RawWater\Project_Slave_Chemins_DO\Project_Slave_Sensor_EnviroTrack\EWARM\Project_Slave_Sensor_EnviroTrack\Obj\stm32l4xx_hal_rtc.o
#        D:\Saoviet_Git\Saoviet_EnviroTrack_M_And_S_RawWater\Project_Slave_Chemins_DO\Project_Slave_Sensor_EnviroTrack\EWARM\Project_Slave_Sensor_EnviroTrack\Obj\stm32l4xx_hal_rtc_ex.o
#        D:\Saoviet_Git\Saoviet_EnviroTrack_M_And_S_RawWater\Project_Slave_Chemins_DO\Project_Slave_Sensor_EnviroTrack\EWARM\Project_Slave_Sensor_EnviroTrack\Obj\stm32l4xx_hal_spi.o
#        D:\Saoviet_Git\Saoviet_EnviroTrack_M_And_S_RawWater\Project_Slave_Chemins_DO\Project_Slave_Sensor_EnviroTrack\EWARM\Project_Slave_Sensor_EnviroTrack\Obj\stm32l4xx_hal_spi_ex.o
#        D:\Saoviet_Git\Saoviet_EnviroTrack_M_And_S_RawWater\Project_Slave_Chemins_DO\Project_Slave_Sensor_EnviroTrack\EWARM\Project_Slave_Sensor_EnviroTrack\Obj\stm32l4xx_hal_uart.o
#        D:\Saoviet_Git\Saoviet_EnviroTrack_M_And_S_RawWater\Project_Slave_Chemins_DO\Project_Slave_Sensor_EnviroTrack\EWARM\Project_Slave_Sensor_EnviroTrack\Obj\stm32l4xx_hal_uart_ex.o
#        D:\Saoviet_Git\Saoviet_EnviroTrack_M_And_S_RawWater\Project_Slave_Chemins_DO\Project_Slave_Sensor_EnviroTrack\EWARM\Project_Slave_Sensor_EnviroTrack\Obj\stm32l4xx_it.o
#        D:\Saoviet_Git\Saoviet_EnviroTrack_M_And_S_RawWater\Project_Slave_Chemins_DO\Project_Slave_Sensor_EnviroTrack\EWARM\Project_Slave_Sensor_EnviroTrack\Obj\system_stm32l4xx.o
#        D:\Saoviet_Git\Saoviet_EnviroTrack_M_And_S_RawWater\Project_Slave_Chemins_DO\Project_Slave_Sensor_EnviroTrack\EWARM\Project_Slave_Sensor_EnviroTrack\Obj\text.o
#        D:\Saoviet_Git\Saoviet_EnviroTrack_M_And_S_RawWater\Project_Slave_Chemins_DO\Project_Slave_Sensor_EnviroTrack\EWARM\Project_Slave_Sensor_EnviroTrack\Obj\text_tiny.o
#        D:\Saoviet_Git\Saoviet_EnviroTrack_M_And_S_RawWater\Project_Slave_Chemins_DO\Project_Slave_Sensor_EnviroTrack\EWARM\Project_Slave_Sensor_EnviroTrack\Obj\unit_tests.o
#        D:\Saoviet_Git\Saoviet_EnviroTrack_M_And_S_RawWater\Project_Slave_Chemins_DO\Project_Slave_Sensor_EnviroTrack\EWARM\Project_Slave_Sensor_EnviroTrack\Obj\usart.o
#        D:\Saoviet_Git\Saoviet_EnviroTrack_M_And_S_RawWater\Project_Slave_Chemins_DO\Project_Slave_Sensor_EnviroTrack\EWARM\Project_Slave_Sensor_EnviroTrack\Obj\user_adv_trace.o
#        D:\Saoviet_Git\Saoviet_EnviroTrack_M_And_S_RawWater\Project_Slave_Chemins_DO\Project_Slave_Sensor_EnviroTrack\EWARM\Project_Slave_Sensor_EnviroTrack\Obj\user_app_comm.o
#        D:\Saoviet_Git\Saoviet_EnviroTrack_M_And_S_RawWater\Project_Slave_Chemins_DO\Project_Slave_Sensor_EnviroTrack\EWARM\Project_Slave_Sensor_EnviroTrack\Obj\user_app_modbus_rtu.o
#        D:\Saoviet_Git\Saoviet_EnviroTrack_M_And_S_RawWater\Project_Slave_Chemins_DO\Project_Slave_Sensor_EnviroTrack\EWARM\Project_Slave_Sensor_EnviroTrack\Obj\user_app_rs485.o
#        D:\Saoviet_Git\Saoviet_EnviroTrack_M_And_S_RawWater\Project_Slave_Chemins_DO\Project_Slave_Sensor_EnviroTrack\EWARM\Project_Slave_Sensor_EnviroTrack\Obj\user_app_sensor.o
#        D:\Saoviet_Git\Saoviet_EnviroTrack_M_And_S_RawWater\Project_Slave_Chemins_DO\Project_Slave_Sensor_EnviroTrack\EWARM\Project_Slave_Sensor_EnviroTrack\Obj\user_at_serial.o
#        D:\Saoviet_Git\Saoviet_EnviroTrack_M_And_S_RawWater\Project_Slave_Chemins_DO\Project_Slave_Sensor_EnviroTrack\EWARM\Project_Slave_Sensor_EnviroTrack\Obj\user_connect_sensor.o
#        D:\Saoviet_Git\Saoviet_EnviroTrack_M_And_S_RawWater\Project_Slave_Chemins_DO\Project_Slave_Sensor_EnviroTrack\EWARM\Project_Slave_Sensor_EnviroTrack\Obj\user_convert_variable.o
#        D:\Saoviet_Git\Saoviet_EnviroTrack_M_And_S_RawWater\Project_Slave_Chemins_DO\Project_Slave_Sensor_EnviroTrack\EWARM\Project_Slave_Sensor_EnviroTrack\Obj\user_internal_mem.o
#        D:\Saoviet_Git\Saoviet_EnviroTrack_M_And_S_RawWater\Project_Slave_Chemins_DO\Project_Slave_Sensor_EnviroTrack\EWARM\Project_Slave_Sensor_EnviroTrack\Obj\user_mem_comm.o
#        D:\Saoviet_Git\Saoviet_EnviroTrack_M_And_S_RawWater\Project_Slave_Chemins_DO\Project_Slave_Sensor_EnviroTrack\EWARM\Project_Slave_Sensor_EnviroTrack\Obj\user_modbus_rtu.o
#        D:\Saoviet_Git\Saoviet_EnviroTrack_M_And_S_RawWater\Project_Slave_Chemins_DO\Project_Slave_Sensor_EnviroTrack\EWARM\Project_Slave_Sensor_EnviroTrack\Obj\user_obis_sv.o
#        D:\Saoviet_Git\Saoviet_EnviroTrack_M_And_S_RawWater\Project_Slave_Chemins_DO\Project_Slave_Sensor_EnviroTrack\EWARM\Project_Slave_Sensor_EnviroTrack\Obj\user_rs485.o
#        D:\Saoviet_Git\Saoviet_EnviroTrack_M_And_S_RawWater\Project_Slave_Chemins_DO\Project_Slave_Sensor_EnviroTrack\EWARM\Project_Slave_Sensor_EnviroTrack\Obj\user_rtc.o
#        D:\Saoviet_Git\Saoviet_EnviroTrack_M_And_S_RawWater\Project_Slave_Chemins_DO\Project_Slave_Sensor_EnviroTrack\EWARM\Project_Slave_Sensor_EnviroTrack\Obj\user_string.o
#        D:\Saoviet_Git\Saoviet_EnviroTrack_M_And_S_RawWater\Project_Slave_Chemins_DO\Project_Slave_Sensor_EnviroTrack\EWARM\Project_Slave_Sensor_EnviroTrack\Obj\user_time.o
#        D:\Saoviet_Git\Saoviet_EnviroTrack_M_And_S_RawWater\Project_Slave_Chemins_DO\Project_Slave_Sensor_EnviroTrack\EWARM\Project_Slave_Sensor_EnviroTrack\Obj\user_timer.o
#        D:\Saoviet_Git\Saoviet_EnviroTrack_M_And_S_RawWater\Project_Slave_Chemins_DO\Project_Slave_Sensor_EnviroTrack\EWARM\Project_Slave_Sensor_EnviroTrack\Obj\user_tiny_vsnprintf.o
#        D:\Saoviet_Git\Saoviet_EnviroTrack_M_And_S_RawWater\Project_Slave_Chemins_DO\Project_Slave_Sensor_EnviroTrack\EWARM\Project_Slave_Sensor_EnviroTrack\Obj\user_uart.o
#        D:\Saoviet_Git\Saoviet_EnviroTrack_M_And_S_RawWater\Project_Slave_Chemins_DO\Project_Slave_Sensor_EnviroTrack\EWARM\Project_Slave_Sensor_EnviroTrack\Obj\user_util.o
#        --no_out_extension -o
#        D:\Saoviet_Git\Saoviet_EnviroTrack_M_And_S_RawWater\Project_Slave_Chemins_DO\Project_Slave_Sensor_EnviroTrack\EWARM\Project_Slave_Sensor_EnviroTrack\Exe\Project_Slave_Sensor_EnviroTrack.out
#        --redirect _Printf=_PrintfFullNoMb --redirect _Scanf=_ScanfFullNoMb
#        --map
#        D:\Saoviet_Git\Saoviet_EnviroTrack_M_And_S_RawWater\Project_Slave_Chemins_DO\Project_Slave_Sensor_EnviroTrack\EWARM\Project_Slave_Sensor_EnviroTrack\List\Project_Slave_Sensor_EnviroTrack.map
#        --config
#        D:\Saoviet_Git\Saoviet_EnviroTrack_M_And_S_RawWater\Project_Slave_Chemins_DO\Project_Slave_Sensor_EnviroTrack\EWARM/stm32l433xx_flash.icf
#        --semihosting --entry __iar_program_start --vfe --text_out locale)
#
###############################################################################

*******************************************************************************
*** RUNTIME MODEL ATTRIBUTES
***

CppFlavor       = *
__Heap_Handler  = DLMalloc
__SystemLibrary = DLib
__dlib_version  = 6


*******************************************************************************
*** HEAP SELECTION
***

The advanced heap was selected because the application calls memory
allocation functions outside of system library functions, and there
are calls to deallocation functions in the application.


*******************************************************************************
*** PLACEMENT SUMMARY
***

"A0":  place at address 0x800'0000 { ro section .intvec };
"P1":  place in [from 0x800'0000 to 0x803'ffff] { ro };
define block CSTACK with size = 1K, alignment = 8 { };
define block HEAP with size = 512, alignment = 8 { };
"P2":  place in [from 0x2000'0000 to 0x2000'ffff] {
          rw, block CSTACK, block HEAP };
initialize by copy { rw };

  Section            Kind         Address    Size  Object
  -------            ----         -------    ----  ------
"A0":                                       0x18c
  .intvec            ro code   0x800'0000   0x18c  startup_stm32l433xx.o [1]
                             - 0x800'018c   0x18c

"P1":                                      0xe7ec
  .text              ro code   0x800'018c  0x11e0  user_app_sensor.o [1]
  .text              ro code   0x800'136c    0x54  event_driven.o [1]
  .text              ro code   0x800'13c0    0x66  ABImemset.o [4]
  .text              ro code   0x800'1426   0x350  user_modbus_rtu.o [1]
  .text              ro code   0x800'1776    0x3a  zero_init3.o [4]
  .text              ro code   0x800'17b0   0x380  stm32l4xx_hal_gpio.o [1]
  .text              ro code   0x800'1b30   0x39c  usart.o [1]
  .text              ro code   0x800'1ecc    0x74  user_connect_sensor.o [1]
  .text              ro code   0x800'1f40    0x48  FltToDbl.o [3]
  .text              ro code   0x800'1f88    0x1a  U32ToDbl.o [3]
  .text              ro code   0x800'1fa2     0xa  xsprout.o [2]
  .text              ro code   0x800'1fac    0x16  math_wrappers64.o [3]
  .rodata            const     0x800'1fc2     0x2  xlocale_c.o [2]
  .text              ro code   0x800'1fc4   0x246  DblDiv.o [3]
  .rodata            const     0x800'220a     0x1  xlocale_c.o [2]
  .text              ro code   0x800'220c    0x68  DblToFlt.o [3]
  .text              ro code   0x800'2274   0xad8  lcd_display.o [1]
  .text              ro code   0x800'2d4c   0x21c  user_util.o [1]
  .text              ro code   0x800'2f68    0x28  stm32l4xx_hal.o [1]
  .text              ro code   0x800'2f90   0xfc8  stm32l4xx_hal_uart.o [1]
  .text              ro code   0x800'3f58   0x40c  user_convert_variable.o [1]
  .text              ro code   0x800'4364   0x172  onchipflash.o [1]
  .text              ro code   0x800'44d8   0x7d4  user_app_modbus_rtu.o [1]
  .text              ro code   0x800'4cac    0xa6  ABImemcpy.o [4]
  .text              ro code   0x800'4d54     0xc  stm32l4xx_hal.o [1]
  .text              ro code   0x800'4d60    0xc2  main.o [1]
  .text              ro code   0x800'4e22    0x14  memset.o [4]
  .text              ro code   0x800'4e38   0x4e8  stm32l4xx_hal_rcc_ex.o [1]
  .text              ro code   0x800'5320   0x422  stm32l4xx_hal_dma.o [1]
  .text              ro code   0x800'5744   0x194  stm32l4xx_hal_cortex.o [1]
  .text              ro code   0x800'58d8   0x6ec  pow64.o [3]
  .text              ro code   0x800'5fc4    0xa0  STM32L4.o [1]
  .text              ro code   0x800'6064   0x290  text_tiny.o [1]
  .text              ro code   0x800'62f4    0x14  unit_tests.o [1]
  .text              ro code   0x800'6308    0xe8  glcd.o [1]
  .text              ro code   0x800'63f0   0x158  ST7565R.o [1]
  .text              ro code   0x800'6548   0xd54  button.o [1]
  .text              ro code   0x800'729c    0x36  strlen.o [4]
  .text              ro code   0x800'72d4   0x390  text.o [1]
  .text              ro code   0x800'7664   0x200  graphics.o [1]
  .text              ro code   0x800'7864    0x22  S32ToDbl.o [3]
  .text              ro code   0x800'7888    0x40  sprintf.o [2]
  .text              ro code   0x800'78c8   0x128  user_uart.o [1]
  .text              ro code   0x800'79f0    0x72  stm32l4xx_hal_uart_ex.o [1]
  .text              ro code   0x800'7a64   0x9fc  stm32l4xx_hal_rcc.o [1]
  .text              ro code   0x800'8460   0x230  I64DivMod.o [4]
  .text              ro code   0x800'8690     0x2  stm32l4xx_hal_uart.o [1]
  .text              ro code   0x800'8692     0x2  stm32l4xx_hal_uart.o [1]
  .text              ro code   0x800'8694   0x1a2  DblMul.o [3]
  .text              ro code   0x800'8838   0x17a  DblAdd.o [3]
  .text              ro code   0x800'89b4    0x3a  DblToS32.o [3]
  .text              ro code   0x800'89f0   0x1b8  stm32l4xx_hal_flash.o [1]
  .text              ro code   0x800'8ba8    0xa0  stm32l4xx_hal_flash_ex.o [1]
  .text              ro code   0x800'8c48    0x24  stm32l4xx_hal.o [1]
  .text              ro code   0x800'8c6c   0x1d0  gpio.o [1]
  .text              ro code   0x800'8e3c    0x60  dma.o [1]
  .text              ro code   0x800'8e9c   0x150  rtc.o [1]
  .text              ro code   0x800'8fec    0xc8  spi.o [1]
  .text              ro code   0x800'90b4   0x4d8  user_app_comm.o [1]
  .text              ro code   0x800'958c    0x94  stm32l4xx_hal_pwr_ex.o [1]
  .text              ro code   0x800'9620    0x20  DblCmpEq.o [3]
  .text              ro code   0x800'9640    0x70  frexp.o [3]
  .text              ro code   0x800'96b0    0x2e  DblCmpLe.o [3]
  .text              ro code   0x800'96e0    0xe2  DblSub.o [3]
  .text              ro code   0x800'97c4    0x2e  DblCmpGe.o [3]
  .text              ro code   0x800'97f4   0x3e8  iar_Exp64.o [3]
  .text              ro code   0x800'9bdc   0x52a  stm32l4xx_hal_spi.o [1]
  .text              ro code   0x800'a106     0x8  abs.o [2]
  .text              ro code   0x800'a110   0xfc6  xprintffull_nomb.o [2]
  .text              ro code   0x800'b0d8    0x70  user_rs485.o [1]
  .text              ro code   0x800'b148   0x23a  user_adv_trace.o [1]
  .text              ro code   0x800'b384    0x60  stm32l4xx_hal.o [1]
  .text              ro code   0x800'b3e4     0x2  I64DivZer.o [4]
  .text              ro code   0x800'b3e8    0x38  stm32l4xx_hal_msp.o [1]
  .text              ro code   0x800'b420   0x78e  stm32l4xx_hal_rtc.o [1]
  .text              ro code   0x800'bbb0   0x310  user_timer.o [1]
  .text              ro code   0x800'bec0   0x1dc  user_at_serial.o [1]
  .text              ro code   0x800'c09c    0x58  user_time.o [1]
  .text              ro code   0x800'c0f4   0x180  user_app_rs485.o [1]
  .text              ro code   0x800'c274   0x13a  ldexp.o [3]
  .text              ro code   0x800'c3b0    0x16  strchr.o [4]
  .text              ro code   0x800'c3c8    0x40  xfail_s.o [2]
  .text              ro code   0x800'c408    0x58  memchr.o [4]
  .text              ro code   0x800'c460    0x28  DblToU32.o [3]
  .text              ro code   0x800'c488     0x8  xlocale_c.o [2]
  .text              ro code   0x800'c490   0x350  user_tiny_vsnprintf.o [1]
  .text              ro code   0x800'c7e0   0x3a8  user_rtc.o [1]
  .text              ro code   0x800'cb88     0x2  stm32l4xx_hal_rtc_ex.o [1]
  .text              ro code   0x800'cb8a   0x1e6  user_string.o [1]
  .text              ro code   0x800'cd70     0x6  abort.o [2]
  .text              ro code   0x800'cd78    0x48  stm32l4xx_hal_rtc_ex.o [1]
  .text              ro code   0x800'cdc0    0x14  exit.o [5]
  .rodata            const     0x800'cdd8   0x420  pow64.o [3]
  .rodata            const     0x800'd1f8   0x400  unit_tests.o [1]
  .rodata            const     0x800'd5f8   0x228  lcd_display.o [1]
  .rodata            const     0x800'd820   0x214  lcd_display.o [1]
  .text              ro code   0x800'da34    0x88  stm32l4xx_it.o [1]
  .text              ro code   0x800'dabc    0x18  stm32l4xx_hal.o [1]
  .text              ro code   0x800'dad4    0x78  lz77_init_single.o [4]
  .rodata            const     0x800'db4c    0x34  user_app_sensor.o [1]
  .rodata            const     0x800'db80    0x34  user_app_sensor.o [1]
  .rodata            const     0x800'dbb4    0x30  system_stm32l4xx.o [1]
  .rodata            const     0x800'dbe4    0x2c  user_rtc.o [1]
  .rodata            const     0x800'dc10    0x28  user_tiny_vsnprintf.o [1]
  .rodata            const     0x800'dc38    0x28  user_tiny_vsnprintf.o [1]
  .text              ro code   0x800'dc60    0x28  data_init.o [4]
  .text              ro code   0x800'dc88    0x22  fpinit_M.o [3]
  .iar.init_table    const     0x800'dcac    0x20  - Linker created -
  .rodata            const     0x800'dccc    0x20  user_app_comm.o [1]
  .rodata            const     0x800'dcec    0x20  user_rtc.o [1]
  .text              ro code   0x800'dd0c    0x1e  cmain.o [4]
  .text              ro code   0x800'dd2a     0x4  low_level_init.o [2]
  .text              ro code   0x800'dd2e     0x4  exit.o [2]
  .text              ro code   0x800'dd34     0xa  cexit.o [4]
  .rodata            const     0x800'dd40    0x1c  user_app_comm.o [1]
  .rodata            const     0x800'dd5c    0x1c  user_app_comm.o [1]
  .rodata            const     0x800'dd78    0x1c  user_app_comm.o [1]
  .rodata            const     0x800'dd94    0x1c  user_uart.o [1]
  .rodata            const     0x800'ddb0    0x18  user_app_comm.o [1]
  .rodata            const     0x800'ddc8    0x14  lcd_display.o [1]
  .rodata            const     0x800'dddc    0x14  user_app_comm.o [1]
  .rodata            const     0x800'ddf0    0x14  user_at_serial.o [1]
  .rodata            const     0x800'de04    0x14  user_at_serial.o [1]
  .rodata            const     0x800'de18    0x14  user_at_serial.o [1]
  .rodata            const     0x800'de2c    0x14  user_at_serial.o [1]
  .rodata            const     0x800'de40    0x14  user_at_serial.o [1]
  .rodata            const     0x800'de54    0x10  lcd_display.o [1]
  .rodata            const     0x800'de64    0x10  lcd_display.o [1]
  .rodata            const     0x800'de74    0x10  lcd_display.o [1]
  .rodata            const     0x800'de84    0x10  lcd_display.o [1]
  .rodata            const     0x800'de94    0x10  lcd_display.o [1]
  .rodata            const     0x800'dea4    0x10  lcd_display.o [1]
  .rodata            const     0x800'deb4    0x10  lcd_display.o [1]
  .rodata            const     0x800'dec4    0x10  lcd_display.o [1]
  .rodata            const     0x800'ded4    0x10  lcd_display.o [1]
  .rodata            const     0x800'dee4    0x10  lcd_display.o [1]
  .rodata            const     0x800'def4    0x10  lcd_display.o [1]
  .rodata            const     0x800'df04    0x10  system_stm32l4xx.o [1]
  .rodata            const     0x800'df14    0x10  user_app_sensor.o [1]
  .rodata            const     0x800'df24    0x10  user_at_serial.o [1]
  .rodata            const     0x800'df34    0x10  user_at_serial.o [1]
  .rodata            const     0x800'df44    0x10  user_at_serial.o [1]
  .rodata            const     0x800'df54    0x10  user_at_serial.o [1]
  .rodata            const     0x800'df64    0x10  user_at_serial.o [1]
  .rodata            const     0x800'df74    0x10  user_at_serial.o [1]
  .rodata            const     0x800'df84    0x10  user_at_serial.o [1]
  .rodata            const     0x800'df94    0x10  user_at_serial.o [1]
  .rodata            const     0x800'dfa4    0x10  user_at_serial.o [1]
  .rodata            const     0x800'dfb4    0x10  user_at_serial.o [1]
  .rodata            const     0x800'dfc4    0x10  user_at_serial.o [1]
  .rodata            const     0x800'dfd4    0x10  user_at_serial.o [1]
  .rodata            const     0x800'dfe4    0x10  user_at_serial.o [1]
  .rodata            const     0x800'dff4    0x10  user_at_serial.o [1]
  .rodata            const     0x800'e004    0x10  user_at_serial.o [1]
  .rodata            const     0x800'e014    0x10  user_at_serial.o [1]
  .rodata            const     0x800'e024    0x10  user_at_serial.o [1]
  .rodata            const     0x800'e034    0x10  user_at_serial.o [1]
  .rodata            const     0x800'e044    0x10  user_at_serial.o [1]
  .rodata            const     0x800'e054    0x10  user_at_serial.o [1]
  .rodata            const     0x800'e064    0x10  user_at_serial.o [1]
  .rodata            const     0x800'e074    0x10  user_at_serial.o [1]
  .rodata            const     0x800'e084    0x10  user_at_serial.o [1]
  .rodata            const     0x800'e094    0x10  user_at_serial.o [1]
  .rodata            const     0x800'e0a4    0x10  user_at_serial.o [1]
  .rodata            const     0x800'e0b4    0x10  user_at_serial.o [1]
  .rodata            const     0x800'e0c4    0x10  user_at_serial.o [1]
  .rodata            const     0x800'e0d4    0x10  user_at_serial.o [1]
  .text              ro code   0x800'e0e4    0x10  startup_stm32l433xx.o [1]
  .text              ro code   0x800'e0f4    0x10  system_stm32l4xx.o [1]
  .rodata            const     0x800'e104     0xc  lcd_display.o [1]
  .rodata            const     0x800'e110     0xc  lcd_display.o [1]
  .rodata            const     0x800'e11c     0xc  lcd_display.o [1]
  .rodata            const     0x800'e128     0xc  lcd_display.o [1]
  .rodata            const     0x800'e134     0xc  lcd_display.o [1]
  .rodata            const     0x800'e140     0xc  lcd_display.o [1]
  .rodata            const     0x800'e14c     0xc  lcd_display.o [1]
  .rodata            const     0x800'e158     0xc  lcd_display.o [1]
  .rodata            const     0x800'e164     0xc  lcd_display.o [1]
  .rodata            const     0x800'e170     0xc  user_app_comm.o [1]
  .rodata            const     0x800'e17c     0xc  user_app_sensor.o [1]
  .rodata            const     0x800'e188     0xc  user_at_serial.o [1]
  .rodata            const     0x800'e194     0xc  user_at_serial.o [1]
  .rodata            const     0x800'e1a0     0xc  user_at_serial.o [1]
  .rodata            const     0x800'e1ac     0xc  user_at_serial.o [1]
  .rodata            const     0x800'e1b8     0xc  user_at_serial.o [1]
  .rodata            const     0x800'e1c4     0xc  user_at_serial.o [1]
  .rodata            const     0x800'e1d0     0xc  user_at_serial.o [1]
  .rodata            const     0x800'e1dc     0xc  user_at_serial.o [1]
  .rodata            const     0x800'e1e8     0xc  user_at_serial.o [1]
  .rodata            const     0x800'e1f4     0xc  user_at_serial.o [1]
  .rodata            const     0x800'e200     0xc  user_at_serial.o [1]
  .rodata            const     0x800'e20c     0xc  user_at_serial.o [1]
  .rodata            const     0x800'e218     0xc  user_at_serial.o [1]
  .rodata            const     0x800'e224     0xc  user_at_serial.o [1]
  .rodata            const     0x800'e230     0xc  user_at_serial.o [1]
  .rodata            const     0x800'e23c     0xc  user_at_serial.o [1]
  .rodata            const     0x800'e248     0xc  user_at_serial.o [1]
  .rodata            const     0x800'e254     0xc  user_at_serial.o [1]
  .rodata            const     0x800'e260     0xc  user_at_serial.o [1]
  .rodata            const     0x800'e26c     0xc  user_at_serial.o [1]
  .rodata            const     0x800'e278     0xc  user_at_serial.o [1]
  .rodata            const     0x800'e284     0xc  user_at_serial.o [1]
  .rodata            const     0x800'e290     0xc  user_at_serial.o [1]
  .rodata            const     0x800'e29c     0xc  user_at_serial.o [1]
  .rodata            const     0x800'e2a8     0xc  user_at_serial.o [1]
  .rodata            const     0x800'e2b4     0xc  user_at_serial.o [1]
  .rodata            const     0x800'e2c0     0xc  user_at_serial.o [1]
  .rodata            const     0x800'e2cc     0xc  user_at_serial.o [1]
  .rodata            const     0x800'e2d8     0xc  user_rtc.o [1]
  .rodata            const     0x800'e2e4     0xc  user_rtc.o [1]
  .text              ro code   0x800'e2f0     0xc  cstartup_M.o [4]
  .rodata            const     0x800'e2fc     0x8  lcd_display.o [1]
  .rodata            const     0x800'e304     0x8  lcd_display.o [1]
  .rodata            const     0x800'e30c     0x8  lcd_display.o [1]
  .rodata            const     0x800'e314     0x8  lcd_display.o [1]
  .rodata            const     0x800'e31c     0x8  lcd_display.o [1]
  .rodata            const     0x800'e324     0x8  lcd_display.o [1]
  .rodata            const     0x800'e32c     0x8  lcd_display.o [1]
  .rodata            const     0x800'e334     0x8  lcd_display.o [1]
  .rodata            const     0x800'e33c     0x8  lcd_display.o [1]
  .rodata            const     0x800'e344     0x8  lcd_display.o [1]
  .rodata            const     0x800'e34c     0x8  lcd_display.o [1]
  .rodata            const     0x800'e354     0x8  system_stm32l4xx.o [1]
  .rodata            const     0x800'e35c     0x8  user_app_modbus_rtu.o [1]
  .rodata            const     0x800'e364     0x8  user_app_modbus_rtu.o [1]
  .rodata            const     0x800'e36c     0x8  user_app_sensor.o [1]
  .rodata            const     0x800'e374     0x8  user_app_sensor.o [1]
  .rodata            const     0x800'e37c     0x8  user_app_sensor.o [1]
  .rodata            const     0x800'e384     0x8  user_app_sensor.o [1]
  .rodata            const     0x800'e38c     0x8  user_at_serial.o [1]
  .rodata            const     0x800'e394     0x8  user_at_serial.o [1]
  .rodata            const     0x800'e39c     0x8  user_at_serial.o [1]
  .rodata            const     0x800'e3a4     0x8  user_at_serial.o [1]
  .rodata            const     0x800'e3ac     0x8  user_at_serial.o [1]
  .rodata            const     0x800'e3b4     0x8  user_tiny_vsnprintf.o [1]
  .rodata            const     0x800'e3bc     0x8  user_util.o [1]
  .rodata            const     0x800'e3c4     0x8  xprintffull_nomb.o [2]
  .rodata            const     0x800'e3cc     0x4  lcd_display.o [1]
  .rodata            const     0x800'e3d0     0x4  lcd_display.o [1]
  .text              ro code   0x800'e3d4     0x4  startup_stm32l433xx.o [1]
  .text              ro code   0x800'e3d8     0x4  startup_stm32l433xx.o [1]
  .text              ro code   0x800'e3dc     0x4  startup_stm32l433xx.o [1]
  .text              ro code   0x800'e3e0     0x4  startup_stm32l433xx.o [1]
  .text              ro code   0x800'e3e4     0x4  startup_stm32l433xx.o [1]
  .text              ro code   0x800'e3e8     0x4  startup_stm32l433xx.o [1]
  .text              ro code   0x800'e3ec     0x4  startup_stm32l433xx.o [1]
  .text              ro code   0x800'e3f0     0x4  startup_stm32l433xx.o [1]
  .text              ro code   0x800'e3f4     0x4  startup_stm32l433xx.o [1]
  .text              ro code   0x800'e3f8     0x4  startup_stm32l433xx.o [1]
  .text              ro code   0x800'e3fc     0x4  startup_stm32l433xx.o [1]
  .text              ro code   0x800'e400     0x4  startup_stm32l433xx.o [1]
  .text              ro code   0x800'e404     0x4  startup_stm32l433xx.o [1]
  .text              ro code   0x800'e408     0x4  startup_stm32l433xx.o [1]
  .text              ro code   0x800'e40c     0x4  startup_stm32l433xx.o [1]
  .text              ro code   0x800'e410     0x4  startup_stm32l433xx.o [1]
  .text              ro code   0x800'e414     0x4  startup_stm32l433xx.o [1]
  .text              ro code   0x800'e418     0x4  startup_stm32l433xx.o [1]
  .text              ro code   0x800'e41c     0x4  startup_stm32l433xx.o [1]
  .text              ro code   0x800'e420     0x4  startup_stm32l433xx.o [1]
  .text              ro code   0x800'e424     0x4  startup_stm32l433xx.o [1]
  .text              ro code   0x800'e428     0x4  startup_stm32l433xx.o [1]
  .text              ro code   0x800'e42c     0x4  startup_stm32l433xx.o [1]
  .text              ro code   0x800'e430     0x4  startup_stm32l433xx.o [1]
  .text              ro code   0x800'e434     0x4  startup_stm32l433xx.o [1]
  .text              ro code   0x800'e438     0x4  startup_stm32l433xx.o [1]
  .text              ro code   0x800'e43c     0x4  startup_stm32l433xx.o [1]
  .text              ro code   0x800'e440     0x4  startup_stm32l433xx.o [1]
  .text              ro code   0x800'e444     0x4  startup_stm32l433xx.o [1]
  .text              ro code   0x800'e448     0x4  startup_stm32l433xx.o [1]
  .text              ro code   0x800'e44c     0x4  startup_stm32l433xx.o [1]
  .text              ro code   0x800'e450     0x4  startup_stm32l433xx.o [1]
  .text              ro code   0x800'e454     0x4  startup_stm32l433xx.o [1]
  .text              ro code   0x800'e458     0x4  startup_stm32l433xx.o [1]
  .text              ro code   0x800'e45c     0x4  startup_stm32l433xx.o [1]
  .text              ro code   0x800'e460     0x4  startup_stm32l433xx.o [1]
  .text              ro code   0x800'e464     0x4  startup_stm32l433xx.o [1]
  .text              ro code   0x800'e468     0x4  startup_stm32l433xx.o [1]
  .text              ro code   0x800'e46c     0x4  startup_stm32l433xx.o [1]
  .text              ro code   0x800'e470     0x4  startup_stm32l433xx.o [1]
  .text              ro code   0x800'e474     0x4  startup_stm32l433xx.o [1]
  .text              ro code   0x800'e478     0x4  startup_stm32l433xx.o [1]
  .text              ro code   0x800'e47c     0x4  startup_stm32l433xx.o [1]
  .text              ro code   0x800'e480     0x4  startup_stm32l433xx.o [1]
  .text              ro code   0x800'e484     0x4  startup_stm32l433xx.o [1]
  .text              ro code   0x800'e488     0x4  startup_stm32l433xx.o [1]
  .text              ro code   0x800'e48c     0x4  startup_stm32l433xx.o [1]
  .text              ro code   0x800'e490     0x4  startup_stm32l433xx.o [1]
  .text              ro code   0x800'e494     0x4  startup_stm32l433xx.o [1]
  .text              ro code   0x800'e498     0x4  startup_stm32l433xx.o [1]
  .text              ro code   0x800'e49c     0x4  startup_stm32l433xx.o [1]
  .text              ro code   0x800'e4a0     0x4  startup_stm32l433xx.o [1]
  .text              ro code   0x800'e4a4     0x4  startup_stm32l433xx.o [1]
  .text              ro code   0x800'e4a8     0x4  startup_stm32l433xx.o [1]
  .text              ro code   0x800'e4ac     0x4  startup_stm32l433xx.o [1]
  .text              ro code   0x800'e4b0     0x4  startup_stm32l433xx.o [1]
  .text              ro code   0x800'e4b4     0x4  startup_stm32l433xx.o [1]
  .text              ro code   0x800'e4b8     0x4  startup_stm32l433xx.o [1]
  .text              ro code   0x800'e4bc     0x4  startup_stm32l433xx.o [1]
  .rodata            const     0x800'e4c0     0x0  zero_init3.o [4]
  .rodata            const     0x800'e4c0     0x0  lz77_init_single.o [4]
  Initializer bytes  const     0x800'e4c0   0x4b8  <for P2-1>
                             - 0x800'e978  0xe7ec

"P2", part 1 of 3:                          0xa8d
  P2-1                        0x2000'0000   0xa8d  <Init block>
    .data            inited   0x2000'0000     0xc  button.o [1]
    .data            inited   0x2000'000c    0x70  lcd_display.o [1]
    .data            inited   0x2000'007c     0x8  lcd_display.o [1]
    .data            inited   0x2000'0084     0x4  lcd_display.o [1]
    .data            inited   0x2000'0088    0x10  lcd_display.o [1]
    .data            inited   0x2000'0098    0x10  lcd_display.o [1]
    .data            inited   0x2000'00a8    0x10  lcd_display.o [1]
    .data            inited   0x2000'00b8    0x10  lcd_display.o [1]
    .data            inited   0x2000'00c8    0x10  lcd_display.o [1]
    .data            inited   0x2000'00d8   0x300  lcd_display.o [1]
    .data            inited   0x2000'03d8     0x4  stm32l4xx_hal.o [1]
    .data            inited   0x2000'03dc    0x20  stm32l4xx_hal_flash.o [1]
    .data            inited   0x2000'03fc     0x4  system_stm32l4xx.o [1]
    .data            inited   0x2000'0400    0x70  user_app_comm.o [1]
    .data            inited   0x2000'0470     0x8  user_app_comm.o [1]
    .data            inited   0x2000'0478     0x8  user_app_comm.o [1]
    .data            inited   0x2000'0480    0x8c  user_app_modbus_rtu.o [1]
    .data            inited   0x2000'050c    0x2c  user_app_modbus_rtu.o [1]
    .data            inited   0x2000'0538     0x8  user_app_modbus_rtu.o [1]
    .data            inited   0x2000'0540    0x40  user_app_rs485.o [1]
    .data            inited   0x2000'0580    0x90  user_app_sensor.o [1]
    .data            inited   0x2000'0610     0x8  user_app_sensor.o [1]
    .data            inited   0x2000'0618     0x4  user_app_sensor.o [1]
    .data            inited   0x2000'061c     0x4  user_app_sensor.o [1]
    .data            inited   0x2000'0620     0x8  user_at_serial.o [1]
    .data            inited   0x2000'0628   0x410  user_at_serial.o [1]
    .data            inited   0x2000'0a38     0x8  user_connect_sensor.o [1]
    .data            inited   0x2000'0a40     0x8  user_rs485.o [1]
    .data            inited   0x2000'0a48     0x4  user_tiny_vsnprintf.o [1]
    .data            inited   0x2000'0a4c     0x4  user_tiny_vsnprintf.o [1]
    .data            inited   0x2000'0a50    0x38  xlocale_c.o [2]
    .data            inited   0x2000'0a88     0x2  user_app_modbus_rtu.o [1]
    .data            inited   0x2000'0a8a     0x1  lcd_display.o [1]
    .data            inited   0x2000'0a8b     0x1  stm32l4xx_hal.o [1]
    .data            inited   0x2000'0a8c     0x1  user_util.o [1]
                            - 0x2000'0a8d   0xa8d

"P2", part 2 of 3:                         0x1c4c
  .bss               zero     0x2000'0a90   0x4b0  user_app_comm.o [1]
  .bss               zero     0x2000'0f40   0x400  glcd.o [1]
  .bss               zero     0x2000'1340   0x400  user_adv_trace.o [1]
  .bss               zero     0x2000'1740   0x200  user_adv_trace.o [1]
  .bss               zero     0x2000'1940   0x200  user_connect_sensor.o [1]
  .bss               zero     0x2000'1b40   0x200  user_rs485.o [1]
  .bss               zero     0x2000'1d40   0x180  lcd_display.o [1]
  .bss               zero     0x2000'1ec0    0x88  usart.o [1]
  .bss               zero     0x2000'1f48    0x88  usart.o [1]
  .bss               zero     0x2000'1fd0    0x88  usart.o [1]
  .bss               zero     0x2000'2058    0x80  user_app_modbus_rtu.o [1]
  .bss               zero     0x2000'20d8    0x80  user_app_modbus_rtu.o [1]
  .bss               zero     0x2000'2158    0x80  user_app_modbus_rtu.o [1]
  .bss               zero     0x2000'21d8    0x80  user_at_serial.o [1]
  .bss               zero     0x2000'2258    0x80  user_at_serial.o [1]
  .bss               zero     0x2000'22d8    0x64  spi.o [1]
  .bss               zero     0x2000'233c    0x64  user_app_comm.o [1]
  .bss               zero     0x2000'23a0    0x60  lcd_display.o [1]
  .bss               zero     0x2000'2400    0x48  usart.o [1]
  .bss               zero     0x2000'2448    0x48  usart.o [1]
  .bss               zero     0x2000'2490    0x48  usart.o [1]
  .bss               zero     0x2000'24d8    0x30  lcd_display.o [1]
  .bss               zero     0x2000'2508    0x2c  user_rtc.o [1]
  .bss               zero     0x2000'2534    0x28  user_app_sensor.o [1]
  .bss               zero     0x2000'255c    0x28  user_app_sensor.o [1]
  .bss               zero     0x2000'2584    0x28  user_app_sensor.o [1]
  .bss               zero     0x2000'25ac    0x24  rtc.o [1]
  .bss               zero     0x2000'25d0    0x1c  user_rtc.o [1]
  .bss               zero     0x2000'25ec    0x18  button.o [1]
  .bss               zero     0x2000'2604    0x18  user_adv_trace.o [1]
  .bss               zero     0x2000'261c    0x18  user_app_comm.o [1]
  .bss               zero     0x2000'2634    0x10  lcd_display.o [1]
  .bss               zero     0x2000'2644     0xc  text.o [1]
  .bss               zero     0x2000'2650     0xc  user_app_sensor.o [1]
  .bss               zero     0x2000'265c     0xc  user_util.o [1]
  .bss               zero     0x2000'2668     0x8  user_app_sensor.o [1]
  .bss               zero     0x2000'2670     0x4  button.o [1]
  .bss               zero     0x2000'2674     0x4  glcd.o [1]
  .bss               zero     0x2000'2678     0x4  glcd.o [1]
  .bss               zero     0x2000'267c     0x4  glcd.o [1]
  .bss               zero     0x2000'2680     0x4  lcd_display.o [1]
  .bss               zero     0x2000'2684     0x4  stm32l4xx_hal.o [1]
  .bss               zero     0x2000'2688     0x4  user_app_comm.o [1]
  .bss               zero     0x2000'268c     0x4  user_app_sensor.o [1]
  .bss               zero     0x2000'2690     0x4  user_app_sensor.o [1]
  .bss               zero     0x2000'2694     0x4  user_app_sensor.o [1]
  .bss               zero     0x2000'2698     0x4  user_app_sensor.o [1]
  .bss               zero     0x2000'269c     0x4  user_app_sensor.o [1]
  .bss               zero     0x2000'26a0     0x4  user_app_sensor.o [1]
  .bss               zero     0x2000'26a4     0x4  user_rtc.o [1]
  .bss               zero     0x2000'26a8     0x4  user_timer.o [1]
  .bss               zero     0x2000'26ac     0x4  user_util.o [1]
  .bss               zero     0x2000'26b0     0x4  user_util.o [1]
  .bss               zero     0x2000'26b4     0x4  user_util.o [1]
  .bss               zero     0x2000'26b8     0x4  xfail_s.o [2]
  .bss               zero     0x2000'26bc     0x2  button.o [1]
  .bss               zero     0x2000'26be     0x2  lcd_display.o [1]
  .bss               zero     0x2000'26c0     0x2  user_app_comm.o [1]
  .bss               zero     0x2000'26c2     0x2  user_app_comm.o [1]
  .bss               zero     0x2000'26c4     0x2  user_app_sensor.o [1]
  .bss               zero     0x2000'26c6     0x2  user_app_sensor.o [1]
  .bss               zero     0x2000'26c8     0x2  user_uart.o [1]
  .bss               zero     0x2000'26ca     0x1  button.o [1]
  .bss               zero     0x2000'26cb     0x1  lcd_display.o [1]
  .bss               zero     0x2000'26cc     0x1  lcd_display.o [1]
  .bss               zero     0x2000'26cd     0x1  lcd_display.o [1]
  .bss               zero     0x2000'26ce     0x1  user_app_comm.o [1]
  .bss               zero     0x2000'26cf     0x1  user_app_comm.o [1]
  .bss               zero     0x2000'26d0     0x1  user_app_rs485.o [1]
  .bss               zero     0x2000'26d1     0x1  user_app_sensor.o [1]
  .bss               zero     0x2000'26d2     0x1  user_app_sensor.o [1]
  .bss               zero     0x2000'26d3     0x1  user_app_sensor.o [1]
  .bss               zero     0x2000'26d4     0x1  user_app_sensor.o [1]
  .bss               zero     0x2000'26d5     0x1  user_at_serial.o [1]
  .bss               zero     0x2000'26d6     0x1  user_connect_sensor.o [1]
  .bss               zero     0x2000'26d7     0x1  user_connect_sensor.o [1]
  .bss               zero     0x2000'26d8     0x1  user_rs485.o [1]
  .bss               zero     0x2000'26d9     0x1  user_rs485.o [1]
  .bss               zero     0x2000'26da     0x1  user_rtc.o [1]
  .bss               zero     0x2000'26db     0x1  user_uart.o [1]
                            - 0x2000'26dc  0x1c4c

"P2", part 3 of 3:                          0x400
  CSTACK                      0x2000'26e0   0x400  <Block>
    CSTACK           uninit   0x2000'26e0   0x400  <Block tail>
                            - 0x2000'2ae0   0x400

Unused ranges:

         From           To      Size
         ----           --      ----
   0x800'e978   0x803'ffff  0x3'1688
  0x2000'0a8d  0x2000'0a8f       0x3
  0x2000'26dc  0x2000'26df       0x4
  0x2000'2ae0  0x2000'ffff    0xd520


*******************************************************************************
*** INIT TABLE
***

          Address      Size
          -------      ----
Zero (__iar_zero_init3)
    1 destination range, total size 0x1c4c:
          0x2000'0a90  0x1c4c

Copy/lz77 (__iar_lz77_init_single3)
    1 source range, total size 0x4b8 (44% of destination):
           0x800'e4c0   0x4b8
    1 destination range, total size 0xa8d:
          0x2000'0000   0xa8d



*******************************************************************************
*** MODULE SUMMARY
***

    Module                    ro code  ro data  rw data
    ------                    -------  -------  -------
command line/config:
    ---------------------------------------------------
    Total:

D:\Saoviet_Git\Saoviet_EnviroTrack_M_And_S_RawWater\Project_Slave_Chemins_DO\Project_Slave_Sensor_EnviroTrack\EWARM\Project_Slave_Sensor_EnviroTrack\Obj: [1]
    ST7565R.o                     344
    STM32L4.o                     160
    button.o                    3'412        5       43
    dma.o                          96
    event_driven.o                 84
    glcd.o                        232             1'036
    gpio.o                        464
    graphics.o                    512
    lcd_display.o               2'776    1'920    1'526
    main.o                        194
    onchipflash.o                 370
    rtc.o                         336                36
    spi.o                         200               100
    startup_stm32l433xx.o         648
    stm32l4xx_hal.o               208        1        9
    stm32l4xx_hal_cortex.o        404
    stm32l4xx_hal_dma.o         1'058
    stm32l4xx_hal_flash.o         440       15       32
    stm32l4xx_hal_flash_ex.o      160
    stm32l4xx_hal_gpio.o          896
    stm32l4xx_hal_msp.o            56
    stm32l4xx_hal_pwr_ex.o        148
    stm32l4xx_hal_rcc.o         2'556
    stm32l4xx_hal_rcc_ex.o      1'256
    stm32l4xx_hal_rtc.o         1'934
    stm32l4xx_hal_rtc_ex.o         74
    stm32l4xx_hal_spi.o         1'322
    stm32l4xx_hal_uart.o        4'044
    stm32l4xx_hal_uart_ex.o       114
    stm32l4xx_it.o                136
    system_stm32l4xx.o             16       73        4
    text.o                        912                12
    text_tiny.o                   656
    unit_tests.o                   20    1'024
    usart.o                       924               624
    user_adv_trace.o              570             1'560
    user_app_comm.o             1'240      230    1'462
    user_app_modbus_rtu.o       2'004      103      578
    user_app_rs485.o              384       28       65
    user_app_sensor.o           4'576      236      332
    user_at_serial.o              476    1'392    1'305
    user_connect_sensor.o         116        4      522
    user_convert_variable.o     1'036
    user_modbus_rtu.o             848
    user_rs485.o                  112        4      522
    user_rtc.o                    936      100       77
    user_string.o                 486
    user_time.o                    88
    user_timer.o                  784                 4
    user_tiny_vsnprintf.o         848       91        8
    user_uart.o                   296       28        3
    user_util.o                   540        9       25
    ---------------------------------------------------
    Total:                     42'502    5'263    9'885

dl7M_tlf.a: [2]
    abort.o                         6
    abs.o                           8
    exit.o                          4
    low_level_init.o                4
    sprintf.o                      64
    xfail_s.o                      64                 4
    xlocale_c.o                     8       28       56
    xprintffull_nomb.o          4'038        8
    xsprout.o                      10
    ---------------------------------------------------
    Total:                      4'206       36       60

m7M_tls.a: [3]
    DblAdd.o                      378
    DblCmpEq.o                     32
    DblCmpGe.o                     46
    DblCmpLe.o                     46
    DblDiv.o                      582
    DblMul.o                      418
    DblSub.o                      226
    DblToFlt.o                    104
    DblToS32.o                     58
    DblToU32.o                     40
    FltToDbl.o                     72
    S32ToDbl.o                     34
    U32ToDbl.o                     26
    fpinit_M.o                     34
    frexp.o                       112
    iar_Exp64.o                 1'000
    ldexp.o                       314
    math_wrappers64.o              22
    pow64.o                     1'772    1'056
    ---------------------------------------------------
    Total:                      5'316    1'056

rt7M_tl.a: [4]
    ABImemcpy.o                   166
    ABImemset.o                   102
    I64DivMod.o                   560
    I64DivZer.o                     2
    cexit.o                        10
    cmain.o                        30
    cstartup_M.o                   12
    data_init.o                    40
    lz77_init_single.o            120
    memchr.o                       88
    memset.o                       20
    strchr.o                       22
    strlen.o                       54
    zero_init3.o                   58
    ---------------------------------------------------
    Total:                      1'284

shb_l.a: [5]
    exit.o                         20
    ---------------------------------------------------
    Total:                         20

    Gaps                           45        8
    Linker created                          32    1'024
-------------------------------------------------------
    Grand Total:               53'373    6'395   10'969


*******************************************************************************
*** ENTRY LIST
***

Entry                       Address   Size  Type      Object
-----                       -------   ----  ----      ------
.iar.init_table$$Base    0x800'dcac          --   Gb  - Linker created -
.iar.init_table$$Limit   0x800'dccc          --   Gb  - Linker created -
?main                    0x800'dd0d         Code  Gb  cmain.o [4]
ADV_TRACE_Buffer        0x2000'1340  0x400  Data  Lc  user_adv_trace.o [1]
ADV_TRACE_Ctx           0x2000'2604   0x18  Data  Lc  user_adv_trace.o [1]
AHBPrescTable            0x800'df04   0x10  Data  Gb  system_stm32l4xx.o [1]
APBPrescTable            0x800'e354    0x8  Data  Gb  system_stm32l4xx.o [1]
AT_CMD_Get_BR_Slave      0x800'10e9   0x52  Code  Gb  user_app_sensor.o [1]
AT_CMD_Get_ID_Slave      0x800'0fed   0x52  Code  Gb  user_app_sensor.o [1]
AT_CMD_Reset_Slave       0x800'0f45   0x4a  Code  Gb  user_app_sensor.o [1]
AT_CMD_Restore_Slave     0x800'0f8f   0x5e  Code  Gb  user_app_sensor.o [1]
AT_CMD_Set_BR_Slave      0x800'113b   0x94  Code  Gb  user_app_sensor.o [1]
AT_CMD_Set_ID_Slave      0x800'1045   0x96  Code  Gb  user_app_sensor.o [1]
AppComm_DBG_Init_RX_Mode
                         0x800'9351   0x1e  Code  Gb  user_app_comm.o [1]
AppComm_DBG_Init_Uart    0x800'9349    0x8  Code  Gb  user_app_comm.o [1]
AppComm_DBG_Rx_Callback
                         0x800'9377  0x176  Code  Gb  user_app_comm.o [1]
AppComm_DBG_Stop_RX_Mode
                         0x800'9375    0x2  Code  Gb  user_app_comm.o [1]
AppComm_Get_Reset_Source
                         0x800'9311   0x38  Code  Gb  user_app_comm.o [1]
AppComm_IRQ_Timer_CallBack
                         0x800'92d1    0xc  Code  Gb  user_app_comm.o [1]
AppComm_Init             0x800'9213   0x20  Code  Gb  user_app_comm.o [1]
AppComm_Set_Next_TxTimer
                         0x800'92f7    0x2  Code  Gb  user_app_comm.o [1]
AppComm_Task             0x800'9233   0x9e  Code  Gb  user_app_comm.o [1]
AppComm_Uart_Debug_Send
                         0x800'92f9   0x18  Code  Lc  user_app_comm.o [1]
AppRs485_Task            0x800'c1cd   0x84  Code  Gb  user_app_rs485.o [1]
AppSensor_Task           0x800'121d   0x84  Code  Gb  user_app_sensor.o [1]
BUTTON_Down_Process      0x800'6e15  0x170  Code  Gb  button.o [1]
BUTTON_ESC_Process       0x800'6f9d  0x2d0  Code  Gb  button.o [1]
BUTTON_Enter_Process     0x800'667d  0x61e  Code  Gb  button.o [1]
BUTTON_Process           0x800'6549   0x34  Code  Gb  button.o [1]
BUTTON_Up_Process        0x800'6c9b  0x174  Code  Gb  button.o [1]
BUTTON_scan              0x800'657d   0xfe  Code  Gb  button.o [1]
BUTTON_scan::hold       0x2000'2670    0x4  Data  Lc  button.o [1]
BUTTON_scan::last_value
                        0x2000'26ca    0x1  Data  Lc  button.o [1]
BusFault_Handler         0x800'da3b    0x2  Code  Gb  stm32l4xx_it.o [1]
CSTACK$$Base            0x2000'26e0          --   Gb  - Linker created -
CSTACK$$Limit           0x2000'2ae0          --   Gb  - Linker created -
Cal_Time                 0x800'2d6b   0x12  Code  Gb  user_util.o [1]
Calculator_Scale         0x800'3f59   0x54  Code  Gb  user_convert_variable.o [1]
CheckList_AT_CONFIG     0x2000'0628  0x410  Data  Gb  user_at_serial.o [1]
Check_Time_Out           0x800'2d4d   0x1e  Code  Gb  user_util.o [1]
Convert_Point_Int_To_String
                         0x800'3fad   0xce  Code  Gb  user_convert_variable.o [1]
Convert_Point_Int_To_String_Scale
                         0x800'407b   0xea  Code  Gb  user_convert_variable.o [1]
Convert_Scale            0x800'2ebd   0x5c  Code  Gb  user_util.o [1]
Convert_String_To_Dec    0x800'42d5   0x5c  Code  Gb  user_convert_variable.o [1]
Convert_uint32Hex_To_Float
                         0x800'4191  0x144  Code  Gb  user_convert_variable.o [1]
CountBufferHandleRecvSS
                        0x2000'26c4    0x2  Data  Gb  user_app_sensor.o [1]
DMA1_Channel3_IRQHandler
                         0x800'da55    0xa  Code  Gb  stm32l4xx_it.o [1]
DMA1_Channel5_IRQHandler
                         0x800'da5f    0xa  Code  Gb  stm32l4xx_it.o [1]
DMA2_Channel7_IRQHandler
                         0x800'da87    0xa  Code  Gb  stm32l4xx_it.o [1]
DMA_SetConfig            0x800'5711   0x32  Code  Lc  stm32l4xx_hal_dma.o [1]
DaysInMonth              0x800'e2d8    0xc  Data  Lc  user_rtc.o [1]
DaysInMonthLeapYear      0x800'e2e4    0xc  Data  Lc  user_rtc.o [1]
DebugMon_Handler         0x800'da41    0x2  Code  Gb  stm32l4xx_it.o [1]
Display_Check_Password   0x800'2bd1   0x2e  Code  Gb  lcd_display.o [1]
Display_Check_Toggle     0x800'2a61   0xa2  Code  Gb  lcd_display.o [1]
Display_Check_Toggle::Hide
                        0x2000'23a0   0x60  Data  Lc  lcd_display.o [1]
Display_Check_Toggle::LandMarkToggle_u32
                        0x2000'1d40  0x180  Data  Lc  lcd_display.o [1]
Display_Init             0x800'2275   0x82  Code  Gb  lcd_display.o [1]
Display_Set_Screen       0x800'2b9b   0x36  Code  Gb  lcd_display.o [1]
Display_Set_Screen_Flag
                         0x800'2b55   0x46  Code  Gb  lcd_display.o [1]
Display_Show_Oject       0x800'26c1  0x3a0  Code  Gb  lcd_display.o [1]
Display_Show_Screen      0x800'2b03   0x52  Code  Gb  lcd_display.o [1]
Display_Show_State_Sensor_Network
                         0x800'2c13   0x50  Code  Gb  lcd_display.o [1]
Display_Show_State_Setting
                         0x800'2c63   0x5c  Code  Gb  lcd_display.o [1]
Display_Show_Static_Param
                         0x800'2bff   0x14  Code  Gb  lcd_display.o [1]
Display_Task             0x800'22f7   0x7e  Code  Gb  lcd_display.o [1]
Error_Handler            0x800'4e1f    0x4  Code  Gb  main.o [1]
FLASH_FlushCaches        0x800'8bd3   0x6a  Code  Gb  stm32l4xx_hal_flash_ex.o [1]
FLASH_PageErase          0x800'8ba9   0x2a  Code  Gb  stm32l4xx_hal_flash_ex.o [1]
FLASH_Program_DoubleWord
                         0x800'8b37   0x1a  Code  Lc  stm32l4xx_hal_flash.o [1]
FLASH_Program_Fast       0x800'8b51   0x32  Code  Lc  stm32l4xx_hal_flash.o [1]
FLASH_WaitForLastOperation
                         0x800'8ad1   0x66  Code  Gb  stm32l4xx_hal_flash.o [1]
Filter_DO_Per            0x800'0a6d   0xc0  Code  Gb  user_app_sensor.o [1]
Filter_DO_Per::P        0x2000'061c    0x4  Data  Lc  user_app_sensor.o [1]
Filter_DO_Per::x_est    0x2000'269c    0x4  Data  Lc  user_app_sensor.o [1]
Filter_DO_Per::x_est_last
                        0x2000'26a0    0x4  Data  Lc  user_app_sensor.o [1]
Filter_Temp              0x800'0a69    0x2  Code  Gb  user_app_sensor.o [1]
Filter_pH                0x800'09a9   0xc0  Code  Gb  user_app_sensor.o [1]
Filter_pH::P            0x2000'0618    0x4  Data  Lc  user_app_sensor.o [1]
Filter_pH::x_est        0x2000'2694    0x4  Data  Lc  user_app_sensor.o [1]
Filter_pH::x_est_last   0x2000'2698    0x4  Data  Lc  user_app_sensor.o [1]
Find_String_V2           0x800'cb8b  0x130  Code  Gb  user_string.o [1]
Find_str_fix             0x800'ccdd   0x94  Code  Gb  user_string.o [1]
Font5x7                  0x800'd820  0x214  Data  Lc  lcd_display.o [1]
Get_RTC                  0x800'c09d   0x4e  Code  Gb  user_time.o [1]
HAL_DMA_Abort            0x800'556d   0x54  Code  Gb  stm32l4xx_hal_dma.o [1]
HAL_DMA_Abort_IT         0x800'55c1   0x5e  Code  Gb  stm32l4xx_hal_dma.o [1]
HAL_DMA_DeInit           0x800'5401   0xb8  Code  Gb  stm32l4xx_hal_dma.o [1]
HAL_DMA_IRQHandler       0x800'561f   0xf2  Code  Gb  stm32l4xx_hal_dma.o [1]
HAL_DMA_Init             0x800'5321   0xe0  Code  Gb  stm32l4xx_hal_dma.o [1]
HAL_DMA_Start_IT         0x800'54d5   0x98  Code  Gb  stm32l4xx_hal_dma.o [1]
HAL_Delay                0x800'2f69   0x28  Code  Wk  stm32l4xx_hal.o [1]
HAL_FLASH_Lock           0x800'8ac3    0xe  Code  Gb  stm32l4xx_hal_flash.o [1]
HAL_FLASH_Program        0x800'89f1   0xb0  Code  Gb  stm32l4xx_hal_flash.o [1]
HAL_FLASH_Unlock         0x800'8aa1   0x22  Code  Gb  stm32l4xx_hal_flash.o [1]
HAL_GPIO_DeInit          0x800'1973  0x166  Code  Gb  stm32l4xx_hal_gpio.o [1]
HAL_GPIO_Init            0x800'17b1  0x1c2  Code  Gb  stm32l4xx_hal_gpio.o [1]
HAL_GPIO_ReadPin         0x800'1ad9   0x16  Code  Gb  stm32l4xx_hal_gpio.o [1]
HAL_GPIO_WritePin        0x800'1aef   0x18  Code  Gb  stm32l4xx_hal_gpio.o [1]
HAL_GetTick              0x800'4d55    0xc  Code  Wk  stm32l4xx_hal.o [1]
HAL_IncTick              0x800'dabd   0x18  Code  Wk  stm32l4xx_hal.o [1]
HAL_Init                 0x800'8c49   0x24  Code  Gb  stm32l4xx_hal.o [1]
HAL_InitTick             0x800'b385   0x60  Code  Wk  stm32l4xx_hal.o [1]
HAL_MspInit              0x800'b3e9   0x38  Code  Gb  stm32l4xx_hal_msp.o [1]
HAL_NVIC_DisableIRQ      0x800'589b    0xe  Code  Gb  stm32l4xx_hal_cortex.o [1]
HAL_NVIC_EnableIRQ       0x800'588d    0xe  Code  Gb  stm32l4xx_hal_cortex.o [1]
HAL_NVIC_SetPriority     0x800'5863   0x2a  Code  Gb  stm32l4xx_hal_cortex.o [1]
HAL_NVIC_SetPriorityGrouping
                         0x800'5857    0xc  Code  Gb  stm32l4xx_hal_cortex.o [1]
HAL_PWREx_ControlVoltageScaling
                         0x800'9599   0x76  Code  Gb  stm32l4xx_hal_pwr_ex.o [1]
HAL_PWREx_GetVoltageRange
                         0x800'958d    0xc  Code  Gb  stm32l4xx_hal_pwr_ex.o [1]
HAL_RCCEx_PeriphCLKConfig
                         0x800'4e39  0x34c  Code  Gb  stm32l4xx_hal_rcc_ex.o [1]
HAL_RCC_ClockConfig      0x800'80ed  0x17a  Code  Gb  stm32l4xx_hal_rcc.o [1]
HAL_RCC_GetHCLKFreq      0x800'833b    0x6  Code  Gb  stm32l4xx_hal_rcc.o [1]
HAL_RCC_GetPCLK1Freq     0x800'8341   0x1a  Code  Gb  stm32l4xx_hal_rcc.o [1]
HAL_RCC_GetPCLK2Freq     0x800'835b   0x1a  Code  Gb  stm32l4xx_hal_rcc.o [1]
HAL_RCC_GetResetSource   0x800'8385   0x12  Code  Gb  stm32l4xx_hal_rcc.o [1]
HAL_RCC_GetSysClockFreq
                         0x800'8267   0xd4  Code  Gb  stm32l4xx_hal_rcc.o [1]
HAL_RCC_OscConfig        0x800'7a65  0x688  Code  Gb  stm32l4xx_hal_rcc.o [1]
HAL_RTCEx_AlarmBEventCallback
                         0x800'cb89    0x2  Code  Wk  stm32l4xx_hal_rtc_ex.o [1]
HAL_RTCEx_EnableBypassShadow
                         0x800'cd79   0x48  Code  Gb  stm32l4xx_hal_rtc_ex.o [1]
HAL_RTC_AlarmAEventCallback
                         0x800'c8f1    0xc  Code  Gb  user_rtc.o [1]
HAL_RTC_AlarmIRQHandler
                         0x800'ba25   0x60  Code  Gb  stm32l4xx_hal_rtc.o [1]
HAL_RTC_DeactivateAlarm
                         0x800'b94b   0xda  Code  Gb  stm32l4xx_hal_rtc.o [1]
HAL_RTC_GetDate          0x800'b713   0x52  Code  Gb  stm32l4xx_hal_rtc.o [1]
HAL_RTC_GetTime          0x800'b5e1   0x66  Code  Gb  stm32l4xx_hal_rtc.o [1]
HAL_RTC_Init             0x800'b421   0xca  Code  Gb  stm32l4xx_hal_rtc.o [1]
HAL_RTC_MspInit          0x800'8f91   0x50  Code  Gb  rtc.o [1]
HAL_RTC_SetAlarm_IT      0x800'b765  0x1e6  Code  Gb  stm32l4xx_hal_rtc.o [1]
HAL_RTC_SetDate          0x800'b647   0xcc  Code  Gb  stm32l4xx_hal_rtc.o [1]
HAL_RTC_SetTime          0x800'b4eb   0xf6  Code  Gb  stm32l4xx_hal_rtc.o [1]
HAL_RTC_WaitForSynchro   0x800'ba85   0x2e  Code  Gb  stm32l4xx_hal_rtc.o [1]
HAL_SPI_Init             0x800'9bdd   0xf8  Code  Gb  stm32l4xx_hal_spi.o [1]
HAL_SPI_MspInit          0x800'903d   0x62  Code  Gb  spi.o [1]
HAL_SPI_Transmit         0x800'9cd5  0x1fe  Code  Gb  stm32l4xx_hal_spi.o [1]
HAL_SYSTICK_Config       0x800'58a9    0xc  Code  Gb  stm32l4xx_hal_cortex.o [1]
HAL_UARTEx_ReceiveToIdle_DMA
                         0x800'79f1   0x70  Code  Gb  stm32l4xx_hal_uart_ex.o [1]
HAL_UARTEx_RxEventCallback
                         0x800'78ff   0x3e  Code  Gb  user_uart.o [1]
HAL_UARTEx_WakeupCallback
                         0x800'7a61    0x2  Code  Wk  stm32l4xx_hal_uart_ex.o [1]
HAL_UART_ErrorCallback   0x800'793d   0x3e  Code  Gb  user_uart.o [1]
HAL_UART_IRQHandler      0x800'3135  0x35c  Code  Gb  stm32l4xx_hal_uart.o [1]
HAL_UART_Init            0x800'2f91   0x7a  Code  Gb  stm32l4xx_hal_uart.o [1]
HAL_UART_MspDeInit       0x800'1e05   0x80  Code  Gb  usart.o [1]
HAL_UART_MspInit         0x800'1be1  0x224  Code  Gb  usart.o [1]
HAL_UART_Receive_IT      0x800'30d7   0x5e  Code  Gb  stm32l4xx_hal_uart.o [1]
HAL_UART_RxCpltCallback
                         0x800'78c9   0x36  Code  Gb  user_uart.o [1]
HAL_UART_Transmit        0x800'300b   0xcc  Code  Gb  stm32l4xx_hal_uart.o [1]
Handle_Data_Measure      0x800'0425  0x102  Code  Gb  user_app_sensor.o [1]
Handle_Data_Recv_SS_DO   0x800'0675  0x13e  Code  Gb  user_app_sensor.o [1]
Handle_Data_Recv_Sensor
                         0x800'0539   0x20  Code  Gb  user_app_sensor.o [1]
Handle_Data_Trans_SS_DO
                         0x800'056d   0xfe  Code  Gb  user_app_sensor.o [1]
Handle_Data_Trans_Sensor
                         0x800'0527   0x12  Code  Gb  user_app_sensor.o [1]
Handle_Float_To_hexUint32
                         0x800'4341   0x24  Code  Gb  user_convert_variable.o [1]
Handle_State_SS_DO       0x800'07b9   0x6c  Code  Gb  user_app_sensor.o [1]
Handle_State_Sensor      0x800'0559   0x14  Code  Gb  user_app_sensor.o [1]
HardFault_Handler        0x800'da37    0x2  Code  Gb  stm32l4xx_it.o [1]
IndexUartError          0x2000'26db    0x1  Data  Lc  user_uart.o [1]
Init_AppRs485            0x800'c1b7   0x16  Code  Gb  user_app_rs485.o [1]
Init_AppSensor           0x800'11d9   0x3a  Code  Gb  user_app_sensor.o [1]
Init_InforSlaveModbusRTU
                         0x800'48c9   0x30  Code  Gb  user_app_modbus_rtu.o [1]
Init_ParamCalib          0x800'0dc9   0xd0  Code  Gb  user_app_sensor.o [1]
Init_TempAlarm           0x800'0e9d   0xa4  Code  Gb  user_app_sensor.o [1]
Init_UartRs485           0x800'c179   0x3e  Code  Gb  user_app_rs485.o [1]
Insert_String_To_String
                         0x800'4165   0x2a  Code  Gb  user_convert_variable.o [1]
Kind_Trans_Calib        0x2000'26d1    0x1  Data  Gb  user_app_sensor.o [1]
LPUART1_IRQHandler       0x800'da91    0xa  Code  Gb  stm32l4xx_it.o [1]
Liberation_Sans15x21_Numbers
                         0x800'd5f8  0x228  Data  Lc  lcd_display.o [1]
MSIRangeTable            0x800'dbb4   0x30  Data  Gb  system_stm32l4xx.o [1]
MX_DMA_Init              0x800'8e3d   0x60  Code  Gb  dma.o [1]
MX_GPIO_Init             0x800'8c6d  0x1d0  Code  Gb  gpio.o [1]
MX_LPUART1_UART_Init     0x800'1b31   0x38  Code  Gb  usart.o [1]
MX_RTC_Init              0x800'8e9d   0xf4  Code  Gb  rtc.o [1]
MX_SPI2_Init             0x800'8fed   0x50  Code  Gb  spi.o [1]
MX_USART1_UART_Init      0x800'1b69   0x3c  Code  Gb  usart.o [1]
MX_USART3_UART_Init      0x800'1ba5   0x3c  Code  Gb  usart.o [1]
Main_Task                0x800'91b9   0x5a  Code  Gb  user_app_comm.o [1]
MemManage_Handler        0x800'da39    0x2  Code  Gb  stm32l4xx_it.o [1]
ModRTU_CRC               0x800'1427   0x3c  Code  Gb  user_modbus_rtu.o [1]
ModRTU_Master_Read_Frame
                         0x800'1463   0x9c  Code  Gb  user_modbus_rtu.o [1]
ModRTU_Master_Write_Frame
                         0x800'14ff   0xe8  Code  Gb  user_modbus_rtu.o [1]
ModRTU_Slave_ACK_Read_Frame
                         0x800'15e7   0xa2  Code  Gb  user_modbus_rtu.o [1]
ModRTU_Slave_ACK_Write_Frame
                         0x800'1689   0xee  Code  Gb  user_modbus_rtu.o [1]
Modem_Check_AT           0x800'bec1  0x1dc  Code  Gb  user_at_serial.o [1]
Modem_Check_RTU          0x800'48f9  0x37e  Code  Gb  user_app_modbus_rtu.o [1]
NMI_Handler              0x800'da35    0x2  Code  Gb  stm32l4xx_it.o [1]
NONE_Register_CallBack   0x800'44d9    0x6  Code  Gb  user_app_modbus_rtu.o [1]
NVIC_EncodePriority      0x800'57e7   0x40  Code  Lc  stm32l4xx_hal_cortex.o [1]
OldPosDMADebug          0x2000'26c0    0x2  Data  Lc  user_app_comm.o [1]
Old_Value_i16           0x2000'26bc    0x2  Data  Gb  button.o [1]
On_Speaker               0x800'25cb   0x24  Code  Gb  lcd_display.o [1]
OnchipFlashPageErase     0x800'43f1   0x5a  Code  Gb  onchipflash.o [1]
OnchipFlashWriteData     0x800'4365   0x8c  Code  Gb  onchipflash.o [1]
PendSV_Handler           0x800'da43    0x2  Code  Gb  stm32l4xx_it.o [1]
PortConfig              0x2000'26d5    0x1  Data  Gb  user_at_serial.o [1]
RC                       0x800'ccbb   0x22  Code  Gb  user_string.o [1]
RCCEx_PLLSAI1_Config     0x800'5199  0x16e  Code  Lc  stm32l4xx_hal_rcc_ex.o [1]
RCC_SetFlashLatencyFromMSIRange
                         0x800'839d   0x8a  Code  Lc  stm32l4xx_hal_rcc.o [1]
RS485SS_Init_Data        0x800'1ecd   0x10  Code  Gb  user_connect_sensor.o [1]
RS485SS_Init_RX_Mode     0x800'1edd   0x1e  Code  Gb  user_connect_sensor.o [1]
RS485SS_Rx_Callback      0x800'1efd   0x34  Code  Gb  user_connect_sensor.o [1]
RS485SS_Stop_RX_Mode     0x800'1efb    0x2  Code  Gb  user_connect_sensor.o [1]
RS485_Done_Calib         0x800'0b2d   0x1a  Code  Gb  user_app_sensor.o [1]
RS485_Enter_Calib        0x800'0b47   0x1e  Code  Gb  user_app_sensor.o [1]
RS485_Init_RX_Mode       0x800'b0d9   0x1e  Code  Gb  user_rs485.o [1]
RS485_LogData_Calib      0x800'0b65   0x78  Code  Gb  user_app_sensor.o [1]
RS485_Rx_Callback        0x800'b0f9   0x3c  Code  Gb  user_rs485.o [1]
RS485_Stop_RX_Mode       0x800'b0f7    0x2  Code  Gb  user_rs485.o [1]
RTC_AlarmStructure      0x2000'2508   0x2c  Data  Lc  user_rtc.o [1]
RTC_Alarm_IRQHandler     0x800'da7d    0xa  Code  Gb  stm32l4xx_it.o [1]
RTC_Bcd2ToByte           0x800'bb99   0x16  Code  Gb  stm32l4xx_hal_rtc.o [1]
RTC_ByteToBcd2           0x800'bb7d   0x1c  Code  Gb  stm32l4xx_hal_rtc.o [1]
RTC_EnterInitMode        0x800'bab3   0x4c  Code  Gb  stm32l4xx_hal_rtc.o [1]
RTC_ExitInitMode         0x800'baff   0x58  Code  Gb  stm32l4xx_hal_rtc.o [1]
RTC_GetCalendarValue     0x800'cac3   0x90  Code  Lc  user_rtc.o [1]
RTC_IF_Convert_Tick2ms   0x800'c8e1   0x10  Code  Gb  user_rtc.o [1]
RTC_IF_Convert_ms2Tick   0x800'c8cf   0x12  Code  Gb  user_rtc.o [1]
RTC_IF_GetMinimumTimeout
                         0x800'c8cb    0x4  Code  Gb  user_rtc.o [1]
RTC_IF_GetTimerContext   0x800'c88f    0x8  Code  Gb  user_rtc.o [1]
RTC_IF_GetTimerElapsedTime
                         0x800'c897   0x16  Code  Gb  user_rtc.o [1]
RTC_IF_GetTimerValue     0x800'c8ad   0x1e  Code  Gb  user_rtc.o [1]
RTC_IF_Init              0x800'c819   0x30  Code  Gb  user_rtc.o [1]
RTC_IF_SetTimerContext   0x800'c879   0x16  Code  Gb  user_rtc.o [1]
RTC_IF_StartTimer        0x800'c849    0xe  Code  Gb  user_rtc.o [1]
RTC_IF_StopTimer         0x800'c857   0x22  Code  Gb  user_rtc.o [1]
RTC_Initalized          0x2000'26da    0x1  Data  Lc  user_rtc.o [1]
RTC_StartWakeUpAlarm     0x800'c8fd  0x1c6  Code  Lc  user_rtc.o [1]
ReInit_Rx_Mode_Uart_Error
                         0x800'797b   0x5a  Code  Gb  user_uart.o [1]
Read_Register_Rs485      0x800'0c09   0x66  Code  Gb  user_app_sensor.o [1]
Region$$Table$$Base      0x800'dcac          --   Gb  - Linker created -
Region$$Table$$Limit     0x800'dccc          --   Gb  - Linker created -
Reset_Buff               0x800'2ddd   0x24  Code  Gb  user_util.o [1]
Rs485SSStatus_u8        0x2000'26d7    0x1  Data  Gb  user_connect_sensor.o [1]
Rs485Status_u8          0x2000'26d9    0x1  Data  Gb  user_rs485.o [1]
RtCountSystick_u32      0x2000'26ac    0x4  Data  Gb  user_util.o [1]
RtcTimerContext         0x2000'25d0   0x1c  Data  Lc  user_rtc.o [1]
SPI_EndRxTxTransaction   0x800'a09d   0x6a  Code  Lc  stm32l4xx_hal_spi.o [1]
SPI_WaitFifoStateUntilTimeout
                         0x800'9fab   0xee  Code  Lc  stm32l4xx_hal_spi.o [1]
SPI_WaitFlagStateUntilTimeout
                         0x800'9ed3   0xd8  Code  Lc  stm32l4xx_hal_spi.o [1]
SVC_Handler              0x800'da3f    0x2  Code  Gb  stm32l4xx_it.o [1]
Save_Array               0x800'4451   0x86  Code  Gb  onchipflash.o [1]
Save_InforSlaveModbusRTU
                         0x800'4885   0x44  Code  Gb  user_app_modbus_rtu.o [1]
Save_ParamCalib          0x800'0cbd   0xfe  Code  Gb  user_app_sensor.o [1]
Send_RS458_Master        0x800'484d   0x38  Code  Gb  user_app_modbus_rtu.o [1]
Send_RS458_Sensor        0x800'0c6f   0x3e  Code  Gb  user_app_sensor.o [1]
SysApp_Init              0x800'9171    0xc  Code  Gb  user_app_comm.o [1]
SysApp_Setting           0x800'917d   0x3c  Code  Gb  user_app_comm.o [1]
SysTick_Config           0x800'5827   0x30  Code  Lc  stm32l4xx_hal_cortex.o [1]
SysTick_Handler          0x800'da45   0x10  Code  Gb  stm32l4xx_it.o [1]
SystemClock_Config       0x800'4d8d   0x92  Code  Gb  main.o [1]
SystemCoreClock         0x2000'03fc    0x4  Data  Gb  system_stm32l4xx.o [1]
SystemInit               0x800'e0f5    0xc  Code  Gb  system_stm32l4xx.o [1]
TRACE_AllocateBufer      0x800'b2a9   0xa2  Code  Lc  user_adv_trace.o [1]
TRACE_IsLocked           0x800'b35f   0x10  Code  Lc  user_adv_trace.o [1]
TRACE_Lock               0x800'b34b    0xa  Code  Lc  user_adv_trace.o [1]
TRACE_Send               0x800'b223   0x84  Code  Lc  user_adv_trace.o [1]
TRACE_UnLock             0x800'b355    0xa  Code  Lc  user_adv_trace.o [1]
TimerExists              0x800'be29   0x1a  Code  Gb  user_timer.o [1]
TimerInsertNewHeadTimer
                         0x800'be9d   0x1c  Code  Gb  user_timer.o [1]
TimerInsertTimer         0x800'be6f   0x2e  Code  Gb  user_timer.o [1]
TimerListHead           0x2000'26a8    0x4  Data  Lc  user_timer.o [1]
TimerSetTimeout          0x800'be43   0x2c  Code  Gb  user_timer.o [1]
TimerTx                 0x2000'261c   0x18  Data  Lc  user_app_comm.o [1]
TxCpltCallback          0x2000'2688    0x4  Data  Lc  user_app_comm.o [1]
UART_AdvFeatureConfig    0x800'378d   0xda  Code  Gb  stm32l4xx_hal_uart.o [1]
UART_CheckIdleState      0x800'3867   0xd2  Code  Gb  stm32l4xx_hal_uart.o [1]
UART_DMAAbortOnError     0x800'3d19   0x1a  Code  Lc  stm32l4xx_hal_uart.o [1]
UART_DMAError            0x800'3cc9   0x50  Code  Lc  stm32l4xx_hal_uart.o [1]
UART_DMAReceiveCplt      0x800'3bfd   0xa2  Code  Lc  stm32l4xx_hal_uart.o [1]
UART_DMARxHalfCplt       0x800'3ca1   0x28  Code  Lc  stm32l4xx_hal_uart.o [1]
UART_EndRxTransfer       0x800'3b9f   0x5e  Code  Lc  stm32l4xx_hal_uart.o [1]
UART_EndTransmit_IT      0x800'3d33   0x2a  Code  Lc  stm32l4xx_hal_uart.o [1]
UART_EndTxTransfer       0x800'3b83   0x1c  Code  Lc  stm32l4xx_hal_uart.o [1]
UART_RxISR_16BIT         0x800'3e51   0xee  Code  Lc  stm32l4xx_hal_uart.o [1]
UART_RxISR_8BIT          0x800'3d5d   0xec  Code  Lc  stm32l4xx_hal_uart.o [1]
UART_SetConfig           0x800'3495  0x2ec  Code  Gb  stm32l4xx_hal_uart.o [1]
UART_Start_Receive_DMA   0x800'3ac7   0xbc  Code  Gb  stm32l4xx_hal_uart.o [1]
UART_Start_Receive_IT    0x800'39d7   0xf0  Code  Gb  stm32l4xx_hal_uart.o [1]
UART_WaitOnFlagUntilTimeout
                         0x800'3939   0x9e  Code  Gb  stm32l4xx_hal_uart.o [1]
USART1_IRQHandler        0x800'da69    0xa  Code  Gb  stm32l4xx_it.o [1]
USART3_IRQHandler        0x800'da73    0xa  Code  Gb  stm32l4xx_it.o [1]
UTIL_ADV_TRACE_COND_FSend
                         0x800'b149   0xda  Code  Gb  user_adv_trace.o [1]
UTIL_Log_Str             0x800'2e61   0x36  Code  Gb  user_util.o [1]
UTIL_MEM_cpy             0x800'2e9d   0x1e  Code  Gb  user_util.o [1]
UTIL_MEM_set             0x800'2e01   0x18  Code  Gb  user_util.o [1]
UTIL_Printf              0x800'2e19   0x2c  Code  Gb  user_util.o [1]
UTIL_Printf_Str          0x800'2e45   0x1c  Code  Gb  user_util.o [1]
UTIL_TIMER_Create        0x800'bbc5   0x4c  Code  Gb  user_timer.o [1]
UTIL_TIMER_IRQ_Handler   0x800'bd77   0xb2  Code  Gb  user_timer.o [1]
UTIL_TIMER_Init          0x800'bbb1   0x14  Code  Gb  user_timer.o [1]
UTIL_TIMER_SetPeriod     0x800'bd3d   0x3a  Code  Gb  user_timer.o [1]
UTIL_TIMER_Start         0x800'bc11   0x92  Code  Gb  user_timer.o [1]
UTIL_TIMER_Stop          0x800'bca3   0x9a  Code  Gb  user_timer.o [1]
UTIL_TimerDriver         0x800'dbe4   0x2c  Data  Gb  user_rtc.o [1]
UTIL_TraceDriver         0x800'e170    0xc  Data  Gb  user_app_comm.o [1]
Uart485RxByte           0x2000'26d8    0x1  Data  Lc  user_rs485.o [1]
Uart485SSRxByte         0x2000'26d6    0x1  Data  Lc  user_connect_sensor.o [1]
UartDebugBuff           0x2000'0a90  0x4b0  Data  Gb  user_app_comm.o [1]
UartDebugCountFail      0x2000'26c8    0x2  Data  Lc  user_uart.o [1]
UartDebugRxByte         0x2000'26ce    0x1  Data  Gb  user_app_comm.o [1]
Update_ParaDisplay       0x800'25f1   0xca  Code  Gb  lcd_display.o [1]
UsageFault_Handler       0x800'da3d    0x2  Code  Gb  stm32l4xx_it.o [1]
User_RTC_Init            0x800'c7e1   0x38  Code  Lc  user_rtc.o [1]
UtilFloatToString        0x800'2f19   0x2e  Code  Gb  user_util.o [1]
UtilIntToStringWithScale
                         0x800'2d7d   0x60  Code  Gb  user_util.o [1]
VLevelDebug             0x2000'0a8c    0x1  Data  Gb  user_util.o [1]
_Cb_Display_Auto_SW      0x800'24eb   0x7e  Code  Lc  lcd_display.o [1]
_Cb_Display_Auto_SW::MarkButtPressed
                        0x2000'26cd    0x1  Data  Lc  lcd_display.o [1]
_Cb_Display_Auto_SW::cNext
                        0x2000'26be    0x2  Data  Lc  lcd_display.o [1]
_Cb_Display_Init         0x800'2375   0x52  Code  Lc  lcd_display.o [1]
_Cb_Display_Logo         0x800'23c7   0xa8  Code  Lc  lcd_display.o [1]
_Cb_Display_Logo::step_u8
                        0x2000'26cb    0x1  Data  Lc  lcd_display.o [1]
_Cb_Display_Show         0x800'246f   0x7c  Code  Lc  lcd_display.o [1]
_Cb_Display_Show::LandMarkChange_u32
                        0x2000'2680    0x4  Data  Lc  lcd_display.o [1]
_Cb_Display_Show::ScreenLast
                        0x2000'26cc    0x1  Data  Lc  lcd_display.o [1]
_Cb_HandLer_IDLE         0x800'915f    0x6  Code  Lc  user_app_comm.o [1]
_Cb_Off_Speaker          0x800'25b5   0x16  Code  Lc  lcd_display.o [1]
_Cb_R_ModbusRTU_REG_Baudrate
                         0x800'4585   0x2e  Code  Gb  user_app_modbus_rtu.o [1]
_Cb_R_ModbusRTU_REG_DO_Per_Measure
                         0x800'46d5   0x5a  Code  Gb  user_app_modbus_rtu.o [1]
_Cb_R_ModbusRTU_REG_ID   0x800'44df   0x2e  Code  Gb  user_app_modbus_rtu.o [1]
_Cb_R_ModbusRTU_REG_Salt_Compensation
                         0x800'472f   0x5a  Code  Gb  user_app_modbus_rtu.o [1]
_Cb_R_ModbusRTU_REG_Temp_Measure
                         0x800'467b   0x5a  Code  Gb  user_app_modbus_rtu.o [1]
_Cb_R_ModbusRTU_REG_pH_Measure
                         0x800'4621   0x5a  Code  Gb  user_app_modbus_rtu.o [1]
_Cb_Save_Box             0x800'916b    0x6  Code  Lc  user_app_comm.o [1]
_Cb_Set_RTC              0x800'9143   0x1c  Code  Lc  user_app_comm.o [1]
_Cb_TX_Timer_Event       0x800'92dd   0x1a  Code  Lc  user_app_comm.o [1]
_Cb_Timer_IRQ            0x800'90b5    0xc  Code  Lc  user_app_comm.o [1]
_Cb_Tx_Timer             0x800'9165    0x6  Code  Lc  user_app_comm.o [1]
_Cb_Uart_Error           0x800'9137    0xc  Code  Lc  user_app_comm.o [1]
_Cb_Uart_Rx_Debug        0x800'90c1   0x76  Code  Lc  user_app_comm.o [1]
_Cb_Uart_Rx_Debug::LastLengthRecv
                        0x2000'26c2    0x2  Data  Lc  user_app_comm.o [1]
_Cb_Uart_Rx_Debug::MarkFirstRecvUart
                        0x2000'26cf    0x1  Data  Lc  user_app_comm.o [1]
_Cb_W_ModbusRTU_REG_Baudrate
                         0x800'45b3   0x6e  Code  Gb  user_app_modbus_rtu.o [1]
_Cb_W_ModbusRTU_REG_ID   0x800'450d   0x78  Code  Gb  user_app_modbus_rtu.o [1]
_Cb_W_ModbusRTU_REG_Salt_Compensation
                         0x800'4789   0xc4  Code  Gb  user_app_modbus_rtu.o [1]
_Cb_button_detect        0x800'259d   0x18  Code  Lc  lcd_display.o [1]
_Cb_button_scan          0x800'2569   0x34  Code  Lc  lcd_display.o [1]
_LitobFullNoMb           0x800'aed1  0x10a  Code  Lc  xprintffull_nomb.o [2]
_Locale_lconv           0x2000'0a50   0x38  Data  Lc  xlocale_c.o [2]
_PrintfFullNoMb          0x800'a111  0xd9c  Code  Gb  xprintffull_nomb.o [2]
_PutcharFullNoMb         0x800'b041   0x20  Code  Lc  xprintffull_nomb.o [2]
_PutcharsFullNoMb        0x800'b061   0x2e  Code  Lc  xprintffull_nomb.o [2]
_SProut                  0x800'1fa3    0xa  Code  Gb  xsprout.o [2]
__NVIC_DisableIRQ        0x800'5795   0x26  Code  Lc  stm32l4xx_hal_cortex.o [1]
__NVIC_EnableIRQ         0x800'5775   0x20  Code  Lc  stm32l4xx_hal_cortex.o [1]
__NVIC_GetPriorityGrouping
                         0x800'5767    0xc  Code  Lc  stm32l4xx_hal_cortex.o [1]
__NVIC_SetPriority       0x800'57bb   0x2c  Code  Lc  stm32l4xx_hal_cortex.o [1]
__NVIC_SetPriorityGrouping
                         0x800'5745   0x22  Code  Lc  stm32l4xx_hal_cortex.o [1]
__aeabi_cdcmpeq          0x800'9621         Code  Gb  DblCmpEq.o [3]
__aeabi_cdcmple          0x800'96b1         Code  Gb  DblCmpLe.o [3]
__aeabi_cdrcmple         0x800'97c5         Code  Gb  DblCmpGe.o [3]
__aeabi_d2f              0x800'220d         Code  Gb  DblToFlt.o [3]
__aeabi_d2iz             0x800'89b5         Code  Gb  DblToS32.o [3]
__aeabi_d2uiz            0x800'c461         Code  Gb  DblToU32.o [3]
__aeabi_dadd             0x800'8839         Code  Gb  DblAdd.o [3]
__aeabi_ddiv             0x800'1fc5         Code  Gb  DblDiv.o [3]
__aeabi_dmul             0x800'8695         Code  Gb  DblMul.o [3]
__aeabi_dsub             0x800'96e1         Code  Gb  DblSub.o [3]
__aeabi_f2d              0x800'1f41         Code  Gb  FltToDbl.o [3]
__aeabi_i2d              0x800'7865         Code  Gb  S32ToDbl.o [3]
__aeabi_ldiv0            0x800'b3e5         Code  Gb  I64DivZer.o [4]
__aeabi_memcpy           0x800'4cad         Code  Gb  ABImemcpy.o [4]
__aeabi_memcpy4          0x800'4ccd         Code  Gb  ABImemcpy.o [4]
__aeabi_memcpy8          0x800'4ccd         Code  Gb  ABImemcpy.o [4]
__aeabi_memset           0x800'13c1         Code  Gb  ABImemset.o [4]
__aeabi_ui2d             0x800'1f89         Code  Gb  U32ToDbl.o [3]
__aeabi_uldivmod         0x800'8461         Code  Gb  I64DivMod.o [4]
__cmain                  0x800'dd0d         Code  Gb  cmain.o [4]
__exit                   0x800'cdc1   0x14  Code  Gb  exit.o [5]
__iar_Exp64              0x800'97f5  0x388  Code  Gb  iar_Exp64.o [3]
__iar_Fail_s             0x800'c3c9   0x1c  Code  Gb  xfail_s.o [2]
__iar_Memchr             0x800'c409         Code  Gb  memchr.o [4]
__iar_Memset             0x800'13c1         Code  Gb  ABImemset.o [4]
__iar_Memset_word        0x800'13c9         Code  Gb  ABImemset.o [4]
__iar_Strchr             0x800'c3b1         Code  Gb  strchr.o [4]
__iar_dadd               0x800'96f1         Code  Gb  DblSub.o [3]
__iar_data_init3         0x800'dc61   0x28  Code  Gb  data_init.o [4]
__iar_dsub               0x800'8849         Code  Gb  DblAdd.o [3]
__iar_dsubStart          0x800'885b         Code  Gb  DblAdd.o [3]
__iar_frexp              0x800'964d         Code  Gb  frexp.o [3]
__iar_frexpl             0x800'964d         Code  Gb  frexp.o [3]
__iar_init_vfp           0x800'dc89         Code  Gb  fpinit_M.o [3]
__iar_ldexp64            0x800'c275         Code  Gb  ldexp.o [3]
__iar_lz77_init_single3
                         0x800'dad5   0x78  Code  Gb  lz77_init_single.o [4]
__iar_pow64              0x800'58d9  0x6ec  Code  Gb  pow64.o [3]
__iar_pow_medium         0x800'58d9  0x6ec  Code  Gb  pow64.o [3]
__iar_pow_medium64       0x800'58d9  0x6ec  Code  Gb  pow64.o [3]
__iar_pow_mediuml        0x800'58d9  0x6ec  Code  Gb  pow64.o [3]
__iar_program_start      0x800'e2f1         Code  Gb  cstartup_M.o [4]
__iar_scalbln64          0x800'c275         Code  Gb  ldexp.o [3]
__iar_scalbn64           0x800'c275         Code  Gb  ldexp.o [3]
__iar_softfp___iar_frexp64
                         0x800'9641         Code  Gb  frexp.o [3]
__iar_softfp_frexp       0x800'9641         Code  Gb  frexp.o [3]
__iar_softfp_frexpl      0x800'9641         Code  Gb  frexp.o [3]
__iar_vfp_pow            0x800'1fb3   0x10  Code  Gb  math_wrappers64.o [3]
__iar_zero_init3         0x800'1777   0x3a  Code  Gb  zero_init3.o [4]
__low_level_init         0x800'dd2b    0x4  Code  Gb  low_level_init.o [2]
__vector_table           0x800'0000         Data  Gb  startup_stm32l433xx.o [1]
_call_main               0x800'dd19         Code  Gb  cmain.o [4]
_exit                    0x800'dd35         Code  Gb  cexit.o [4]
_main                    0x800'dd27         Code  Gb  cmain.o [4]
aAT_CMD                 0x2000'2258   0x80  Data  Lc  user_at_serial.o [1]
aBaudrate_value         0x2000'050c   0x2c  Data  Gb  user_app_modbus_rtu.o [1]
aDATA_CALIB             0x2000'268c    0x4  Data  Gb  user_app_sensor.o [1]
aDATA_CONFIG            0x2000'2058   0x80  Data  Lc  user_app_modbus_rtu.o [1]
aDATA_CONFIG            0x2000'21d8   0x80  Data  Lc  user_at_serial.o [1]
aDATA_LOG_REGISTER      0x2000'20d8   0x80  Data  Lc  user_app_modbus_rtu.o [1]
aPASSWORD               0x2000'0084    0x4  Data  Gb  lcd_display.o [1]
aSTT_SETTING_DONE       0x2000'00b8   0x10  Data  Gb  lcd_display.o [1]
aSTT_SETTING_ENTER      0x2000'0098   0x10  Data  Gb  lcd_display.o [1]
aSTT_SETTING_ERROR      0x2000'00c8   0x10  Data  Gb  lcd_display.o [1]
aSTT_SETTING_FREE       0x2000'0088   0x10  Data  Gb  lcd_display.o [1]
aSTT_SETTING_WAIT       0x2000'00a8   0x10  Data  Gb  lcd_display.o [1]
aSampling_STT           0x2000'2534   0x28  Data  Gb  user_app_sensor.o [1]
aSampling_VALUE         0x2000'255c   0x28  Data  Gb  user_app_sensor.o [1]
aTEST                   0x2000'0000    0xc  Data  Lc  button.o [1]
aUART_485SS_DATA        0x2000'1940  0x200  Data  Lc  user_connect_sensor.o [1]
aUART_485_DATA          0x2000'1b40  0x200  Data  Lc  user_rs485.o [1]
aUART_DBG_DMA_RX        0x2000'233c   0x64  Data  Lc  user_app_comm.o [1]
abort                    0x800'cd71    0x6  Code  Gb  abort.o [2]
abs                      0x800'a107    0x8  Code  Gb  abs.o [2]
aframe                  0x2000'2158   0x80  Data  Gb  user_app_modbus_rtu.o [1]
bmp_SV_logo_12864        0x800'd1f8  0x400  Data  Gb  unit_tests.o [1]
charNotDetectPress      0x2000'0a8a    0x1  Data  Lc  lcd_display.o [1]
delay_ms                 0x800'6059    0xc  Code  Gb  STM32L4.o [1]
ee_number                0x800'c4b9  0x146  Code  Lc  user_tiny_vsnprintf.o [1]
ee_skip_atoi             0x800'c491   0x28  Code  Lc  user_tiny_vsnprintf.o [1]
exit                     0x800'dd2f    0x4  Code  Gb  exit.o [2]
fevent_active            0x800'136d   0x1e  Code  Gb  event_driven.o [1]
fevent_detect_salt_recv
                         0x800'031b   0x1c  Code  Lc  user_app_sensor.o [1]
fevent_disable           0x800'13af   0x12  Code  Gb  event_driven.o [1]
fevent_enable            0x800'138b   0x24  Code  Gb  event_driven.o [1]
fevent_refresh_wdg_hard
                         0x800'034b   0x52  Code  Lc  user_app_sensor.o [1]
fevent_refresh_wdg_hard::state
                        0x2000'26d2    0x1  Data  Lc  user_app_sensor.o [1]
fevent_rs485_entry       0x800'c0f5   0x12  Code  Lc  user_app_rs485.o [1]
fevent_rs485_init_uart   0x800'c107   0x2e  Code  Lc  user_app_rs485.o [1]
fevent_rs485_init_uart::stamp
                        0x2000'26d0    0x1  Data  Lc  user_app_rs485.o [1]
fevent_rs485_receive_complete
                         0x800'c135   0x24  Code  Lc  user_app_rs485.o [1]
fevent_rs485_refresh     0x800'c159   0x20  Code  Lc  user_app_rs485.o [1]
fevent_sensor_entry      0x800'018d   0x12  Code  Lc  user_app_sensor.o [1]
fevent_sensor_receive_complete
                         0x800'0251   0xb6  Code  Lc  user_app_sensor.o [1]
fevent_sensor_receive_handle
                         0x800'0211   0x40  Code  Lc  user_app_sensor.o [1]
fevent_sensor_reset      0x800'039d   0x88  Code  Lc  user_app_sensor.o [1]
fevent_sensor_reset::state
                        0x2000'26d3    0x1  Data  Lc  user_app_sensor.o [1]
fevent_sensor_transmit   0x800'019f   0x72  Code  Lc  user_app_sensor.o [1]
fevent_sensor_wait_calib
                         0x800'0307   0x14  Code  Lc  user_app_sensor.o [1]
fevent_temp_alarm        0x800'0337   0x14  Code  Lc  user_app_sensor.o [1]
font_current            0x2000'2644    0xc  Data  Gb  text.o [1]
glcd_ST7565R_init        0x800'6515   0x34  Code  Gb  ST7565R.o [1]
glcd_bbox               0x2000'2674    0x4  Data  Gb  glcd.o [1]
glcd_bbox_refresh        0x800'639d   0x1c  Code  Gb  glcd.o [1]
glcd_bbox_selected      0x2000'267c    0x4  Data  Gb  glcd.o [1]
glcd_buffer             0x2000'0f40  0x400  Data  Gb  glcd.o [1]
glcd_buffer_selected    0x2000'2678    0x4  Data  Gb  glcd.o [1]
glcd_clear_buffer        0x800'63b9   0x24  Code  Gb  glcd.o [1]
glcd_command             0x800'63f1   0x1a  Code  Gb  ST7565R.o [1]
glcd_data                0x800'640b   0x1a  Code  Gb  ST7565R.o [1]
glcd_draw_bitmap         0x800'783d   0x1e  Code  Gb  graphics.o [1]
glcd_draw_char_xy        0x800'72ef  0x33a  Code  Gb  text.o [1]
glcd_draw_line           0x800'7731  0x10c  Code  Gb  graphics.o [1]
glcd_draw_string_xy      0x800'7629   0x38  Code  Gb  text.o [1]
glcd_enable_backlight    0x800'5fe9    0x2  Code  Gb  STM32L4.o [1]
glcd_init                0x800'5fc5   0x24  Code  Gb  STM32L4.o [1]
glcd_reset               0x800'6015   0x34  Code  Gb  STM32L4.o [1]
glcd_reset_bbox          0x800'6381   0x1c  Code  Gb  glcd.o [1]
glcd_select_screen       0x800'63dd    0xa  Code  Gb  glcd.o [1]
glcd_set_column_lower    0x800'6489    0xe  Code  Gb  ST7565R.o [1]
glcd_set_column_upper    0x800'6473   0x16  Code  Gb  ST7565R.o [1]
glcd_set_contrast        0x800'6425   0x24  Code  Gb  ST7565R.o [1]
glcd_set_font            0x800'72d5   0x1a  Code  Gb  text.o [1]
glcd_set_pixel           0x800'7665   0xcc  Code  Gb  graphics.o [1]
glcd_set_x_address       0x800'645d   0x16  Code  Gb  ST7565R.o [1]
glcd_set_y_address       0x800'6449   0x14  Code  Gb  ST7565R.o [1]
glcd_spi_write           0x800'5feb   0x2a  Code  Gb  STM32L4.o [1]
glcd_test_bitmap_128x64
                         0x800'62f5    0xe  Code  Gb  unit_tests.o [1]
glcd_tiny_draw_char      0x800'607f  0x21a  Code  Gb  text_tiny.o [1]
glcd_tiny_draw_string    0x800'6299   0x54  Code  Gb  text_tiny.o [1]
glcd_tiny_set_font       0x800'6065   0x1a  Code  Gb  text_tiny.o [1]
glcd_update_bbox         0x800'6309   0x78  Code  Gb  glcd.o [1]
glcd_write               0x800'6497   0x70  Code  Gb  ST7565R.o [1]
hdma_lpuart_rx          0x2000'2400   0x48  Data  Gb  usart.o [1]
hdma_usart1_rx          0x2000'2448   0x48  Data  Gb  usart.o [1]
hdma_usart3_rx          0x2000'2490   0x48  Data  Gb  usart.o [1]
hlpuart1                0x2000'1ec0   0x88  Data  Gb  usart.o [1]
hrtc                    0x2000'25ac   0x24  Data  Gb  rtc.o [1]
hspi2                   0x2000'22d8   0x64  Data  Gb  spi.o [1]
huart1                  0x2000'1f48   0x88  Data  Gb  usart.o [1]
huart3                  0x2000'1fd0   0x88  Data  Gb  usart.o [1]
ldexp                    0x800'c275         Code  Gb  ldexp.o [3]
ldexpl                   0x800'c275         Code  Gb  ldexp.o [3]
lnbias                   0x800'cdd8  0x420  Data  Lc  pow64.o [3]
localeconv               0x800'c489    0x4  Code  Gb  xlocale_c.o [2]
lower_digits            0x2000'0a48    0x4  Data  Lc  user_tiny_vsnprintf.o [1]
main                     0x800'4d61   0x2c  Code  Gb  main.o [1]
memchr                   0x800'c409         Code  Gb  memchr.o [4]
memset                   0x800'4e23   0x14  Code  Gb  memset.o [4]
pFlash                  0x2000'03dc   0x20  Data  Gb  stm32l4xx_hal_flash.o [1]
pFunc_UTIL_Debug_Send   0x2000'26b4    0x4  Data  Gb  user_util.o [1]
pFunc_UTIL_Log_To_Mem   0x2000'26b0    0x4  Data  Gb  user_util.o [1]
pModemProcessIRQTimer   0x2000'26a4    0x4  Data  Gb  user_rtc.o [1]
pow                      0x800'58d9  0x6ec  Code  Gb  pow64.o [3]
powl                     0x800'58d9  0x6ec  Code  Gb  pow64.o [3]
quickSort_Sampling       0x800'0825   0x9a  Code  Gb  user_app_sensor.o [1]
quickSort_Sampling_Value
                         0x800'08c1   0xdc  Code  Gb  user_app_sensor.o [1]
quickSort_Sampling_Value::Handle_Once
                        0x2000'26d4    0x1  Data  Lc  user_app_sensor.o [1]
sButton                 0x2000'25ec   0x18  Data  Gb  button.o [1]
sCheckList_Reg_Modbus_RTU
                        0x2000'0480   0x8c  Data  Gb  user_app_modbus_rtu.o [1]
sData_Calib             0x2000'0610    0x8  Data  Gb  user_app_sensor.o [1]
sEventAppComm           0x2000'0400   0x70  Data  Gb  user_app_comm.o [1]
sEventAppRs485          0x2000'0540   0x40  Data  Gb  user_app_rs485.o [1]
sEventAppSensor         0x2000'0580   0x90  Data  Gb  user_app_sensor.o [1]
sEventDisplay           0x2000'000c   0x70  Data  Gb  lcd_display.o [1]
sFirmVersion            0x2000'0470    0x8  Data  Gb  user_app_comm.o [1]
sHandleRs485            0x2000'2690    0x4  Data  Gb  user_app_sensor.o [1]
sKindMode485            0x2000'26c6    0x2  Data  Gb  user_app_sensor.o [1]
sLCD                    0x2000'2634   0x10  Data  Gb  lcd_display.o [1]
sLCDObject              0x2000'00d8  0x300  Data  Gb  lcd_display.o [1]
sLogData_ModbusRTU      0x2000'0538    0x8  Data  Gb  user_app_modbus_rtu.o [1]
sModelVersion           0x2000'007c    0x8  Data  Gb  lcd_display.o [1]
sParaDisplay            0x2000'24d8   0x30  Data  Gb  lcd_display.o [1]
sRTC                    0x2000'265c    0xc  Data  Gb  user_util.o [1]
sSaltPSU_RecvMaster     0x2000'2668    0x8  Data  Gb  user_app_sensor.o [1]
sSensor_DO              0x2000'2584   0x28  Data  Gb  user_app_sensor.o [1]
sSlave_ModbusRTU        0x2000'0a88    0x2  Data  Gb  user_app_modbus_rtu.o [1]
sTempAlarm              0x2000'2650    0xc  Data  Gb  user_app_sensor.o [1]
sUart485                0x2000'0a40    0x8  Data  Gb  user_rs485.o [1]
sUart485SS              0x2000'0a38    0x8  Data  Gb  user_connect_sensor.o [1]
sUartDebug              0x2000'0478    0x8  Data  Gb  user_app_comm.o [1]
scalbln                  0x800'c275         Code  Gb  ldexp.o [3]
scalblnl                 0x800'c275         Code  Gb  ldexp.o [3]
scalbn                   0x800'c275         Code  Gb  ldexp.o [3]
scalbnl                  0x800'c275         Code  Gb  ldexp.o [3]
scale                    0x800'afdb   0x46  Code  Lc  xprintffull_nomb.o [2]
sec_hand                0x2000'26b8    0x4  Data  Lc  xfail_s.o [2]
sprintf                  0x800'7889   0x40  Code  Gb  sprintf.o [2]
strATcmd                0x2000'0620    0x8  Data  Gb  user_at_serial.o [1]
strchr                   0x800'c3b1         Code  Gb  strchr.o [4]
strlen                   0x800'729d         Code  Gb  strlen.o [4]
sztmp                   0x2000'1740  0x200  Data  Lc  user_adv_trace.o [1]
tiny_vsnprintf_like      0x800'c5ff  0x1d6  Code  Gb  user_tiny_vsnprintf.o [1]
upper_digits            0x2000'0a4c    0x4  Data  Lc  user_tiny_vsnprintf.o [1]
uwTick                  0x2000'2684    0x4  Data  Gb  stm32l4xx_hal.o [1]
uwTickFreq              0x2000'0a8b    0x1  Data  Gb  stm32l4xx_hal.o [1]
uwTickPrio              0x2000'03d8    0x4  Data  Gb  stm32l4xx_hal.o [1]
vcom_DeInit              0x800'94f7   0x1e  Code  Gb  user_app_comm.o [1]
vcom_Init                0x800'94ed    0xa  Code  Gb  user_app_comm.o [1]
vcom_Trace_DMA           0x800'9515   0x24  Code  Gb  user_app_comm.o [1]


[1] = D:\Saoviet_Git\Saoviet_EnviroTrack_M_And_S_RawWater\Project_Slave_Chemins_DO\Project_Slave_Sensor_EnviroTrack\EWARM\Project_Slave_Sensor_EnviroTrack\Obj
[2] = dl7M_tlf.a
[3] = m7M_tls.a
[4] = rt7M_tl.a
[5] = shb_l.a

  53'373 bytes of readonly  code memory
   6'395 bytes of readonly  data memory
  10'969 bytes of readwrite data memory

Errors: none
Warnings: none
